[1/2] Linking CXX shared library lib/liblagom-web.0.0.0.dylib
FAILED: [code=1] lib/liblagom-web.0.0.0.dylib 
: && /usr/bin/c++ -O2 -g -DNDEBUG -arch arm64 -isysroot /Applications/Xcode.app/Contents/Developer/Platforms/MacOSX.platform/Developer/SDKs/MacOSX26.0.sdk -mmacosx-version-min=14.0 -dynamiclib -Wl,-headerpad_max_install_names -fstack-protector-strong -o lib/liblagom-web.0.0.0.dylib -install_name @rpath/liblagom-web.0.dylib Lagom/Libraries/LibWeb/CMakeFiles/LibWeb.dir/Animations/Animatable.cpp.o Lagom/Libraries/LibWeb/CMakeFiles/LibWeb.dir/Animations/Animation.cpp.o Lagom/Libraries/LibWeb/CMakeFiles/LibWeb.dir/Animations/AnimationEffect.cpp.o Lagom/Libraries/LibWeb/CMakeFiles/LibWeb.dir/Animations/AnimationPlaybackEvent.cpp.o Lagom/Libraries/LibWeb/CMakeFiles/LibWeb.dir/Animations/AnimationTimeline.cpp.o Lagom/Libraries/LibWeb/CMakeFiles/LibWeb.dir/Animations/DocumentTimeline.cpp.o Lagom/Libraries/LibWeb/CMakeFiles/LibWeb.dir/Animations/KeyframeEffect.cpp.o Lagom/Libraries/LibWeb/CMakeFiles/LibWeb.dir/Animations/PseudoElementParsing.cpp.o Lagom/Libraries/LibWeb/CMakeFiles/LibWeb.dir/ARIA/AriaData.cpp.o Lagom/Libraries/LibWeb/CMakeFiles/LibWeb.dir/ARIA/ARIAMixin.cpp.o Lagom/Libraries/LibWeb/CMakeFiles/LibWeb.dir/ARIA/AttributeNames.cpp.o Lagom/Libraries/LibWeb/CMakeFiles/LibWeb.dir/ARIA/Roles.cpp.o Lagom/Libraries/LibWeb/CMakeFiles/LibWeb.dir/ARIA/RoleType.cpp.o Lagom/Libraries/LibWeb/CMakeFiles/LibWeb.dir/ARIA/StateAndProperties.cpp.o Lagom/Libraries/LibWeb/CMakeFiles/LibWeb.dir/Bindings/AudioConstructor.cpp.o Lagom/Libraries/LibWeb/CMakeFiles/LibWeb.dir/Bindings/HostDefined.cpp.o Lagom/Libraries/LibWeb/CMakeFiles/LibWeb.dir/Bindings/ImageConstructor.cpp.o Lagom/Libraries/LibWeb/CMakeFiles/LibWeb.dir/Bindings/Intrinsics.cpp.o Lagom/Libraries/LibWeb/CMakeFiles/LibWeb.dir/Bindings/LocationConstructor.cpp.o Lagom/Libraries/LibWeb/CMakeFiles/LibWeb.dir/Bindings/MainThreadVM.cpp.o Lagom/Libraries/LibWeb/CMakeFiles/LibWeb.dir/Bindings/OptionConstructor.cpp.o Lagom/Libraries/LibWeb/CMakeFiles/LibWeb.dir/Bindings/PlatformObject.cpp.o Lagom/Libraries/LibWeb/CMakeFiles/LibWeb.dir/Bindings/PrincipalHostDefined.cpp.o Lagom/Libraries/LibWeb/CMakeFiles/LibWeb.dir/Bindings/SyntheticHostDefined.cpp.o Lagom/Libraries/LibWeb/CMakeFiles/LibWeb.dir/Clipboard/Clipboard.cpp.o Lagom/Libraries/LibWeb/CMakeFiles/LibWeb.dir/Clipboard/ClipboardEvent.cpp.o Lagom/Libraries/LibWeb/CMakeFiles/LibWeb.dir/Clipboard/ClipboardItem.cpp.o Lagom/Libraries/LibWeb/CMakeFiles/LibWeb.dir/Clipboard/SystemClipboard.cpp.o Lagom/Libraries/LibWeb/CMakeFiles/LibWeb.dir/Compression/CompressionStream.cpp.o Lagom/Libraries/LibWeb/CMakeFiles/LibWeb.dir/Compression/DecompressionStream.cpp.o Lagom/Libraries/LibWeb/CMakeFiles/LibWeb.dir/ContentSecurityPolicy/BlockingAlgorithms.cpp.o Lagom/Libraries/LibWeb/CMakeFiles/LibWeb.dir/ContentSecurityPolicy/Directives/BaseUriDirective.cpp.o Lagom/Libraries/LibWeb/CMakeFiles/LibWeb.dir/ContentSecurityPolicy/Directives/ChildSourceDirective.cpp.o Lagom/Libraries/LibWeb/CMakeFiles/LibWeb.dir/ContentSecurityPolicy/Directives/ConnectSourceDirective.cpp.o Lagom/Libraries/LibWeb/CMakeFiles/LibWeb.dir/ContentSecurityPolicy/Directives/DefaultSourceDirective.cpp.o Lagom/Libraries/LibWeb/CMakeFiles/LibWeb.dir/ContentSecurityPolicy/Directives/Directive.cpp.o Lagom/Libraries/LibWeb/CMakeFiles/LibWeb.dir/ContentSecurityPolicy/Directives/DirectiveFactory.cpp.o Lagom/Libraries/LibWeb/CMakeFiles/LibWeb.dir/ContentSecurityPolicy/Directives/DirectiveOperations.cpp.o Lagom/Libraries/LibWeb/CMakeFiles/LibWeb.dir/ContentSecurityPolicy/Directives/FontSourceDirective.cpp.o Lagom/Libraries/LibWeb/CMakeFiles/LibWeb.dir/ContentSecurityPolicy/Directives/FormActionDirective.cpp.o Lagom/Libraries/LibWeb/CMakeFiles/LibWeb.dir/ContentSecurityPolicy/Directives/FrameAncestorsDirective.cpp.o Lagom/Libraries/LibWeb/CMakeFiles/LibWeb.dir/ContentSecurityPolicy/Directives/FrameSourceDirective.cpp.o Lagom/Libraries/LibWeb/CMakeFiles/LibWeb.dir/ContentSecurityPolicy/Directives/ImageSourceDirective.cpp.o Lagom/Libraries/LibWeb/CMakeFiles/LibWeb.dir/ContentSecurityPolicy/Directives/KeywordSources.cpp.o Lagom/Libraries/LibWeb/CMakeFiles/LibWeb.dir/ContentSecurityPolicy/Directives/KeywordTrustedTypes.cpp.o Lagom/Libraries/LibWeb/CMakeFiles/LibWeb.dir/ContentSecurityPolicy/Directives/ManifestSourceDirective.cpp.o Lagom/Libraries/LibWeb/CMakeFiles/LibWeb.dir/ContentSecurityPolicy/Directives/MediaSourceDirective.cpp.o Lagom/Libraries/LibWeb/CMakeFiles/LibWeb.dir/ContentSecurityPolicy/Directives/Names.cpp.o Lagom/Libraries/LibWeb/CMakeFiles/LibWeb.dir/ContentSecurityPolicy/Directives/ObjectSourceDirective.cpp.o Lagom/Libraries/LibWeb/CMakeFiles/LibWeb.dir/ContentSecurityPolicy/Directives/ReportToDirective.cpp.o Lagom/Libraries/LibWeb/CMakeFiles/LibWeb.dir/ContentSecurityPolicy/Directives/ReportUriDirective.cpp.o Lagom/Libraries/LibWeb/CMakeFiles/LibWeb.dir/ContentSecurityPolicy/Directives/SandboxDirective.cpp.o Lagom/Libraries/LibWeb/CMakeFiles/LibWeb.dir/ContentSecurityPolicy/Directives/ScriptSourceAttributeDirective.cpp.o Lagom/Libraries/LibWeb/CMakeFiles/LibWeb.dir/ContentSecurityPolicy/Directives/ScriptSourceDirective.cpp.o Lagom/Libraries/LibWeb/CMakeFiles/LibWeb.dir/ContentSecurityPolicy/Directives/ScriptSourceElementDirective.cpp.o Lagom/Libraries/LibWeb/CMakeFiles/LibWeb.dir/ContentSecurityPolicy/Directives/SerializedDirective.cpp.o Lagom/Libraries/LibWeb/CMakeFiles/LibWeb.dir/ContentSecurityPolicy/Directives/SourceExpression.cpp.o Lagom/Libraries/LibWeb/CMakeFiles/LibWeb.dir/ContentSecurityPolicy/Directives/StyleSourceAttributeDirective.cpp.o Lagom/Libraries/LibWeb/CMakeFiles/LibWeb.dir/ContentSecurityPolicy/Directives/StyleSourceDirective.cpp.o Lagom/Libraries/LibWeb/CMakeFiles/LibWeb.dir/ContentSecurityPolicy/Directives/StyleSourceElementDirective.cpp.o Lagom/Libraries/LibWeb/CMakeFiles/LibWeb.dir/ContentSecurityPolicy/Directives/WebRTCDirective.cpp.o Lagom/Libraries/LibWeb/CMakeFiles/LibWeb.dir/ContentSecurityPolicy/Directives/WorkerSourceDirective.cpp.o Lagom/Libraries/LibWeb/CMakeFiles/LibWeb.dir/ContentSecurityPolicy/Policy.cpp.o Lagom/Libraries/LibWeb/CMakeFiles/LibWeb.dir/ContentSecurityPolicy/PolicyList.cpp.o Lagom/Libraries/LibWeb/CMakeFiles/LibWeb.dir/ContentSecurityPolicy/SecurityPolicyViolationEvent.cpp.o Lagom/Libraries/LibWeb/CMakeFiles/LibWeb.dir/ContentSecurityPolicy/SerializedPolicy.cpp.o Lagom/Libraries/LibWeb/CMakeFiles/LibWeb.dir/ContentSecurityPolicy/Violation.cpp.o Lagom/Libraries/LibWeb/CMakeFiles/LibWeb.dir/Cookie/Cookie.cpp.o Lagom/Libraries/LibWeb/CMakeFiles/LibWeb.dir/Cookie/ParsedCookie.cpp.o Lagom/Libraries/LibWeb/CMakeFiles/LibWeb.dir/CookieStore/CookieChangeEvent.cpp.o Lagom/Libraries/LibWeb/CMakeFiles/LibWeb.dir/CookieStore/CookieStore.cpp.o Lagom/Libraries/LibWeb/CMakeFiles/LibWeb.dir/CredentialManagement/Credential.cpp.o Lagom/Libraries/LibWeb/CMakeFiles/LibWeb.dir/CredentialManagement/CredentialsContainer.cpp.o Lagom/Libraries/LibWeb/CMakeFiles/LibWeb.dir/CredentialManagement/FederatedCredential.cpp.o Lagom/Libraries/LibWeb/CMakeFiles/LibWeb.dir/CredentialManagement/PasswordCredential.cpp.o Lagom/Libraries/LibWeb/CMakeFiles/LibWeb.dir/Crypto/Crypto.cpp.o Lagom/Libraries/LibWeb/CMakeFiles/LibWeb.dir/Crypto/CryptoAlgorithms.cpp.o Lagom/Libraries/LibWeb/CMakeFiles/LibWeb.dir/Crypto/CryptoBindings.cpp.o Lagom/Libraries/LibWeb/CMakeFiles/LibWeb.dir/Crypto/CryptoKey.cpp.o Lagom/Libraries/LibWeb/CMakeFiles/LibWeb.dir/Crypto/KeyAlgorithms.cpp.o Lagom/Libraries/LibWeb/CMakeFiles/LibWeb.dir/Crypto/SubtleCrypto.cpp.o Lagom/Libraries/LibWeb/CMakeFiles/LibWeb.dir/CSS/Angle.cpp.o Lagom/Libraries/LibWeb/CMakeFiles/LibWeb.dir/CSS/AnimationEvent.cpp.o Lagom/Libraries/LibWeb/CMakeFiles/LibWeb.dir/CSS/BooleanExpression.cpp.o Lagom/Libraries/LibWeb/CMakeFiles/LibWeb.dir/CSS/CalculatedOr.cpp.o Lagom/Libraries/LibWeb/CMakeFiles/LibWeb.dir/CSS/CascadedProperties.cpp.o Lagom/Libraries/LibWeb/CMakeFiles/LibWeb.dir/CSS/Clip.cpp.o Lagom/Libraries/LibWeb/CMakeFiles/LibWeb.dir/CSS/ComputedProperties.cpp.o Lagom/Libraries/LibWeb/CMakeFiles/LibWeb.dir/CSS/CountersSet.cpp.o Lagom/Libraries/LibWeb/CMakeFiles/LibWeb.dir/CSS/CSS.cpp.o Lagom/Libraries/LibWeb/CMakeFiles/LibWeb.dir/CSS/CSSAnimation.cpp.o Lagom/Libraries/LibWeb/CMakeFiles/LibWeb.dir/CSS/CSSConditionRule.cpp.o Lagom/Libraries/LibWeb/CMakeFiles/LibWeb.dir/CSS/CSSCounterStyleRule.cpp.o Lagom/Libraries/LibWeb/CMakeFiles/LibWeb.dir/CSS/CSSDescriptors.cpp.o Lagom/Libraries/LibWeb/CMakeFiles/LibWeb.dir/CSS/CSSFontFaceDescriptors.cpp.o Lagom/Libraries/LibWeb/CMakeFiles/LibWeb.dir/CSS/CSSFontFaceRule.cpp.o Lagom/Libraries/LibWeb/CMakeFiles/LibWeb.dir/CSS/CSSGroupingRule.cpp.o Lagom/Libraries/LibWeb/CMakeFiles/LibWeb.dir/CSS/CSSImageValue.cpp.o Lagom/Libraries/LibWeb/CMakeFiles/LibWeb.dir/CSS/CSSImportRule.cpp.o Lagom/Libraries/LibWeb/CMakeFiles/LibWeb.dir/CSS/CSSKeyframeRule.cpp.o Lagom/Libraries/LibWeb/CMakeFiles/LibWeb.dir/CSS/CSSKeyframesRule.cpp.o Lagom/Libraries/LibWeb/CMakeFiles/LibWeb.dir/CSS/CSSKeywordValue.cpp.o Lagom/Libraries/LibWeb/CMakeFiles/LibWeb.dir/CSS/CSSLayerBlockRule.cpp.o Lagom/Libraries/LibWeb/CMakeFiles/LibWeb.dir/CSS/CSSLayerStatementRule.cpp.o Lagom/Libraries/LibWeb/CMakeFiles/LibWeb.dir/CSS/CSSMarginRule.cpp.o Lagom/Libraries/LibWeb/CMakeFiles/LibWeb.dir/CSS/CSSMathClamp.cpp.o Lagom/Libraries/LibWeb/CMakeFiles/LibWeb.dir/CSS/CSSMathInvert.cpp.o Lagom/Libraries/LibWeb/CMakeFiles/LibWeb.dir/CSS/CSSMathMax.cpp.o Lagom/Libraries/LibWeb/CMakeFiles/LibWeb.dir/CSS/CSSMathMin.cpp.o Lagom/Libraries/LibWeb/CMakeFiles/LibWeb.dir/CSS/CSSMathNegate.cpp.o Lagom/Libraries/LibWeb/CMakeFiles/LibWeb.dir/CSS/CSSMathProduct.cpp.o Lagom/Libraries/LibWeb/CMakeFiles/LibWeb.dir/CSS/CSSMathSum.cpp.o Lagom/Libraries/LibWeb/CMakeFiles/LibWeb.dir/CSS/CSSMathValue.cpp.o Lagom/Libraries/LibWeb/CMakeFiles/LibWeb.dir/CSS/CSSMatrixComponent.cpp.o Lagom/Libraries/LibWeb/CMakeFiles/LibWeb.dir/CSS/CSSMediaRule.cpp.o Lagom/Libraries/LibWeb/CMakeFiles/LibWeb.dir/CSS/CSSNamespaceRule.cpp.o Lagom/Libraries/LibWeb/CMakeFiles/LibWeb.dir/CSS/CSSNestedDeclarations.cpp.o Lagom/Libraries/LibWeb/CMakeFiles/LibWeb.dir/CSS/CSSNumericArray.cpp.o Lagom/Libraries/LibWeb/CMakeFiles/LibWeb.dir/CSS/CSSNumericValue.cpp.o Lagom/Libraries/LibWeb/CMakeFiles/LibWeb.dir/CSS/CSSPageRule.cpp.o Lagom/Libraries/LibWeb/CMakeFiles/LibWeb.dir/CSS/CSSPageDescriptors.cpp.o Lagom/Libraries/LibWeb/CMakeFiles/LibWeb.dir/CSS/CSSPerspective.cpp.o Lagom/Libraries/LibWeb/CMakeFiles/LibWeb.dir/CSS/CSSPropertyRule.cpp.o Lagom/Libraries/LibWeb/CMakeFiles/LibWeb.dir/CSS/CSSRotate.cpp.o Lagom/Libraries/LibWeb/CMakeFiles/LibWeb.dir/CSS/CSSRule.cpp.o Lagom/Libraries/LibWeb/CMakeFiles/LibWeb.dir/CSS/CSSRuleList.cpp.o Lagom/Libraries/LibWeb/CMakeFiles/LibWeb.dir/CSS/CSSScale.cpp.o Lagom/Libraries/LibWeb/CMakeFiles/LibWeb.dir/CSS/CSSSkew.cpp.o Lagom/Libraries/LibWeb/CMakeFiles/LibWeb.dir/CSS/CSSSkewX.cpp.o Lagom/Libraries/LibWeb/CMakeFiles/LibWeb.dir/CSS/CSSSkewY.cpp.o Lagom/Libraries/LibWeb/CMakeFiles/LibWeb.dir/CSS/CSSStyleDeclaration.cpp.o Lagom/Libraries/LibWeb/CMakeFiles/LibWeb.dir/CSS/CSSStyleProperties.cpp.o Lagom/Libraries/LibWeb/CMakeFiles/LibWeb.dir/CSS/CSSStyleRule.cpp.o Lagom/Libraries/LibWeb/CMakeFiles/LibWeb.dir/CSS/CSSStyleSheet.cpp.o Lagom/Libraries/LibWeb/CMakeFiles/LibWeb.dir/CSS/CSSStyleValue.cpp.o Lagom/Libraries/LibWeb/CMakeFiles/LibWeb.dir/CSS/CSSSupportsRule.cpp.o Lagom/Libraries/LibWeb/CMakeFiles/LibWeb.dir/CSS/CSSTransformComponent.cpp.o Lagom/Libraries/LibWeb/CMakeFiles/LibWeb.dir/CSS/CSSTransformValue.cpp.o Lagom/Libraries/LibWeb/CMakeFiles/LibWeb.dir/CSS/CSSTransition.cpp.o Lagom/Libraries/LibWeb/CMakeFiles/LibWeb.dir/CSS/CSSTranslate.cpp.o Lagom/Libraries/LibWeb/CMakeFiles/LibWeb.dir/CSS/CSSUnitValue.cpp.o Lagom/Libraries/LibWeb/CMakeFiles/LibWeb.dir/CSS/CSSUnparsedValue.cpp.o Lagom/Libraries/LibWeb/CMakeFiles/LibWeb.dir/CSS/CSSVariableReferenceValue.cpp.o Lagom/Libraries/LibWeb/CMakeFiles/LibWeb.dir/CSS/Descriptor.cpp.o Lagom/Libraries/LibWeb/CMakeFiles/LibWeb.dir/CSS/Display.cpp.o Lagom/Libraries/LibWeb/CMakeFiles/LibWeb.dir/CSS/EdgeRect.cpp.o Lagom/Libraries/LibWeb/CMakeFiles/LibWeb.dir/CSS/Fetch.cpp.o Lagom/Libraries/LibWeb/CMakeFiles/LibWeb.dir/CSS/Flex.cpp.o Lagom/Libraries/LibWeb/CMakeFiles/LibWeb.dir/CSS/FontFace.cpp.o Lagom/Libraries/LibWeb/CMakeFiles/LibWeb.dir/CSS/FontFaceSet.cpp.o Lagom/Libraries/LibWeb/CMakeFiles/LibWeb.dir/CSS/Frequency.cpp.o Lagom/Libraries/LibWeb/CMakeFiles/LibWeb.dir/CSS/GridTrackPlacement.cpp.o Lagom/Libraries/LibWeb/CMakeFiles/LibWeb.dir/CSS/GridTrackSize.cpp.o Lagom/Libraries/LibWeb/CMakeFiles/LibWeb.dir/CSS/Interpolation.cpp.o Lagom/Libraries/LibWeb/CMakeFiles/LibWeb.dir/CSS/InvalidationSet.cpp.o Lagom/Libraries/LibWeb/CMakeFiles/LibWeb.dir/CSS/Length.cpp.o Lagom/Libraries/LibWeb/CMakeFiles/LibWeb.dir/CSS/LengthBox.cpp.o Lagom/Libraries/LibWeb/CMakeFiles/LibWeb.dir/CSS/MediaList.cpp.o Lagom/Libraries/LibWeb/CMakeFiles/LibWeb.dir/CSS/MediaQuery.cpp.o Lagom/Libraries/LibWeb/CMakeFiles/LibWeb.dir/CSS/MediaQueryList.cpp.o Lagom/Libraries/LibWeb/CMakeFiles/LibWeb.dir/CSS/MediaQueryListEvent.cpp.o Lagom/Libraries/LibWeb/CMakeFiles/LibWeb.dir/CSS/Number.cpp.o Lagom/Libraries/LibWeb/CMakeFiles/LibWeb.dir/CSS/NumericType.cpp.o Lagom/Libraries/LibWeb/CMakeFiles/LibWeb.dir/CSS/PageSelector.cpp.o Lagom/Libraries/LibWeb/CMakeFiles/LibWeb.dir/CSS/ParsedFontFace.cpp.o Lagom/Libraries/LibWeb/CMakeFiles/LibWeb.dir/CSS/Parser/ArbitrarySubstitutionFunctions.cpp.o Lagom/Libraries/LibWeb/CMakeFiles/LibWeb.dir/CSS/Parser/ComponentValue.cpp.o Lagom/Libraries/LibWeb/CMakeFiles/LibWeb.dir/CSS/Parser/DescriptorParsing.cpp.o Lagom/Libraries/LibWeb/CMakeFiles/LibWeb.dir/CSS/Parser/ErrorReporter.cpp.o Lagom/Libraries/LibWeb/CMakeFiles/LibWeb.dir/CSS/Parser/GradientParsing.cpp.o Lagom/Libraries/LibWeb/CMakeFiles/LibWeb.dir/CSS/Parser/Helpers.cpp.o Lagom/Libraries/LibWeb/CMakeFiles/LibWeb.dir/CSS/Parser/MediaParsing.cpp.o Lagom/Libraries/LibWeb/CMakeFiles/LibWeb.dir/CSS/Parser/Parser.cpp.o Lagom/Libraries/LibWeb/CMakeFiles/LibWeb.dir/CSS/Parser/PropertyParsing.cpp.o Lagom/Libraries/LibWeb/CMakeFiles/LibWeb.dir/CSS/Parser/RuleContext.cpp.o Lagom/Libraries/LibWeb/CMakeFiles/LibWeb.dir/CSS/Parser/RuleParsing.cpp.o Lagom/Libraries/LibWeb/CMakeFiles/LibWeb.dir/CSS/Parser/SelectorParsing.cpp.o Lagom/Libraries/LibWeb/CMakeFiles/LibWeb.dir/CSS/Parser/Syntax.cpp.o Lagom/Libraries/LibWeb/CMakeFiles/LibWeb.dir/CSS/Parser/SyntaxParsing.cpp.o Lagom/Libraries/LibWeb/CMakeFiles/LibWeb.dir/CSS/Parser/Token.cpp.o Lagom/Libraries/LibWeb/CMakeFiles/LibWeb.dir/CSS/Parser/Tokenizer.cpp.o Lagom/Libraries/LibWeb/CMakeFiles/LibWeb.dir/CSS/Parser/Types.cpp.o Lagom/Libraries/LibWeb/CMakeFiles/LibWeb.dir/CSS/Parser/ValueParsing.cpp.o Lagom/Libraries/LibWeb/CMakeFiles/LibWeb.dir/CSS/PreferredColorScheme.cpp.o Lagom/Libraries/LibWeb/CMakeFiles/LibWeb.dir/CSS/PreferredContrast.cpp.o Lagom/Libraries/LibWeb/CMakeFiles/LibWeb.dir/CSS/PreferredMotion.cpp.o Lagom/Libraries/LibWeb/CMakeFiles/LibWeb.dir/CSS/Ratio.cpp.o Lagom/Libraries/LibWeb/CMakeFiles/LibWeb.dir/CSS/Resolution.cpp.o Lagom/Libraries/LibWeb/CMakeFiles/LibWeb.dir/CSS/Screen.cpp.o Lagom/Libraries/LibWeb/CMakeFiles/LibWeb.dir/CSS/ScreenOrientation.cpp.o Lagom/Libraries/LibWeb/CMakeFiles/LibWeb.dir/CSS/Selector.cpp.o Lagom/Libraries/LibWeb/CMakeFiles/LibWeb.dir/CSS/SelectorEngine.cpp.o Lagom/Libraries/LibWeb/CMakeFiles/LibWeb.dir/CSS/Serialize.cpp.o Lagom/Libraries/LibWeb/CMakeFiles/LibWeb.dir/CSS/Size.cpp.o Lagom/Libraries/LibWeb/CMakeFiles/LibWeb.dir/CSS/Sizing.cpp.o Lagom/Libraries/LibWeb/CMakeFiles/LibWeb.dir/CSS/StyleComputer.cpp.o Lagom/Libraries/LibWeb/CMakeFiles/LibWeb.dir/CSS/StyleInvalidation.cpp.o Lagom/Libraries/LibWeb/CMakeFiles/LibWeb.dir/CSS/StyleInvalidationData.cpp.o Lagom/Libraries/LibWeb/CMakeFiles/LibWeb.dir/CSS/StyleProperty.cpp.o Lagom/Libraries/LibWeb/CMakeFiles/LibWeb.dir/CSS/StylePropertyMapReadOnly.cpp.o Lagom/Libraries/LibWeb/CMakeFiles/LibWeb.dir/CSS/StylePropertyMap.cpp.o Lagom/Libraries/LibWeb/CMakeFiles/LibWeb.dir/CSS/StyleSheet.cpp.o Lagom/Libraries/LibWeb/CMakeFiles/LibWeb.dir/CSS/StyleSheetIdentifier.cpp.o Lagom/Libraries/LibWeb/CMakeFiles/LibWeb.dir/CSS/StyleSheetList.cpp.o Lagom/Libraries/LibWeb/CMakeFiles/LibWeb.dir/CSS/StyleValues/AbstractImageStyleValue.cpp.o Lagom/Libraries/LibWeb/CMakeFiles/LibWeb.dir/CSS/StyleValues/AnchorStyleValue.cpp.o Lagom/Libraries/LibWeb/CMakeFiles/LibWeb.dir/CSS/StyleValues/AnchorSizeStyleValue.cpp.o Lagom/Libraries/LibWeb/CMakeFiles/LibWeb.dir/CSS/StyleValues/AngleStyleValue.cpp.o Lagom/Libraries/LibWeb/CMakeFiles/LibWeb.dir/CSS/StyleValues/BackgroundSizeStyleValue.cpp.o Lagom/Libraries/LibWeb/CMakeFiles/LibWeb.dir/CSS/StyleValues/BasicShapeStyleValue.cpp.o Lagom/Libraries/LibWeb/CMakeFiles/LibWeb.dir/CSS/StyleValues/BorderImageSliceStyleValue.cpp.o Lagom/Libraries/LibWeb/CMakeFiles/LibWeb.dir/CSS/StyleValues/BorderRadiusStyleValue.cpp.o Lagom/Libraries/LibWeb/CMakeFiles/LibWeb.dir/CSS/StyleValues/CalculatedStyleValue.cpp.o Lagom/Libraries/LibWeb/CMakeFiles/LibWeb.dir/CSS/StyleValues/ColorFunctionStyleValue.cpp.o Lagom/Libraries/LibWeb/CMakeFiles/LibWeb.dir/CSS/StyleValues/ColorMixStyleValue.cpp.o Lagom/Libraries/LibWeb/CMakeFiles/LibWeb.dir/CSS/StyleValues/ColorSchemeStyleValue.cpp.o Lagom/Libraries/LibWeb/CMakeFiles/LibWeb.dir/CSS/StyleValues/ColorStyleValue.cpp.o Lagom/Libraries/LibWeb/CMakeFiles/LibWeb.dir/CSS/StyleValues/ConicGradientStyleValue.cpp.o Lagom/Libraries/LibWeb/CMakeFiles/LibWeb.dir/CSS/StyleValues/ContentStyleValue.cpp.o Lagom/Libraries/LibWeb/CMakeFiles/LibWeb.dir/CSS/StyleValues/CounterDefinitionsStyleValue.cpp.o Lagom/Libraries/LibWeb/CMakeFiles/LibWeb.dir/CSS/StyleValues/CounterStyleValue.cpp.o Lagom/Libraries/LibWeb/CMakeFiles/LibWeb.dir/CSS/StyleValues/CursorStyleValue.cpp.o Lagom/Libraries/LibWeb/CMakeFiles/LibWeb.dir/CSS/StyleValues/CustomIdentStyleValue.cpp.o Lagom/Libraries/LibWeb/CMakeFiles/LibWeb.dir/CSS/StyleValues/DimensionStyleValue.cpp.o Lagom/Libraries/LibWeb/CMakeFiles/LibWeb.dir/CSS/StyleValues/DisplayStyleValue.cpp.o Lagom/Libraries/LibWeb/CMakeFiles/LibWeb.dir/CSS/StyleValues/EasingStyleValue.cpp.o Lagom/Libraries/LibWeb/CMakeFiles/LibWeb.dir/CSS/StyleValues/EdgeStyleValue.cpp.o Lagom/Libraries/LibWeb/CMakeFiles/LibWeb.dir/CSS/StyleValues/FilterValueListStyleValue.cpp.o Lagom/Libraries/LibWeb/CMakeFiles/LibWeb.dir/CSS/StyleValues/FontSourceStyleValue.cpp.o Lagom/Libraries/LibWeb/CMakeFiles/LibWeb.dir/CSS/StyleValues/FontStyleStyleValue.cpp.o Lagom/Libraries/LibWeb/CMakeFiles/LibWeb.dir/CSS/StyleValues/GridAutoFlowStyleValue.cpp.o Lagom/Libraries/LibWeb/CMakeFiles/LibWeb.dir/CSS/StyleValues/GridTemplateAreaStyleValue.cpp.o Lagom/Libraries/LibWeb/CMakeFiles/LibWeb.dir/CSS/StyleValues/GridTrackPlacementStyleValue.cpp.o Lagom/Libraries/LibWeb/CMakeFiles/LibWeb.dir/CSS/StyleValues/GridTrackSizeListStyleValue.cpp.o Lagom/Libraries/LibWeb/CMakeFiles/LibWeb.dir/CSS/StyleValues/HSLColorStyleValue.cpp.o Lagom/Libraries/LibWeb/CMakeFiles/LibWeb.dir/CSS/StyleValues/HWBColorStyleValue.cpp.o Lagom/Libraries/LibWeb/CMakeFiles/LibWeb.dir/CSS/StyleValues/ImageStyleValue.cpp.o Lagom/Libraries/LibWeb/CMakeFiles/LibWeb.dir/CSS/StyleValues/IntegerStyleValue.cpp.o Lagom/Libraries/LibWeb/CMakeFiles/LibWeb.dir/CSS/StyleValues/KeywordStyleValue.cpp.o Lagom/Libraries/LibWeb/CMakeFiles/LibWeb.dir/CSS/StyleValues/LCHLikeColorStyleValue.cpp.o Lagom/Libraries/LibWeb/CMakeFiles/LibWeb.dir/CSS/StyleValues/LabLikeColorStyleValue.cpp.o Lagom/Libraries/LibWeb/CMakeFiles/LibWeb.dir/CSS/StyleValues/LengthStyleValue.cpp.o Lagom/Libraries/LibWeb/CMakeFiles/LibWeb.dir/CSS/StyleValues/LightDarkStyleValue.cpp.o Lagom/Libraries/LibWeb/CMakeFiles/LibWeb.dir/CSS/StyleValues/LinearGradientStyleValue.cpp.o Lagom/Libraries/LibWeb/CMakeFiles/LibWeb.dir/CSS/StyleValues/MathDepthStyleValue.cpp.o Lagom/Libraries/LibWeb/CMakeFiles/LibWeb.dir/CSS/StyleValues/NumberStyleValue.cpp.o Lagom/Libraries/LibWeb/CMakeFiles/LibWeb.dir/CSS/StyleValues/OpenTypeTaggedStyleValue.cpp.o Lagom/Libraries/LibWeb/CMakeFiles/LibWeb.dir/CSS/StyleValues/PositionStyleValue.cpp.o Lagom/Libraries/LibWeb/CMakeFiles/LibWeb.dir/CSS/StyleValues/RGBColorStyleValue.cpp.o Lagom/Libraries/LibWeb/CMakeFiles/LibWeb.dir/CSS/StyleValues/RadialGradientStyleValue.cpp.o Lagom/Libraries/LibWeb/CMakeFiles/LibWeb.dir/CSS/StyleValues/RectStyleValue.cpp.o Lagom/Libraries/LibWeb/CMakeFiles/LibWeb.dir/CSS/StyleValues/RepeatStyleStyleValue.cpp.o Lagom/Libraries/LibWeb/CMakeFiles/LibWeb.dir/CSS/StyleValues/ScrollbarColorStyleValue.cpp.o Lagom/Libraries/LibWeb/CMakeFiles/LibWeb.dir/CSS/StyleValues/ShadowStyleValue.cpp.o Lagom/Libraries/LibWeb/CMakeFiles/LibWeb.dir/CSS/StyleValues/ShorthandStyleValue.cpp.o Lagom/Libraries/LibWeb/CMakeFiles/LibWeb.dir/CSS/StyleValues/StyleValue.cpp.o Lagom/Libraries/LibWeb/CMakeFiles/LibWeb.dir/CSS/StyleValues/StyleValueList.cpp.o Lagom/Libraries/LibWeb/CMakeFiles/LibWeb.dir/CSS/StyleValues/SuperellipseStyleValue.cpp.o Lagom/Libraries/LibWeb/CMakeFiles/LibWeb.dir/CSS/StyleValues/TextUnderlinePositionStyleValue.cpp.o Lagom/Libraries/LibWeb/CMakeFiles/LibWeb.dir/CSS/StyleValues/TransformationStyleValue.cpp.o Lagom/Libraries/LibWeb/CMakeFiles/LibWeb.dir/CSS/StyleValues/TransitionStyleValue.cpp.o Lagom/Libraries/LibWeb/CMakeFiles/LibWeb.dir/CSS/StyleValues/UnicodeRangeStyleValue.cpp.o Lagom/Libraries/LibWeb/CMakeFiles/LibWeb.dir/CSS/StyleValues/UnresolvedStyleValue.cpp.o Lagom/Libraries/LibWeb/CMakeFiles/LibWeb.dir/CSS/Supports.cpp.o Lagom/Libraries/LibWeb/CMakeFiles/LibWeb.dir/CSS/SyntaxHighlighter/SyntaxHighlighter.cpp.o Lagom/Libraries/LibWeb/CMakeFiles/LibWeb.dir/CSS/SystemColor.cpp.o Lagom/Libraries/LibWeb/CMakeFiles/LibWeb.dir/CSS/Time.cpp.o Lagom/Libraries/LibWeb/CMakeFiles/LibWeb.dir/CSS/Transformation.cpp.o Lagom/Libraries/LibWeb/CMakeFiles/LibWeb.dir/CSS/TransitionEvent.cpp.o Lagom/Libraries/LibWeb/CMakeFiles/LibWeb.dir/CSS/URL.cpp.o Lagom/Libraries/LibWeb/CMakeFiles/LibWeb.dir/CSS/ValueType.cpp.o Lagom/Libraries/LibWeb/CMakeFiles/LibWeb.dir/CSS/VisualViewport.cpp.o Lagom/Libraries/LibWeb/CMakeFiles/LibWeb.dir/DOM/AbortController.cpp.o Lagom/Libraries/LibWeb/CMakeFiles/LibWeb.dir/DOM/AbortSignal.cpp.o Lagom/Libraries/LibWeb/CMakeFiles/LibWeb.dir/DOM/AbstractElement.cpp.o Lagom/Libraries/LibWeb/CMakeFiles/LibWeb.dir/DOM/AbstractRange.cpp.o Lagom/Libraries/LibWeb/CMakeFiles/LibWeb.dir/DOM/AccessibilityTreeNode.cpp.o Lagom/Libraries/LibWeb/CMakeFiles/LibWeb.dir/DOM/AdoptedStyleSheets.cpp.o Lagom/Libraries/LibWeb/CMakeFiles/LibWeb.dir/DOM/Attr.cpp.o Lagom/Libraries/LibWeb/CMakeFiles/LibWeb.dir/DOM/CDATASection.cpp.o Lagom/Libraries/LibWeb/CMakeFiles/LibWeb.dir/DOM/CharacterData.cpp.o Lagom/Libraries/LibWeb/CMakeFiles/LibWeb.dir/DOM/Comment.cpp.o Lagom/Libraries/LibWeb/CMakeFiles/LibWeb.dir/DOM/CustomEvent.cpp.o Lagom/Libraries/LibWeb/CMakeFiles/LibWeb.dir/DOM/Document.cpp.o Lagom/Libraries/LibWeb/CMakeFiles/LibWeb.dir/DOM/DocumentFragment.cpp.o Lagom/Libraries/LibWeb/CMakeFiles/LibWeb.dir/DOM/DocumentLoadEventDelayer.cpp.o Lagom/Libraries/LibWeb/CMakeFiles/LibWeb.dir/DOM/DocumentLoading.cpp.o Lagom/Libraries/LibWeb/CMakeFiles/LibWeb.dir/DOM/DocumentObserver.cpp.o Lagom/Libraries/LibWeb/CMakeFiles/LibWeb.dir/DOM/DocumentType.cpp.o Lagom/Libraries/LibWeb/CMakeFiles/LibWeb.dir/DOM/DOMEventListener.cpp.o Lagom/Libraries/LibWeb/CMakeFiles/LibWeb.dir/DOM/DOMImplementation.cpp.o Lagom/Libraries/LibWeb/CMakeFiles/LibWeb.dir/DOM/DOMTokenList.cpp.o Lagom/Libraries/LibWeb/CMakeFiles/LibWeb.dir/DOM/EditingHostManager.cpp.o Lagom/Libraries/LibWeb/CMakeFiles/LibWeb.dir/DOM/Element.cpp.o Lagom/Libraries/LibWeb/CMakeFiles/LibWeb.dir/DOM/ElementByIdMap.cpp.o Lagom/Libraries/LibWeb/CMakeFiles/LibWeb.dir/DOM/ElementFactory.cpp.o Lagom/Libraries/LibWeb/CMakeFiles/LibWeb.dir/DOM/Event.cpp.o Lagom/Libraries/LibWeb/CMakeFiles/LibWeb.dir/DOM/EventDispatcher.cpp.o Lagom/Libraries/LibWeb/CMakeFiles/LibWeb.dir/DOM/EventTarget.cpp.o Lagom/Libraries/LibWeb/CMakeFiles/LibWeb.dir/DOM/HTMLCollection.cpp.o Lagom/Libraries/LibWeb/CMakeFiles/LibWeb.dir/DOM/IDLEventListener.cpp.o Lagom/Libraries/LibWeb/CMakeFiles/LibWeb.dir/DOM/LiveNodeList.cpp.o Lagom/Libraries/LibWeb/CMakeFiles/LibWeb.dir/DOM/MutationObserver.cpp.o Lagom/Libraries/LibWeb/CMakeFiles/LibWeb.dir/DOM/MutationRecord.cpp.o Lagom/Libraries/LibWeb/CMakeFiles/LibWeb.dir/DOM/MutationType.cpp.o Lagom/Libraries/LibWeb/CMakeFiles/LibWeb.dir/DOM/NamedNodeMap.cpp.o Lagom/Libraries/LibWeb/CMakeFiles/LibWeb.dir/DOM/Node.cpp.o Lagom/Libraries/LibWeb/CMakeFiles/LibWeb.dir/DOM/NodeFilter.cpp.o Lagom/Libraries/LibWeb/CMakeFiles/LibWeb.dir/DOM/NodeIterator.cpp.o Lagom/Libraries/LibWeb/CMakeFiles/LibWeb.dir/DOM/NodeList.cpp.o Lagom/Libraries/LibWeb/CMakeFiles/LibWeb.dir/DOM/NodeOperations.cpp.o Lagom/Libraries/LibWeb/CMakeFiles/LibWeb.dir/DOM/ParentNode.cpp.o Lagom/Libraries/LibWeb/CMakeFiles/LibWeb.dir/DOM/Position.cpp.o Lagom/Libraries/LibWeb/CMakeFiles/LibWeb.dir/DOM/ProcessingInstruction.cpp.o Lagom/Libraries/LibWeb/CMakeFiles/LibWeb.dir/DOM/PseudoElement.cpp.o Lagom/Libraries/LibWeb/CMakeFiles/LibWeb.dir/DOM/QualifiedName.cpp.o Lagom/Libraries/LibWeb/CMakeFiles/LibWeb.dir/DOM/Range.cpp.o Lagom/Libraries/LibWeb/CMakeFiles/LibWeb.dir/DOM/ShadowRoot.cpp.o Lagom/Libraries/LibWeb/CMakeFiles/LibWeb.dir/DOM/Slot.cpp.o Lagom/Libraries/LibWeb/CMakeFiles/LibWeb.dir/DOM/Slottable.cpp.o Lagom/Libraries/LibWeb/CMakeFiles/LibWeb.dir/DOM/StaticNodeList.cpp.o Lagom/Libraries/LibWeb/CMakeFiles/LibWeb.dir/DOM/StaticRange.cpp.o Lagom/Libraries/LibWeb/CMakeFiles/LibWeb.dir/DOM/StyleElementUtils.cpp.o Lagom/Libraries/LibWeb/CMakeFiles/LibWeb.dir/DOM/StyleInvalidator.cpp.o Lagom/Libraries/LibWeb/CMakeFiles/LibWeb.dir/DOM/Text.cpp.o Lagom/Libraries/LibWeb/CMakeFiles/LibWeb.dir/DOM/TreeWalker.cpp.o Lagom/Libraries/LibWeb/CMakeFiles/LibWeb.dir/DOM/Utils.cpp.o Lagom/Libraries/LibWeb/CMakeFiles/LibWeb.dir/DOM/XMLDocument.cpp.o Lagom/Libraries/LibWeb/CMakeFiles/LibWeb.dir/DOMURL/DOMURL.cpp.o Lagom/Libraries/LibWeb/CMakeFiles/LibWeb.dir/DOMURL/URLSearchParams.cpp.o Lagom/Libraries/LibWeb/CMakeFiles/LibWeb.dir/DOMURL/URLSearchParamsIterator.cpp.o Lagom/Libraries/LibWeb/CMakeFiles/LibWeb.dir/Dump.cpp.o Lagom/Libraries/LibWeb/CMakeFiles/LibWeb.dir/Editing/CommandNames.cpp.o Lagom/Libraries/LibWeb/CMakeFiles/LibWeb.dir/Editing/Commands.cpp.o Lagom/Libraries/LibWeb/CMakeFiles/LibWeb.dir/Editing/ExecCommand.cpp.o Lagom/Libraries/LibWeb/CMakeFiles/LibWeb.dir/Editing/Internal/Algorithms.cpp.o Lagom/Libraries/LibWeb/CMakeFiles/LibWeb.dir/Encoding/TextDecoder.cpp.o Lagom/Libraries/LibWeb/CMakeFiles/LibWeb.dir/Encoding/TextEncoder.cpp.o Lagom/Libraries/LibWeb/CMakeFiles/LibWeb.dir/Encoding/TextEncoderCommon.cpp.o Lagom/Libraries/LibWeb/CMakeFiles/LibWeb.dir/Encoding/TextEncoderStream.cpp.o Lagom/Libraries/LibWeb/CMakeFiles/LibWeb.dir/EncryptedMediaExtensions/Algorithms.cpp.o Lagom/Libraries/LibWeb/CMakeFiles/LibWeb.dir/EncryptedMediaExtensions/MediaKeySystemAccess.cpp.o Lagom/Libraries/LibWeb/CMakeFiles/LibWeb.dir/EncryptedMediaExtensions/NavigatorEncryptedMediaExtensionsPartial.cpp.o Lagom/Libraries/LibWeb/CMakeFiles/LibWeb.dir/EntriesAPI/FileSystemEntry.cpp.o Lagom/Libraries/LibWeb/CMakeFiles/LibWeb.dir/EventTiming/PerformanceEventTiming.cpp.o Lagom/Libraries/LibWeb/CMakeFiles/LibWeb.dir/Fetch/Body.cpp.o Lagom/Libraries/LibWeb/CMakeFiles/LibWeb.dir/Fetch/BodyInit.cpp.o Lagom/Libraries/LibWeb/CMakeFiles/LibWeb.dir/Fetch/Enums.cpp.o Lagom/Libraries/LibWeb/CMakeFiles/LibWeb.dir/Fetch/Fetching/Checks.cpp.o Lagom/Libraries/LibWeb/CMakeFiles/LibWeb.dir/Fetch/Fetching/FetchedDataReceiver.cpp.o Lagom/Libraries/LibWeb/CMakeFiles/LibWeb.dir/Fetch/Fetching/Fetching.cpp.o Lagom/Libraries/LibWeb/CMakeFiles/LibWeb.dir/Fetch/Fetching/PendingResponse.cpp.o Lagom/Libraries/LibWeb/CMakeFiles/LibWeb.dir/Fetch/Fetching/RefCountedFlag.cpp.o Lagom/Libraries/LibWeb/CMakeFiles/LibWeb.dir/Fetch/FetchMethod.cpp.o Lagom/Libraries/LibWeb/CMakeFiles/LibWeb.dir/Fetch/Headers.cpp.o Lagom/Libraries/LibWeb/CMakeFiles/LibWeb.dir/Fetch/HeadersIterator.cpp.o Lagom/Libraries/LibWeb/CMakeFiles/LibWeb.dir/Fetch/Infrastructure/FetchAlgorithms.cpp.o Lagom/Libraries/LibWeb/CMakeFiles/LibWeb.dir/Fetch/Infrastructure/FetchController.cpp.o Lagom/Libraries/LibWeb/CMakeFiles/LibWeb.dir/Fetch/Infrastructure/FetchParams.cpp.o Lagom/Libraries/LibWeb/CMakeFiles/LibWeb.dir/Fetch/Infrastructure/FetchRecord.cpp.o Lagom/Libraries/LibWeb/CMakeFiles/LibWeb.dir/Fetch/Infrastructure/FetchTimingInfo.cpp.o Lagom/Libraries/LibWeb/CMakeFiles/LibWeb.dir/Fetch/Infrastructure/HTTP.cpp.o Lagom/Libraries/LibWeb/CMakeFiles/LibWeb.dir/Fetch/Infrastructure/HTTP/Bodies.cpp.o Lagom/Libraries/LibWeb/CMakeFiles/LibWeb.dir/Fetch/Infrastructure/HTTP/Headers.cpp.o Lagom/Libraries/LibWeb/CMakeFiles/LibWeb.dir/Fetch/Infrastructure/HTTP/Methods.cpp.o Lagom/Libraries/LibWeb/CMakeFiles/LibWeb.dir/Fetch/Infrastructure/HTTP/Requests.cpp.o Lagom/Libraries/LibWeb/CMakeFiles/LibWeb.dir/Fetch/Infrastructure/HTTP/Responses.cpp.o Lagom/Libraries/LibWeb/CMakeFiles/LibWeb.dir/Fetch/Infrastructure/HTTP/Statuses.cpp.o Lagom/Libraries/LibWeb/CMakeFiles/LibWeb.dir/Fetch/Infrastructure/IncrementalReadLoopReadRequest.cpp.o Lagom/Libraries/LibWeb/CMakeFiles/LibWeb.dir/Fetch/Infrastructure/MimeTypeBlocking.cpp.o Lagom/Libraries/LibWeb/CMakeFiles/LibWeb.dir/Fetch/Infrastructure/NetworkPartitionKey.cpp.o Lagom/Libraries/LibWeb/CMakeFiles/LibWeb.dir/Fetch/Infrastructure/NoSniffBlocking.cpp.o Lagom/Libraries/LibWeb/CMakeFiles/LibWeb.dir/Fetch/Infrastructure/PortBlocking.cpp.o Lagom/Libraries/LibWeb/CMakeFiles/LibWeb.dir/Fetch/Infrastructure/Task.cpp.o Lagom/Libraries/LibWeb/CMakeFiles/LibWeb.dir/Fetch/Infrastructure/URL.cpp.o Lagom/Libraries/LibWeb/CMakeFiles/LibWeb.dir/Fetch/Request.cpp.o Lagom/Libraries/LibWeb/CMakeFiles/LibWeb.dir/Fetch/Response.cpp.o Lagom/Libraries/LibWeb/CMakeFiles/LibWeb.dir/FileAPI/Blob.cpp.o Lagom/Libraries/LibWeb/CMakeFiles/LibWeb.dir/FileAPI/BlobURLStore.cpp.o Lagom/Libraries/LibWeb/CMakeFiles/LibWeb.dir/FileAPI/File.cpp.o Lagom/Libraries/LibWeb/CMakeFiles/LibWeb.dir/FileAPI/FileList.cpp.o Lagom/Libraries/LibWeb/CMakeFiles/LibWeb.dir/FileAPI/FileReader.cpp.o Lagom/Libraries/LibWeb/CMakeFiles/LibWeb.dir/FileAPI/FileReaderSync.cpp.o Lagom/Libraries/LibWeb/CMakeFiles/LibWeb.dir/Gamepad/EventNames.cpp.o Lagom/Libraries/LibWeb/CMakeFiles/LibWeb.dir/Gamepad/Gamepad.cpp.o Lagom/Libraries/LibWeb/CMakeFiles/LibWeb.dir/Gamepad/GamepadButton.cpp.o Lagom/Libraries/LibWeb/CMakeFiles/LibWeb.dir/Gamepad/GamepadEvent.cpp.o Lagom/Libraries/LibWeb/CMakeFiles/LibWeb.dir/Gamepad/GamepadHapticActuator.cpp.o Lagom/Libraries/LibWeb/CMakeFiles/LibWeb.dir/Gamepad/NavigatorGamepad.cpp.o Lagom/Libraries/LibWeb/CMakeFiles/LibWeb.dir/Geolocation/Geolocation.cpp.o Lagom/Libraries/LibWeb/CMakeFiles/LibWeb.dir/Serial/Serial.cpp.o Lagom/Libraries/LibWeb/CMakeFiles/LibWeb.dir/Serial/SerialPort.cpp.o Lagom/Libraries/LibWeb/CMakeFiles/LibWeb.dir/Geolocation/GeolocationCoordinates.cpp.o Lagom/Libraries/LibWeb/CMakeFiles/LibWeb.dir/Geolocation/GeolocationPosition.cpp.o Lagom/Libraries/LibWeb/CMakeFiles/LibWeb.dir/Geolocation/GeolocationPositionError.cpp.o Lagom/Libraries/LibWeb/CMakeFiles/LibWeb.dir/Geometry/DOMMatrix.cpp.o Lagom/Libraries/LibWeb/CMakeFiles/LibWeb.dir/Geometry/DOMMatrixReadOnly.cpp.o Lagom/Libraries/LibWeb/CMakeFiles/LibWeb.dir/Geometry/DOMPoint.cpp.o Lagom/Libraries/LibWeb/CMakeFiles/LibWeb.dir/Geometry/DOMPointReadOnly.cpp.o Lagom/Libraries/LibWeb/CMakeFiles/LibWeb.dir/Geometry/DOMQuad.cpp.o Lagom/Libraries/LibWeb/CMakeFiles/LibWeb.dir/Geometry/DOMRect.cpp.o Lagom/Libraries/LibWeb/CMakeFiles/LibWeb.dir/Geometry/DOMRectList.cpp.o Lagom/Libraries/LibWeb/CMakeFiles/LibWeb.dir/Geometry/DOMRectReadOnly.cpp.o Lagom/Libraries/LibWeb/CMakeFiles/LibWeb.dir/GPC/GlobalPrivacyControl.cpp.o Lagom/Libraries/LibWeb/CMakeFiles/LibWeb.dir/GraphemeEdgeTracker.cpp.o Lagom/Libraries/LibWeb/CMakeFiles/LibWeb.dir/HighResolutionTime/Performance.cpp.o Lagom/Libraries/LibWeb/CMakeFiles/LibWeb.dir/HighResolutionTime/TimeOrigin.cpp.o Lagom/Libraries/LibWeb/CMakeFiles/LibWeb.dir/HTML/AbstractWorker.cpp.o Lagom/Libraries/LibWeb/CMakeFiles/LibWeb.dir/HTML/AnimatedBitmapDecodedImageData.cpp.o Lagom/Libraries/LibWeb/CMakeFiles/LibWeb.dir/HTML/AnimationFrameCallbackDriver.cpp.o Lagom/Libraries/LibWeb/CMakeFiles/LibWeb.dir/HTML/AttributeNames.cpp.o Lagom/Libraries/LibWeb/CMakeFiles/LibWeb.dir/HTML/AudioTrack.cpp.o Lagom/Libraries/LibWeb/CMakeFiles/LibWeb.dir/HTML/AudioTrackList.cpp.o Lagom/Libraries/LibWeb/CMakeFiles/LibWeb.dir/HTML/AutocompleteElement.cpp.o Lagom/Libraries/LibWeb/CMakeFiles/LibWeb.dir/HTML/BarProp.cpp.o Lagom/Libraries/LibWeb/CMakeFiles/LibWeb.dir/HTML/BeforeUnloadEvent.cpp.o Lagom/Libraries/LibWeb/CMakeFiles/LibWeb.dir/HTML/BroadcastChannel.cpp.o Lagom/Libraries/LibWeb/CMakeFiles/LibWeb.dir/HTML/BrowsingContext.cpp.o Lagom/Libraries/LibWeb/CMakeFiles/LibWeb.dir/HTML/BrowsingContextGroup.cpp.o Lagom/Libraries/LibWeb/CMakeFiles/LibWeb.dir/HTML/Canvas/CanvasDrawImage.cpp.o Lagom/Libraries/LibWeb/CMakeFiles/LibWeb.dir/HTML/Canvas/CanvasPath.cpp.o Lagom/Libraries/LibWeb/CMakeFiles/LibWeb.dir/HTML/Canvas/CanvasSettings.cpp.o Lagom/Libraries/LibWeb/CMakeFiles/LibWeb.dir/HTML/Canvas/CanvasState.cpp.o Lagom/Libraries/LibWeb/CMakeFiles/LibWeb.dir/HTML/Canvas/SerializeBitmap.cpp.o Lagom/Libraries/LibWeb/CMakeFiles/LibWeb.dir/HTML/CanvasGradient.cpp.o Lagom/Libraries/LibWeb/CMakeFiles/LibWeb.dir/HTML/CanvasPattern.cpp.o Lagom/Libraries/LibWeb/CMakeFiles/LibWeb.dir/HTML/CanvasRenderingContext2D.cpp.o Lagom/Libraries/LibWeb/CMakeFiles/LibWeb.dir/HTML/CloseEvent.cpp.o Lagom/Libraries/LibWeb/CMakeFiles/LibWeb.dir/HTML/CloseWatcher.cpp.o Lagom/Libraries/LibWeb/CMakeFiles/LibWeb.dir/HTML/CloseWatcherManager.cpp.o Lagom/Libraries/LibWeb/CMakeFiles/LibWeb.dir/HTML/CommandEvent.cpp.o Lagom/Libraries/LibWeb/CMakeFiles/LibWeb.dir/HTML/CORSSettingAttribute.cpp.o Lagom/Libraries/LibWeb/CMakeFiles/LibWeb.dir/HTML/CrossOrigin/AbstractOperations.cpp.o Lagom/Libraries/LibWeb/CMakeFiles/LibWeb.dir/HTML/CrossOrigin/Reporting.cpp.o Lagom/Libraries/LibWeb/CMakeFiles/LibWeb.dir/HTML/CustomElements/CustomElementDefinition.cpp.o Lagom/Libraries/LibWeb/CMakeFiles/LibWeb.dir/HTML/CustomElements/CustomElementName.cpp.o Lagom/Libraries/LibWeb/CMakeFiles/LibWeb.dir/HTML/CustomElements/CustomElementReactionNames.cpp.o Lagom/Libraries/LibWeb/CMakeFiles/LibWeb.dir/HTML/CustomElements/CustomElementRegistry.cpp.o Lagom/Libraries/LibWeb/CMakeFiles/LibWeb.dir/HTML/CustomElements/CustomStateSet.cpp.o Lagom/Libraries/LibWeb/CMakeFiles/LibWeb.dir/HTML/DataTransfer.cpp.o Lagom/Libraries/LibWeb/CMakeFiles/LibWeb.dir/HTML/DataTransferItem.cpp.o Lagom/Libraries/LibWeb/CMakeFiles/LibWeb.dir/HTML/DataTransferItemList.cpp.o Lagom/Libraries/LibWeb/CMakeFiles/LibWeb.dir/HTML/Dates.cpp.o Lagom/Libraries/LibWeb/CMakeFiles/LibWeb.dir/HTML/DecodedImageData.cpp.o Lagom/Libraries/LibWeb/CMakeFiles/LibWeb.dir/HTML/DedicatedWorkerGlobalScope.cpp.o Lagom/Libraries/LibWeb/CMakeFiles/LibWeb.dir/HTML/DocumentState.cpp.o Lagom/Libraries/LibWeb/CMakeFiles/LibWeb.dir/HTML/DOMParser.cpp.o Lagom/Libraries/LibWeb/CMakeFiles/LibWeb.dir/HTML/DOMStringList.cpp.o Lagom/Libraries/LibWeb/CMakeFiles/LibWeb.dir/HTML/DOMStringMap.cpp.o Lagom/Libraries/LibWeb/CMakeFiles/LibWeb.dir/HTML/DragDataStore.cpp.o Lagom/Libraries/LibWeb/CMakeFiles/LibWeb.dir/HTML/DragEvent.cpp.o Lagom/Libraries/LibWeb/CMakeFiles/LibWeb.dir/HTML/ElementInternals.cpp.o Lagom/Libraries/LibWeb/CMakeFiles/LibWeb.dir/HTML/EmbedderPolicy.cpp.o Lagom/Libraries/LibWeb/CMakeFiles/LibWeb.dir/HTML/ErrorEvent.cpp.o Lagom/Libraries/LibWeb/CMakeFiles/LibWeb.dir/HTML/EventHandler.cpp.o Lagom/Libraries/LibWeb/CMakeFiles/LibWeb.dir/HTML/EventLoop/EventLoop.cpp.o Lagom/Libraries/LibWeb/CMakeFiles/LibWeb.dir/HTML/EventLoop/Task.cpp.o Lagom/Libraries/LibWeb/CMakeFiles/LibWeb.dir/HTML/EventLoop/TaskQueue.cpp.o Lagom/Libraries/LibWeb/CMakeFiles/LibWeb.dir/HTML/EventNames.cpp.o Lagom/Libraries/LibWeb/CMakeFiles/LibWeb.dir/HTML/EventSource.cpp.o Lagom/Libraries/LibWeb/CMakeFiles/LibWeb.dir/HTML/FileFilter.cpp.o Lagom/Libraries/LibWeb/CMakeFiles/LibWeb.dir/HTML/Focus.cpp.o Lagom/Libraries/LibWeb/CMakeFiles/LibWeb.dir/HTML/FormAssociatedElement.cpp.o Lagom/Libraries/LibWeb/CMakeFiles/LibWeb.dir/HTML/FormControlInfrastructure.cpp.o Lagom/Libraries/LibWeb/CMakeFiles/LibWeb.dir/HTML/FormDataEvent.cpp.o Lagom/Libraries/LibWeb/CMakeFiles/LibWeb.dir/HTML/GlobalEventHandlers.cpp.o Lagom/Libraries/LibWeb/CMakeFiles/LibWeb.dir/HTML/HashChangeEvent.cpp.o Lagom/Libraries/LibWeb/CMakeFiles/LibWeb.dir/HTML/History.cpp.o Lagom/Libraries/LibWeb/CMakeFiles/LibWeb.dir/HTML/HTMLAllCollection.cpp.o Lagom/Libraries/LibWeb/CMakeFiles/LibWeb.dir/HTML/HTMLAnchorElement.cpp.o Lagom/Libraries/LibWeb/CMakeFiles/LibWeb.dir/HTML/HTMLAreaElement.cpp.o Lagom/Libraries/LibWeb/CMakeFiles/LibWeb.dir/HTML/HTMLAudioElement.cpp.o Lagom/Libraries/LibWeb/CMakeFiles/LibWeb.dir/HTML/HTMLBaseElement.cpp.o Lagom/Libraries/LibWeb/CMakeFiles/LibWeb.dir/HTML/HTMLBodyElement.cpp.o Lagom/Libraries/LibWeb/CMakeFiles/LibWeb.dir/HTML/HTMLBRElement.cpp.o Lagom/Libraries/LibWeb/CMakeFiles/LibWeb.dir/HTML/HTMLButtonElement.cpp.o Lagom/Libraries/LibWeb/CMakeFiles/LibWeb.dir/HTML/HTMLCanvasElement.cpp.o Lagom/Libraries/LibWeb/CMakeFiles/LibWeb.dir/HTML/HTMLDataElement.cpp.o Lagom/Libraries/LibWeb/CMakeFiles/LibWeb.dir/HTML/HTMLDataListElement.cpp.o Lagom/Libraries/LibWeb/CMakeFiles/LibWeb.dir/HTML/HTMLDetailsElement.cpp.o Lagom/Libraries/LibWeb/CMakeFiles/LibWeb.dir/HTML/HTMLDialogElement.cpp.o Lagom/Libraries/LibWeb/CMakeFiles/LibWeb.dir/HTML/HTMLDirectoryElement.cpp.o Lagom/Libraries/LibWeb/CMakeFiles/LibWeb.dir/HTML/HTMLDivElement.cpp.o Lagom/Libraries/LibWeb/CMakeFiles/LibWeb.dir/HTML/HTMLDListElement.cpp.o Lagom/Libraries/LibWeb/CMakeFiles/LibWeb.dir/HTML/HTMLDocument.cpp.o Lagom/Libraries/LibWeb/CMakeFiles/LibWeb.dir/HTML/HTMLElement.cpp.o Lagom/Libraries/LibWeb/CMakeFiles/LibWeb.dir/HTML/HTMLEmbedElement.cpp.o Lagom/Libraries/LibWeb/CMakeFiles/LibWeb.dir/HTML/HTMLFieldSetElement.cpp.o Lagom/Libraries/LibWeb/CMakeFiles/LibWeb.dir/HTML/HTMLFontElement.cpp.o Lagom/Libraries/LibWeb/CMakeFiles/LibWeb.dir/HTML/HTMLFormControlsCollection.cpp.o Lagom/Libraries/LibWeb/CMakeFiles/LibWeb.dir/HTML/HTMLFormElement.cpp.o Lagom/Libraries/LibWeb/CMakeFiles/LibWeb.dir/HTML/HTMLFrameElement.cpp.o Lagom/Libraries/LibWeb/CMakeFiles/LibWeb.dir/HTML/HTMLFrameSetElement.cpp.o Lagom/Libraries/LibWeb/CMakeFiles/LibWeb.dir/HTML/HTMLHeadElement.cpp.o Lagom/Libraries/LibWeb/CMakeFiles/LibWeb.dir/HTML/HTMLHeadingElement.cpp.o Lagom/Libraries/LibWeb/CMakeFiles/LibWeb.dir/HTML/HTMLHRElement.cpp.o Lagom/Libraries/LibWeb/CMakeFiles/LibWeb.dir/HTML/HTMLHtmlElement.cpp.o Lagom/Libraries/LibWeb/CMakeFiles/LibWeb.dir/HTML/HTMLHyperlinkElementUtils.cpp.o Lagom/Libraries/LibWeb/CMakeFiles/LibWeb.dir/HTML/HTMLIFrameElement.cpp.o Lagom/Libraries/LibWeb/CMakeFiles/LibWeb.dir/HTML/HTMLImageElement.cpp.o Lagom/Libraries/LibWeb/CMakeFiles/LibWeb.dir/HTML/HTMLInputElement.cpp.o Lagom/Libraries/LibWeb/CMakeFiles/LibWeb.dir/HTML/HTMLLabelElement.cpp.o Lagom/Libraries/LibWeb/CMakeFiles/LibWeb.dir/HTML/HTMLLegendElement.cpp.o Lagom/Libraries/LibWeb/CMakeFiles/LibWeb.dir/HTML/HTMLLIElement.cpp.o Lagom/Libraries/LibWeb/CMakeFiles/LibWeb.dir/HTML/HTMLLinkElement.cpp.o Lagom/Libraries/LibWeb/CMakeFiles/LibWeb.dir/HTML/HTMLMapElement.cpp.o Lagom/Libraries/LibWeb/CMakeFiles/LibWeb.dir/HTML/HTMLMarqueeElement.cpp.o Lagom/Libraries/LibWeb/CMakeFiles/LibWeb.dir/HTML/HTMLMediaElement.cpp.o Lagom/Libraries/LibWeb/CMakeFiles/LibWeb.dir/HTML/HTMLMenuElement.cpp.o Lagom/Libraries/LibWeb/CMakeFiles/LibWeb.dir/HTML/HTMLMetaElement.cpp.o Lagom/Libraries/LibWeb/CMakeFiles/LibWeb.dir/HTML/HTMLMeterElement.cpp.o Lagom/Libraries/LibWeb/CMakeFiles/LibWeb.dir/HTML/HTMLModElement.cpp.o Lagom/Libraries/LibWeb/CMakeFiles/LibWeb.dir/HTML/HTMLObjectElement.cpp.o Lagom/Libraries/LibWeb/CMakeFiles/LibWeb.dir/HTML/HTMLOListElement.cpp.o Lagom/Libraries/LibWeb/CMakeFiles/LibWeb.dir/HTML/HTMLOptGroupElement.cpp.o Lagom/Libraries/LibWeb/CMakeFiles/LibWeb.dir/HTML/HTMLOptionElement.cpp.o Lagom/Libraries/LibWeb/CMakeFiles/LibWeb.dir/HTML/HTMLOptionsCollection.cpp.o Lagom/Libraries/LibWeb/CMakeFiles/LibWeb.dir/HTML/HTMLOrSVGElement.cpp.o Lagom/Libraries/LibWeb/CMakeFiles/LibWeb.dir/HTML/HTMLOutputElement.cpp.o Lagom/Libraries/LibWeb/CMakeFiles/LibWeb.dir/HTML/HTMLParagraphElement.cpp.o Lagom/Libraries/LibWeb/CMakeFiles/LibWeb.dir/HTML/HTMLParamElement.cpp.o Lagom/Libraries/LibWeb/CMakeFiles/LibWeb.dir/HTML/HTMLPictureElement.cpp.o Lagom/Libraries/LibWeb/CMakeFiles/LibWeb.dir/HTML/HTMLPreElement.cpp.o Lagom/Libraries/LibWeb/CMakeFiles/LibWeb.dir/HTML/HTMLProgressElement.cpp.o Lagom/Libraries/LibWeb/CMakeFiles/LibWeb.dir/HTML/HTMLQuoteElement.cpp.o Lagom/Libraries/LibWeb/CMakeFiles/LibWeb.dir/HTML/HTMLScriptElement.cpp.o Lagom/Libraries/LibWeb/CMakeFiles/LibWeb.dir/HTML/HTMLSelectElement.cpp.o Lagom/Libraries/LibWeb/CMakeFiles/LibWeb.dir/HTML/HTMLSlotElement.cpp.o Lagom/Libraries/LibWeb/CMakeFiles/LibWeb.dir/HTML/HTMLSourceElement.cpp.o Lagom/Libraries/LibWeb/CMakeFiles/LibWeb.dir/HTML/HTMLSpanElement.cpp.o Lagom/Libraries/LibWeb/CMakeFiles/LibWeb.dir/HTML/HTMLStyleElement.cpp.o Lagom/Libraries/LibWeb/CMakeFiles/LibWeb.dir/HTML/HTMLSummaryElement.cpp.o Lagom/Libraries/LibWeb/CMakeFiles/LibWeb.dir/HTML/HTMLTableCaptionElement.cpp.o Lagom/Libraries/LibWeb/CMakeFiles/LibWeb.dir/HTML/HTMLTableCellElement.cpp.o Lagom/Libraries/LibWeb/CMakeFiles/LibWeb.dir/HTML/HTMLTableColElement.cpp.o Lagom/Libraries/LibWeb/CMakeFiles/LibWeb.dir/HTML/HTMLTableElement.cpp.o Lagom/Libraries/LibWeb/CMakeFiles/LibWeb.dir/HTML/HTMLTableRowElement.cpp.o Lagom/Libraries/LibWeb/CMakeFiles/LibWeb.dir/HTML/HTMLTableSectionElement.cpp.o Lagom/Libraries/LibWeb/CMakeFiles/LibWeb.dir/HTML/HTMLTemplateElement.cpp.o Lagom/Libraries/LibWeb/CMakeFiles/LibWeb.dir/HTML/HTMLTextAreaElement.cpp.o Lagom/Libraries/LibWeb/CMakeFiles/LibWeb.dir/HTML/HTMLTimeElement.cpp.o Lagom/Libraries/LibWeb/CMakeFiles/LibWeb.dir/HTML/HTMLTitleElement.cpp.o Lagom/Libraries/LibWeb/CMakeFiles/LibWeb.dir/HTML/HTMLTrackElement.cpp.o Lagom/Libraries/LibWeb/CMakeFiles/LibWeb.dir/HTML/HTMLUListElement.cpp.o Lagom/Libraries/LibWeb/CMakeFiles/LibWeb.dir/HTML/HTMLUnknownElement.cpp.o Lagom/Libraries/LibWeb/CMakeFiles/LibWeb.dir/HTML/HTMLVideoElement.cpp.o Lagom/Libraries/LibWeb/CMakeFiles/LibWeb.dir/HTML/ImageBitmap.cpp.o Lagom/Libraries/LibWeb/CMakeFiles/LibWeb.dir/HTML/ImageData.cpp.o Lagom/Libraries/LibWeb/CMakeFiles/LibWeb.dir/HTML/ImageRequest.cpp.o Lagom/Libraries/LibWeb/CMakeFiles/LibWeb.dir/HTML/ListOfAvailableImages.cpp.o Lagom/Libraries/LibWeb/CMakeFiles/LibWeb.dir/HTML/Location.cpp.o Lagom/Libraries/LibWeb/CMakeFiles/LibWeb.dir/HTML/MediaError.cpp.o Lagom/Libraries/LibWeb/CMakeFiles/LibWeb.dir/HTML/MessageChannel.cpp.o Lagom/Libraries/LibWeb/CMakeFiles/LibWeb.dir/HTML/MessageEvent.cpp.o Lagom/Libraries/LibWeb/CMakeFiles/LibWeb.dir/HTML/MessagePort.cpp.o Lagom/Libraries/LibWeb/CMakeFiles/LibWeb.dir/HTML/MimeType.cpp.o Lagom/Libraries/LibWeb/CMakeFiles/LibWeb.dir/HTML/MimeTypeArray.cpp.o Lagom/Libraries/LibWeb/CMakeFiles/LibWeb.dir/HTML/Navigable.cpp.o Lagom/Libraries/LibWeb/CMakeFiles/LibWeb.dir/HTML/NavigableContainer.cpp.o Lagom/Libraries/LibWeb/CMakeFiles/LibWeb.dir/HTML/NavigateEvent.cpp.o Lagom/Libraries/LibWeb/CMakeFiles/LibWeb.dir/HTML/Navigation.cpp.o Lagom/Libraries/LibWeb/CMakeFiles/LibWeb.dir/HTML/NavigationCurrentEntryChangeEvent.cpp.o Lagom/Libraries/LibWeb/CMakeFiles/LibWeb.dir/HTML/NavigationDestination.cpp.o Lagom/Libraries/LibWeb/CMakeFiles/LibWeb.dir/HTML/NavigationHistoryEntry.cpp.o Lagom/Libraries/LibWeb/CMakeFiles/LibWeb.dir/HTML/NavigationObserver.cpp.o Lagom/Libraries/LibWeb/CMakeFiles/LibWeb.dir/HTML/NavigationParams.cpp.o Lagom/Libraries/LibWeb/CMakeFiles/LibWeb.dir/HTML/NavigationTransition.cpp.o Lagom/Libraries/LibWeb/CMakeFiles/LibWeb.dir/HTML/Navigator.cpp.o Lagom/Libraries/LibWeb/CMakeFiles/LibWeb.dir/HTML/NavigatorBeacon.cpp.o Lagom/Libraries/LibWeb/CMakeFiles/LibWeb.dir/HTML/NavigatorID.cpp.o Lagom/Libraries/LibWeb/CMakeFiles/LibWeb.dir/HTML/Numbers.cpp.o Lagom/Libraries/LibWeb/CMakeFiles/LibWeb.dir/HTML/OffscreenCanvas.cpp.o Lagom/Libraries/LibWeb/CMakeFiles/LibWeb.dir/HTML/OffscreenCanvasRenderingContext2D.cpp.o Lagom/Libraries/LibWeb/CMakeFiles/LibWeb.dir/HTML/PageTransitionEvent.cpp.o Lagom/Libraries/LibWeb/CMakeFiles/LibWeb.dir/HTML/Parser/Entities.cpp.o Lagom/Libraries/LibWeb/CMakeFiles/LibWeb.dir/HTML/Parser/HTMLEncodingDetection.cpp.o Lagom/Libraries/LibWeb/CMakeFiles/LibWeb.dir/HTML/Parser/HTMLParser.cpp.o Lagom/Libraries/LibWeb/CMakeFiles/LibWeb.dir/HTML/Parser/HTMLToken.cpp.o Lagom/Libraries/LibWeb/CMakeFiles/LibWeb.dir/HTML/Parser/HTMLTokenizer.cpp.o Lagom/Libraries/LibWeb/CMakeFiles/LibWeb.dir/HTML/Parser/ListOfActiveFormattingElements.cpp.o Lagom/Libraries/LibWeb/CMakeFiles/LibWeb.dir/HTML/Parser/StackOfOpenElements.cpp.o Lagom/Libraries/LibWeb/CMakeFiles/LibWeb.dir/HTML/Path2D.cpp.o Lagom/Libraries/LibWeb/CMakeFiles/LibWeb.dir/HTML/Plugin.cpp.o Lagom/Libraries/LibWeb/CMakeFiles/LibWeb.dir/HTML/PluginArray.cpp.o Lagom/Libraries/LibWeb/CMakeFiles/LibWeb.dir/HTML/PolicyContainers.cpp.o Lagom/Libraries/LibWeb/CMakeFiles/LibWeb.dir/HTML/PopoverInvokerElement.cpp.o Lagom/Libraries/LibWeb/CMakeFiles/LibWeb.dir/HTML/PopStateEvent.cpp.o Lagom/Libraries/LibWeb/CMakeFiles/LibWeb.dir/HTML/PotentialCORSRequest.cpp.o Lagom/Libraries/LibWeb/CMakeFiles/LibWeb.dir/HTML/PromiseRejectionEvent.cpp.o Lagom/Libraries/LibWeb/CMakeFiles/LibWeb.dir/HTML/RadioNodeList.cpp.o Lagom/Libraries/LibWeb/CMakeFiles/LibWeb.dir/HTML/RenderingThread.cpp.o Lagom/Libraries/LibWeb/CMakeFiles/LibWeb.dir/HTML/SandboxingFlagSet.cpp.o Lagom/Libraries/LibWeb/CMakeFiles/LibWeb.dir/HTML/Scripting/Agent.cpp.o Lagom/Libraries/LibWeb/CMakeFiles/LibWeb.dir/HTML/Scripting/ClassicScript.cpp.o Lagom/Libraries/LibWeb/CMakeFiles/LibWeb.dir/HTML/Scripting/Environments.cpp.o Lagom/Libraries/LibWeb/CMakeFiles/LibWeb.dir/HTML/Scripting/EnvironmentSettingsSnapshot.cpp.o Lagom/Libraries/LibWeb/CMakeFiles/LibWeb.dir/HTML/Scripting/ExceptionReporter.cpp.o Lagom/Libraries/LibWeb/CMakeFiles/LibWeb.dir/HTML/Scripting/ImportMap.cpp.o Lagom/Libraries/LibWeb/CMakeFiles/LibWeb.dir/HTML/Scripting/ImportMapParseResult.cpp.o Lagom/Libraries/LibWeb/CMakeFiles/LibWeb.dir/HTML/Scripting/ModuleMap.cpp.o Lagom/Libraries/LibWeb/CMakeFiles/LibWeb.dir/HTML/Scripting/ModuleScript.cpp.o Lagom/Libraries/LibWeb/CMakeFiles/LibWeb.dir/HTML/Scripting/PythonEngine.cpp.o Lagom/Libraries/LibWeb/CMakeFiles/LibWeb.dir/HTML/Scripting/PythonScript.cpp.o Lagom/Libraries/LibWeb/CMakeFiles/LibWeb.dir/HTML/Scripting/PythonSecurityModel.cpp.o Lagom/Libraries/LibWeb/CMakeFiles/LibWeb.dir/HTML/Scripting/Script.cpp.o Lagom/Libraries/LibWeb/CMakeFiles/LibWeb.dir/HTML/Scripting/SerializedEnvironmentSettingsObject.cpp.o Lagom/Libraries/LibWeb/CMakeFiles/LibWeb.dir/HTML/Scripting/SimilarOriginWindowAgent.cpp.o Lagom/Libraries/LibWeb/CMakeFiles/LibWeb.dir/HTML/Scripting/SyntheticRealmSettings.cpp.o Lagom/Libraries/LibWeb/CMakeFiles/LibWeb.dir/HTML/Scripting/TemporaryExecutionContext.cpp.o Lagom/Libraries/LibWeb/CMakeFiles/LibWeb.dir/HTML/Scripting/WindowEnvironmentSettingsObject.cpp.o Lagom/Libraries/LibWeb/CMakeFiles/LibWeb.dir/HTML/Scripting/WorkerAgent.cpp.o Lagom/Libraries/LibWeb/CMakeFiles/LibWeb.dir/HTML/Scripting/WorkerEnvironmentSettingsObject.cpp.o Lagom/Libraries/LibWeb/CMakeFiles/LibWeb.dir/HTML/SelectedFile.cpp.o Lagom/Libraries/LibWeb/CMakeFiles/LibWeb.dir/HTML/SelectItem.cpp.o Lagom/Libraries/LibWeb/CMakeFiles/LibWeb.dir/HTML/SerializedPolicyContainer.cpp.o Lagom/Libraries/LibWeb/CMakeFiles/LibWeb.dir/HTML/SessionHistoryEntry.cpp.o Lagom/Libraries/LibWeb/CMakeFiles/LibWeb.dir/HTML/SessionHistoryTraversalQueue.cpp.o Lagom/Libraries/LibWeb/CMakeFiles/LibWeb.dir/HTML/ShadowRealmGlobalScope.cpp.o Lagom/Libraries/LibWeb/CMakeFiles/LibWeb.dir/HTML/SharedResourceRequest.cpp.o Lagom/Libraries/LibWeb/CMakeFiles/LibWeb.dir/HTML/SharedWorker.cpp.o Lagom/Libraries/LibWeb/CMakeFiles/LibWeb.dir/HTML/SharedWorkerGlobalScope.cpp.o Lagom/Libraries/LibWeb/CMakeFiles/LibWeb.dir/HTML/SourceSet.cpp.o Lagom/Libraries/LibWeb/CMakeFiles/LibWeb.dir/HTML/SourceSnapshotParams.cpp.o Lagom/Libraries/LibWeb/CMakeFiles/LibWeb.dir/HTML/Storage.cpp.o Lagom/Libraries/LibWeb/CMakeFiles/LibWeb.dir/HTML/StorageEvent.cpp.o Lagom/Libraries/LibWeb/CMakeFiles/LibWeb.dir/HTML/StructuredSerialize.cpp.o Lagom/Libraries/LibWeb/CMakeFiles/LibWeb.dir/HTML/SubmitEvent.cpp.o Lagom/Libraries/LibWeb/CMakeFiles/LibWeb.dir/HTML/SyntaxHighlighter/SyntaxHighlighter.cpp.o Lagom/Libraries/LibWeb/CMakeFiles/LibWeb.dir/HTML/TagNames.cpp.o Lagom/Libraries/LibWeb/CMakeFiles/LibWeb.dir/HTML/TextMetrics.cpp.o Lagom/Libraries/LibWeb/CMakeFiles/LibWeb.dir/HTML/TextTrack.cpp.o Lagom/Libraries/LibWeb/CMakeFiles/LibWeb.dir/HTML/TextTrackCue.cpp.o Lagom/Libraries/LibWeb/CMakeFiles/LibWeb.dir/HTML/TextTrackCueList.cpp.o Lagom/Libraries/LibWeb/CMakeFiles/LibWeb.dir/HTML/TextTrackList.cpp.o Lagom/Libraries/LibWeb/CMakeFiles/LibWeb.dir/HTML/TextTrackObserver.cpp.o Lagom/Libraries/LibWeb/CMakeFiles/LibWeb.dir/HTML/Timer.cpp.o Lagom/Libraries/LibWeb/CMakeFiles/LibWeb.dir/HTML/TimeRanges.cpp.o Lagom/Libraries/LibWeb/CMakeFiles/LibWeb.dir/HTML/ToggleEvent.cpp.o Lagom/Libraries/LibWeb/CMakeFiles/LibWeb.dir/HTML/TokenizedFeatures.cpp.o Lagom/Libraries/LibWeb/CMakeFiles/LibWeb.dir/HTML/TrackEvent.cpp.o Lagom/Libraries/LibWeb/CMakeFiles/LibWeb.dir/HTML/TraversableNavigable.cpp.o Lagom/Libraries/LibWeb/CMakeFiles/LibWeb.dir/HTML/UniversalGlobalScope.cpp.o Lagom/Libraries/LibWeb/CMakeFiles/LibWeb.dir/HTML/UserActivation.cpp.o Lagom/Libraries/LibWeb/CMakeFiles/LibWeb.dir/HTML/ValidityState.cpp.o Lagom/Libraries/LibWeb/CMakeFiles/LibWeb.dir/HTML/VideoTrack.cpp.o Lagom/Libraries/LibWeb/CMakeFiles/LibWeb.dir/HTML/VideoTrackList.cpp.o Lagom/Libraries/LibWeb/CMakeFiles/LibWeb.dir/HTML/WebViewHints.cpp.o Lagom/Libraries/LibWeb/CMakeFiles/LibWeb.dir/HTML/Window.cpp.o Lagom/Libraries/LibWeb/CMakeFiles/LibWeb.dir/HTML/WindowEventHandlers.cpp.o Lagom/Libraries/LibWeb/CMakeFiles/LibWeb.dir/HTML/WindowOrWorkerGlobalScope.cpp.o Lagom/Libraries/LibWeb/CMakeFiles/LibWeb.dir/HTML/WindowProxy.cpp.o Lagom/Libraries/LibWeb/CMakeFiles/LibWeb.dir/HTML/Worker.cpp.o Lagom/Libraries/LibWeb/CMakeFiles/LibWeb.dir/HTML/WorkerAgentParent.cpp.o Lagom/Libraries/LibWeb/CMakeFiles/LibWeb.dir/HTML/WorkerDebugConsoleClient.cpp.o Lagom/Libraries/LibWeb/CMakeFiles/LibWeb.dir/HTML/WorkerGlobalScope.cpp.o Lagom/Libraries/LibWeb/CMakeFiles/LibWeb.dir/HTML/WorkerLocation.cpp.o Lagom/Libraries/LibWeb/CMakeFiles/LibWeb.dir/HTML/WorkerNavigator.cpp.o Lagom/Libraries/LibWeb/CMakeFiles/LibWeb.dir/HTML/WorkletGlobalScope.cpp.o Lagom/Libraries/LibWeb/CMakeFiles/LibWeb.dir/HTML/XMLSerializer.cpp.o Lagom/Libraries/LibWeb/CMakeFiles/LibWeb.dir/IndexedDB/IDBCursor.cpp.o Lagom/Libraries/LibWeb/CMakeFiles/LibWeb.dir/IndexedDB/IDBDatabase.cpp.o Lagom/Libraries/LibWeb/CMakeFiles/LibWeb.dir/IndexedDB/IDBFactory.cpp.o Lagom/Libraries/LibWeb/CMakeFiles/LibWeb.dir/IndexedDB/IDBIndex.cpp.o Lagom/Libraries/LibWeb/CMakeFiles/LibWeb.dir/IndexedDB/IDBKeyRange.cpp.o Lagom/Libraries/LibWeb/CMakeFiles/LibWeb.dir/IndexedDB/IDBObjectStore.cpp.o Lagom/Libraries/LibWeb/CMakeFiles/LibWeb.dir/IndexedDB/IDBOpenDBRequest.cpp.o Lagom/Libraries/LibWeb/CMakeFiles/LibWeb.dir/IndexedDB/IDBRecord.cpp.o Lagom/Libraries/LibWeb/CMakeFiles/LibWeb.dir/IndexedDB/IDBRequest.cpp.o Lagom/Libraries/LibWeb/CMakeFiles/LibWeb.dir/IndexedDB/IDBTransaction.cpp.o Lagom/Libraries/LibWeb/CMakeFiles/LibWeb.dir/IndexedDB/IDBVersionChangeEvent.cpp.o Lagom/Libraries/LibWeb/CMakeFiles/LibWeb.dir/IndexedDB/Internal/Algorithms.cpp.o Lagom/Libraries/LibWeb/CMakeFiles/LibWeb.dir/IndexedDB/Internal/Database.cpp.o Lagom/Libraries/LibWeb/CMakeFiles/LibWeb.dir/IndexedDB/Internal/IDBDatabaseObserver.cpp.o Lagom/Libraries/LibWeb/CMakeFiles/LibWeb.dir/IndexedDB/Internal/IDBRequestObserver.cpp.o Lagom/Libraries/LibWeb/CMakeFiles/LibWeb.dir/IndexedDB/Internal/IDBTransactionObserver.cpp.o Lagom/Libraries/LibWeb/CMakeFiles/LibWeb.dir/IndexedDB/Internal/Index.cpp.o Lagom/Libraries/LibWeb/CMakeFiles/LibWeb.dir/IndexedDB/Internal/Key.cpp.o Lagom/Libraries/LibWeb/CMakeFiles/LibWeb.dir/IndexedDB/Internal/ObjectStore.cpp.o Lagom/Libraries/LibWeb/CMakeFiles/LibWeb.dir/IndexedDB/Internal/RequestList.cpp.o Lagom/Libraries/LibWeb/CMakeFiles/LibWeb.dir/Infra/ByteSequences.cpp.o Lagom/Libraries/LibWeb/CMakeFiles/LibWeb.dir/Infra/JSON.cpp.o Lagom/Libraries/LibWeb/CMakeFiles/LibWeb.dir/Infra/Strings.cpp.o Lagom/Libraries/LibWeb/CMakeFiles/LibWeb.dir/Internals/InternalAnimationTimeline.cpp.o Lagom/Libraries/LibWeb/CMakeFiles/LibWeb.dir/Internals/InternalGamepad.cpp.o Lagom/Libraries/LibWeb/CMakeFiles/LibWeb.dir/Internals/Internals.cpp.o Lagom/Libraries/LibWeb/CMakeFiles/LibWeb.dir/Internals/InternalsBase.cpp.o Lagom/Libraries/LibWeb/CMakeFiles/LibWeb.dir/Internals/WebUI.cpp.o Lagom/Libraries/LibWeb/CMakeFiles/LibWeb.dir/IntersectionObserver/IntersectionObserver.cpp.o Lagom/Libraries/LibWeb/CMakeFiles/LibWeb.dir/IntersectionObserver/IntersectionObserverEntry.cpp.o Lagom/Libraries/LibWeb/CMakeFiles/LibWeb.dir/Layout/AudioBox.cpp.o Lagom/Libraries/LibWeb/CMakeFiles/LibWeb.dir/Layout/AvailableSpace.cpp.o Lagom/Libraries/LibWeb/CMakeFiles/LibWeb.dir/Layout/BlockContainer.cpp.o Lagom/Libraries/LibWeb/CMakeFiles/LibWeb.dir/Layout/BlockFormattingContext.cpp.o Lagom/Libraries/LibWeb/CMakeFiles/LibWeb.dir/Layout/Box.cpp.o Lagom/Libraries/LibWeb/CMakeFiles/LibWeb.dir/Layout/BreakNode.cpp.o Lagom/Libraries/LibWeb/CMakeFiles/LibWeb.dir/Layout/CanvasBox.cpp.o Lagom/Libraries/LibWeb/CMakeFiles/LibWeb.dir/Layout/CheckBox.cpp.o Lagom/Libraries/LibWeb/CMakeFiles/LibWeb.dir/Layout/FieldSetBox.cpp.o Lagom/Libraries/LibWeb/CMakeFiles/LibWeb.dir/Layout/FlexFormattingContext.cpp.o Lagom/Libraries/LibWeb/CMakeFiles/LibWeb.dir/Layout/FormattingContext.cpp.o Lagom/Libraries/LibWeb/CMakeFiles/LibWeb.dir/Layout/GridFormattingContext.cpp.o Lagom/Libraries/LibWeb/CMakeFiles/LibWeb.dir/Layout/ImageBox.cpp.o Lagom/Libraries/LibWeb/CMakeFiles/LibWeb.dir/Layout/ImageProvider.cpp.o Lagom/Libraries/LibWeb/CMakeFiles/LibWeb.dir/Layout/InlineFormattingContext.cpp.o Lagom/Libraries/LibWeb/CMakeFiles/LibWeb.dir/Layout/InlineLevelIterator.cpp.o Lagom/Libraries/LibWeb/CMakeFiles/LibWeb.dir/Layout/InlineNode.cpp.o Lagom/Libraries/LibWeb/CMakeFiles/LibWeb.dir/Layout/Label.cpp.o Lagom/Libraries/LibWeb/CMakeFiles/LibWeb.dir/Layout/LabelableNode.cpp.o Lagom/Libraries/LibWeb/CMakeFiles/LibWeb.dir/Layout/LayoutState.cpp.o Lagom/Libraries/LibWeb/CMakeFiles/LibWeb.dir/Layout/LegendBox.cpp.o Lagom/Libraries/LibWeb/CMakeFiles/LibWeb.dir/Layout/LineBox.cpp.o Lagom/Libraries/LibWeb/CMakeFiles/LibWeb.dir/Layout/LineBoxFragment.cpp.o Lagom/Libraries/LibWeb/CMakeFiles/LibWeb.dir/Layout/LineBuilder.cpp.o Lagom/Libraries/LibWeb/CMakeFiles/LibWeb.dir/Layout/ListItemBox.cpp.o Lagom/Libraries/LibWeb/CMakeFiles/LibWeb.dir/Layout/ListItemMarkerBox.cpp.o Lagom/Libraries/LibWeb/CMakeFiles/LibWeb.dir/Layout/NavigableContainerViewport.cpp.o Lagom/Libraries/LibWeb/CMakeFiles/LibWeb.dir/Layout/Node.cpp.o Lagom/Libraries/LibWeb/CMakeFiles/LibWeb.dir/Layout/RadioButton.cpp.o Lagom/Libraries/LibWeb/CMakeFiles/LibWeb.dir/Layout/ReplacedBox.cpp.o Lagom/Libraries/LibWeb/CMakeFiles/LibWeb.dir/Layout/SVGBox.cpp.o Lagom/Libraries/LibWeb/CMakeFiles/LibWeb.dir/Layout/SVGClipBox.cpp.o Lagom/Libraries/LibWeb/CMakeFiles/LibWeb.dir/Layout/SVGForeignObjectBox.cpp.o Lagom/Libraries/LibWeb/CMakeFiles/LibWeb.dir/Layout/SVGFormattingContext.cpp.o Lagom/Libraries/LibWeb/CMakeFiles/LibWeb.dir/Layout/SVGGeometryBox.cpp.o Lagom/Libraries/LibWeb/CMakeFiles/LibWeb.dir/Layout/SVGGraphicsBox.cpp.o Lagom/Libraries/LibWeb/CMakeFiles/LibWeb.dir/Layout/SVGImageBox.cpp.o Lagom/Libraries/LibWeb/CMakeFiles/LibWeb.dir/Layout/SVGMaskBox.cpp.o Lagom/Libraries/LibWeb/CMakeFiles/LibWeb.dir/Layout/SVGSVGBox.cpp.o Lagom/Libraries/LibWeb/CMakeFiles/LibWeb.dir/Layout/SVGTextBox.cpp.o Lagom/Libraries/LibWeb/CMakeFiles/LibWeb.dir/Layout/SVGTextPathBox.cpp.o Lagom/Libraries/LibWeb/CMakeFiles/LibWeb.dir/Layout/TableFormattingContext.cpp.o Lagom/Libraries/LibWeb/CMakeFiles/LibWeb.dir/Layout/TableGrid.cpp.o Lagom/Libraries/LibWeb/CMakeFiles/LibWeb.dir/Layout/TableWrapper.cpp.o Lagom/Libraries/LibWeb/CMakeFiles/LibWeb.dir/Layout/TextNode.cpp.o Lagom/Libraries/LibWeb/CMakeFiles/LibWeb.dir/Layout/TreeBuilder.cpp.o Lagom/Libraries/LibWeb/CMakeFiles/LibWeb.dir/Layout/VideoBox.cpp.o Lagom/Libraries/LibWeb/CMakeFiles/LibWeb.dir/Layout/Viewport.cpp.o Lagom/Libraries/LibWeb/CMakeFiles/LibWeb.dir/Loader/ContentFilter.cpp.o Lagom/Libraries/LibWeb/CMakeFiles/LibWeb.dir/Loader/FileRequest.cpp.o Lagom/Libraries/LibWeb/CMakeFiles/LibWeb.dir/Loader/GeneratedPagesLoader.cpp.o Lagom/Libraries/LibWeb/CMakeFiles/LibWeb.dir/Loader/LoadRequest.cpp.o Lagom/Libraries/LibWeb/CMakeFiles/LibWeb.dir/Loader/ProxyMappings.cpp.o Lagom/Libraries/LibWeb/CMakeFiles/LibWeb.dir/Loader/Resource.cpp.o Lagom/Libraries/LibWeb/CMakeFiles/LibWeb.dir/Loader/ResourceLoader.cpp.o Lagom/Libraries/LibWeb/CMakeFiles/LibWeb.dir/MathML/MathMLElement.cpp.o Lagom/Libraries/LibWeb/CMakeFiles/LibWeb.dir/MathML/TagNames.cpp.o Lagom/Libraries/LibWeb/CMakeFiles/LibWeb.dir/MediaCapabilitiesAPI/MediaCapabilities.cpp.o Lagom/Libraries/LibWeb/CMakeFiles/LibWeb.dir/MediaSourceExtensions/BufferedChangeEvent.cpp.o Lagom/Libraries/LibWeb/CMakeFiles/LibWeb.dir/MediaSourceExtensions/EventNames.cpp.o Lagom/Libraries/LibWeb/CMakeFiles/LibWeb.dir/MediaSourceExtensions/ManagedMediaSource.cpp.o Lagom/Libraries/LibWeb/CMakeFiles/LibWeb.dir/MediaSourceExtensions/ManagedSourceBuffer.cpp.o Lagom/Libraries/LibWeb/CMakeFiles/LibWeb.dir/MediaSourceExtensions/MediaSource.cpp.o Lagom/Libraries/LibWeb/CMakeFiles/LibWeb.dir/MediaSourceExtensions/MediaSourceHandle.cpp.o Lagom/Libraries/LibWeb/CMakeFiles/LibWeb.dir/MediaSourceExtensions/SourceBuffer.cpp.o Lagom/Libraries/LibWeb/CMakeFiles/LibWeb.dir/MediaSourceExtensions/SourceBufferList.cpp.o Lagom/Libraries/LibWeb/CMakeFiles/LibWeb.dir/MimeSniff/MimeType.cpp.o Lagom/Libraries/LibWeb/CMakeFiles/LibWeb.dir/MimeSniff/Resource.cpp.o Lagom/Libraries/LibWeb/CMakeFiles/LibWeb.dir/MixedContent/AbstractOperations.cpp.o Lagom/Libraries/LibWeb/CMakeFiles/LibWeb.dir/Namespace.cpp.o Lagom/Libraries/LibWeb/CMakeFiles/LibWeb.dir/NavigationTiming/EntryNames.cpp.o Lagom/Libraries/LibWeb/CMakeFiles/LibWeb.dir/NavigationTiming/PerformanceNavigation.cpp.o Lagom/Libraries/LibWeb/CMakeFiles/LibWeb.dir/NavigationTiming/PerformanceTiming.cpp.o Lagom/Libraries/LibWeb/CMakeFiles/LibWeb.dir/NotificationsAPI/Notification.cpp.o Lagom/Libraries/LibWeb/CMakeFiles/LibWeb.dir/Page/DragAndDropEventHandler.cpp.o Lagom/Libraries/LibWeb/CMakeFiles/LibWeb.dir/Page/EventHandler.cpp.o Lagom/Libraries/LibWeb/CMakeFiles/LibWeb.dir/Page/InputEvent.cpp.o Lagom/Libraries/LibWeb/CMakeFiles/LibWeb.dir/Page/Page.cpp.o Lagom/Libraries/LibWeb/CMakeFiles/LibWeb.dir/Painting/AudioPaintable.cpp.o Lagom/Libraries/LibWeb/CMakeFiles/LibWeb.dir/Painting/BackgroundPainting.cpp.o Lagom/Libraries/LibWeb/CMakeFiles/LibWeb.dir/Painting/BackingStoreManager.cpp.o Lagom/Libraries/LibWeb/CMakeFiles/LibWeb.dir/Painting/BorderPainting.cpp.o Lagom/Libraries/LibWeb/CMakeFiles/LibWeb.dir/Painting/BorderRadiiData.cpp.o Lagom/Libraries/LibWeb/CMakeFiles/LibWeb.dir/Painting/BorderRadiusCornerClipper.cpp.o Lagom/Libraries/LibWeb/CMakeFiles/LibWeb.dir/Painting/BordersData.cpp.o Lagom/Libraries/LibWeb/CMakeFiles/LibWeb.dir/Painting/BoxModelMetrics.cpp.o Lagom/Libraries/LibWeb/CMakeFiles/LibWeb.dir/Painting/CanvasPaintable.cpp.o Lagom/Libraries/LibWeb/CMakeFiles/LibWeb.dir/Painting/CheckBoxPaintable.cpp.o Lagom/Libraries/LibWeb/CMakeFiles/LibWeb.dir/Painting/ClipFrame.cpp.o Lagom/Libraries/LibWeb/CMakeFiles/LibWeb.dir/Painting/DisplayList.cpp.o Lagom/Libraries/LibWeb/CMakeFiles/LibWeb.dir/Painting/DisplayListCommand.cpp.o Lagom/Libraries/LibWeb/CMakeFiles/LibWeb.dir/Painting/DisplayListPlayerSkia.cpp.o Lagom/Libraries/LibWeb/CMakeFiles/LibWeb.dir/Painting/DisplayListRecorder.cpp.o Lagom/Libraries/LibWeb/CMakeFiles/LibWeb.dir/Painting/DisplayListRecordingContext.cpp.o Lagom/Libraries/LibWeb/CMakeFiles/LibWeb.dir/Painting/FieldSetPaintable.cpp.o Lagom/Libraries/LibWeb/CMakeFiles/LibWeb.dir/Painting/GradientPainting.cpp.o Lagom/Libraries/LibWeb/CMakeFiles/LibWeb.dir/Painting/ImagePaintable.cpp.o Lagom/Libraries/LibWeb/CMakeFiles/LibWeb.dir/Painting/LabelablePaintable.cpp.o Lagom/Libraries/LibWeb/CMakeFiles/LibWeb.dir/Painting/MarkerPaintable.cpp.o Lagom/Libraries/LibWeb/CMakeFiles/LibWeb.dir/Painting/MediaPaintable.cpp.o Lagom/Libraries/LibWeb/CMakeFiles/LibWeb.dir/Painting/NavigableContainerViewportPaintable.cpp.o Lagom/Libraries/LibWeb/CMakeFiles/LibWeb.dir/Painting/Paintable.cpp.o Lagom/Libraries/LibWeb/CMakeFiles/LibWeb.dir/Painting/PaintableBox.cpp.o Lagom/Libraries/LibWeb/CMakeFiles/LibWeb.dir/Painting/PaintableFragment.cpp.o Lagom/Libraries/LibWeb/CMakeFiles/LibWeb.dir/Painting/RadioButtonPaintable.cpp.o Lagom/Libraries/LibWeb/CMakeFiles/LibWeb.dir/Painting/ScrollFrame.cpp.o Lagom/Libraries/LibWeb/CMakeFiles/LibWeb.dir/Painting/ScrollState.cpp.o Lagom/Libraries/LibWeb/CMakeFiles/LibWeb.dir/Painting/ShadowPainting.cpp.o Lagom/Libraries/LibWeb/CMakeFiles/LibWeb.dir/Painting/StackingContext.cpp.o Lagom/Libraries/LibWeb/CMakeFiles/LibWeb.dir/Painting/SVGClipPaintable.cpp.o Lagom/Libraries/LibWeb/CMakeFiles/LibWeb.dir/Painting/SVGForeignObjectPaintable.cpp.o Lagom/Libraries/LibWeb/CMakeFiles/LibWeb.dir/Painting/SVGGraphicsPaintable.cpp.o Lagom/Libraries/LibWeb/CMakeFiles/LibWeb.dir/Painting/SVGMaskable.cpp.o Lagom/Libraries/LibWeb/CMakeFiles/LibWeb.dir/Painting/SVGMaskPaintable.cpp.o Lagom/Libraries/LibWeb/CMakeFiles/LibWeb.dir/Painting/SVGPaintable.cpp.o Lagom/Libraries/LibWeb/CMakeFiles/LibWeb.dir/Painting/SVGPathPaintable.cpp.o Lagom/Libraries/LibWeb/CMakeFiles/LibWeb.dir/Painting/SVGSVGPaintable.cpp.o Lagom/Libraries/LibWeb/CMakeFiles/LibWeb.dir/Painting/TableBordersPainting.cpp.o Lagom/Libraries/LibWeb/CMakeFiles/LibWeb.dir/Painting/TextPaintable.cpp.o Lagom/Libraries/LibWeb/CMakeFiles/LibWeb.dir/Painting/VideoPaintable.cpp.o Lagom/Libraries/LibWeb/CMakeFiles/LibWeb.dir/Painting/ViewportPaintable.cpp.o Lagom/Libraries/LibWeb/CMakeFiles/LibWeb.dir/PerformanceTimeline/EntryTypes.cpp.o Lagom/Libraries/LibWeb/CMakeFiles/LibWeb.dir/PerformanceTimeline/EventNames.cpp.o Lagom/Libraries/LibWeb/CMakeFiles/LibWeb.dir/PerformanceTimeline/PerformanceEntry.cpp.o Lagom/Libraries/LibWeb/CMakeFiles/LibWeb.dir/PerformanceTimeline/PerformanceObserver.cpp.o Lagom/Libraries/LibWeb/CMakeFiles/LibWeb.dir/PerformanceTimeline/PerformanceObserverEntryList.cpp.o Lagom/Libraries/LibWeb/CMakeFiles/LibWeb.dir/PermissionsPolicy/AutoplayAllowlist.cpp.o Lagom/Libraries/LibWeb/CMakeFiles/LibWeb.dir/PixelUnits.cpp.o Lagom/Libraries/LibWeb/CMakeFiles/LibWeb.dir/Platform/AudioCodecPlugin.cpp.o Lagom/Libraries/LibWeb/CMakeFiles/LibWeb.dir/Platform/AudioCodecPluginAgnostic.cpp.o Lagom/Libraries/LibWeb/CMakeFiles/LibWeb.dir/Platform/EventLoopPlugin.cpp.o Lagom/Libraries/LibWeb/CMakeFiles/LibWeb.dir/Platform/EventLoopPluginSerenity.cpp.o Lagom/Libraries/LibWeb/CMakeFiles/LibWeb.dir/Platform/FontPlugin.cpp.o Lagom/Libraries/LibWeb/CMakeFiles/LibWeb.dir/Platform/ImageCodecPlugin.cpp.o Lagom/Libraries/LibWeb/CMakeFiles/LibWeb.dir/Platform/Timer.cpp.o Lagom/Libraries/LibWeb/CMakeFiles/LibWeb.dir/Platform/TimerSerenity.cpp.o Lagom/Libraries/LibWeb/CMakeFiles/LibWeb.dir/ReferrerPolicy/AbstractOperations.cpp.o Lagom/Libraries/LibWeb/CMakeFiles/LibWeb.dir/ReferrerPolicy/ReferrerPolicy.cpp.o Lagom/Libraries/LibWeb/CMakeFiles/LibWeb.dir/RequestIdleCallback/IdleDeadline.cpp.o Lagom/Libraries/LibWeb/CMakeFiles/LibWeb.dir/ResizeObserver/ResizeObservation.cpp.o Lagom/Libraries/LibWeb/CMakeFiles/LibWeb.dir/ResizeObserver/ResizeObserver.cpp.o Lagom/Libraries/LibWeb/CMakeFiles/LibWeb.dir/ResizeObserver/ResizeObserverEntry.cpp.o Lagom/Libraries/LibWeb/CMakeFiles/LibWeb.dir/ResizeObserver/ResizeObserverSize.cpp.o Lagom/Libraries/LibWeb/CMakeFiles/LibWeb.dir/ResourceTiming/PerformanceResourceTiming.cpp.o Lagom/Libraries/LibWeb/CMakeFiles/LibWeb.dir/SecureContexts/AbstractOperations.cpp.o Lagom/Libraries/LibWeb/CMakeFiles/LibWeb.dir/Selection/Selection.cpp.o Lagom/Libraries/LibWeb/CMakeFiles/LibWeb.dir/ServiceWorker/CacheStorage.cpp.o Lagom/Libraries/LibWeb/CMakeFiles/LibWeb.dir/ServiceWorker/EventNames.cpp.o Lagom/Libraries/LibWeb/CMakeFiles/LibWeb.dir/ServiceWorker/Job.cpp.o Lagom/Libraries/LibWeb/CMakeFiles/LibWeb.dir/ServiceWorker/Registration.cpp.o Lagom/Libraries/LibWeb/CMakeFiles/LibWeb.dir/ServiceWorker/ServiceWorker.cpp.o Lagom/Libraries/LibWeb/CMakeFiles/LibWeb.dir/ServiceWorker/ServiceWorkerContainer.cpp.o Lagom/Libraries/LibWeb/CMakeFiles/LibWeb.dir/ServiceWorker/ServiceWorkerGlobalScope.cpp.o Lagom/Libraries/LibWeb/CMakeFiles/LibWeb.dir/ServiceWorker/ServiceWorkerRecord.cpp.o Lagom/Libraries/LibWeb/CMakeFiles/LibWeb.dir/ServiceWorker/ServiceWorkerRegistration.cpp.o Lagom/Libraries/LibWeb/CMakeFiles/LibWeb.dir/SRI/SRI.cpp.o Lagom/Libraries/LibWeb/CMakeFiles/LibWeb.dir/StorageAPI/NavigatorStorage.cpp.o Lagom/Libraries/LibWeb/CMakeFiles/LibWeb.dir/StorageAPI/StorageBottle.cpp.o Lagom/Libraries/LibWeb/CMakeFiles/LibWeb.dir/StorageAPI/StorageEndpoint.cpp.o Lagom/Libraries/LibWeb/CMakeFiles/LibWeb.dir/StorageAPI/StorageKey.cpp.o Lagom/Libraries/LibWeb/CMakeFiles/LibWeb.dir/StorageAPI/StorageManager.cpp.o Lagom/Libraries/LibWeb/CMakeFiles/LibWeb.dir/StorageAPI/StorageShed.cpp.o Lagom/Libraries/LibWeb/CMakeFiles/LibWeb.dir/StorageAPI/StorageShelf.cpp.o Lagom/Libraries/LibWeb/CMakeFiles/LibWeb.dir/Streams/AbstractOperations.cpp.o Lagom/Libraries/LibWeb/CMakeFiles/LibWeb.dir/Streams/ByteLengthQueuingStrategy.cpp.o Lagom/Libraries/LibWeb/CMakeFiles/LibWeb.dir/Streams/CountQueuingStrategy.cpp.o Lagom/Libraries/LibWeb/CMakeFiles/LibWeb.dir/Streams/GenericTransformStream.cpp.o Lagom/Libraries/LibWeb/CMakeFiles/LibWeb.dir/Streams/ReadableByteStreamController.cpp.o Lagom/Libraries/LibWeb/CMakeFiles/LibWeb.dir/Streams/ReadableStream.cpp.o Lagom/Libraries/LibWeb/CMakeFiles/LibWeb.dir/Streams/ReadableStreamAsyncIterator.cpp.o Lagom/Libraries/LibWeb/CMakeFiles/LibWeb.dir/Streams/ReadableStreamBYOBReader.cpp.o Lagom/Libraries/LibWeb/CMakeFiles/LibWeb.dir/Streams/ReadableStreamBYOBRequest.cpp.o Lagom/Libraries/LibWeb/CMakeFiles/LibWeb.dir/Streams/ReadableStreamDefaultController.cpp.o Lagom/Libraries/LibWeb/CMakeFiles/LibWeb.dir/Streams/ReadableStreamDefaultReader.cpp.o Lagom/Libraries/LibWeb/CMakeFiles/LibWeb.dir/Streams/ReadableStreamGenericReader.cpp.o Lagom/Libraries/LibWeb/CMakeFiles/LibWeb.dir/Streams/ReadableStreamOperations.cpp.o Lagom/Libraries/LibWeb/CMakeFiles/LibWeb.dir/Streams/ReadableStreamPipeTo.cpp.o Lagom/Libraries/LibWeb/CMakeFiles/LibWeb.dir/Streams/ReadableStreamTee.cpp.o Lagom/Libraries/LibWeb/CMakeFiles/LibWeb.dir/Streams/Transformer.cpp.o Lagom/Libraries/LibWeb/CMakeFiles/LibWeb.dir/Streams/TransformStream.cpp.o Lagom/Libraries/LibWeb/CMakeFiles/LibWeb.dir/Streams/TransformStreamDefaultController.cpp.o Lagom/Libraries/LibWeb/CMakeFiles/LibWeb.dir/Streams/TransformStreamOperations.cpp.o Lagom/Libraries/LibWeb/CMakeFiles/LibWeb.dir/Streams/UnderlyingSink.cpp.o Lagom/Libraries/LibWeb/CMakeFiles/LibWeb.dir/Streams/UnderlyingSource.cpp.o Lagom/Libraries/LibWeb/CMakeFiles/LibWeb.dir/Streams/WritableStream.cpp.o Lagom/Libraries/LibWeb/CMakeFiles/LibWeb.dir/Streams/WritableStreamDefaultController.cpp.o Lagom/Libraries/LibWeb/CMakeFiles/LibWeb.dir/Streams/WritableStreamDefaultWriter.cpp.o Lagom/Libraries/LibWeb/CMakeFiles/LibWeb.dir/Streams/WritableStreamOperations.cpp.o Lagom/Libraries/LibWeb/CMakeFiles/LibWeb.dir/SVG/AttributeNames.cpp.o Lagom/Libraries/LibWeb/CMakeFiles/LibWeb.dir/SVG/AttributeParser.cpp.o Lagom/Libraries/LibWeb/CMakeFiles/LibWeb.dir/SVG/Path.cpp.o Lagom/Libraries/LibWeb/CMakeFiles/LibWeb.dir/SVG/SVGAElement.cpp.o Lagom/Libraries/LibWeb/CMakeFiles/LibWeb.dir/SVG/SVGAnimatedEnumeration.cpp.o Lagom/Libraries/LibWeb/CMakeFiles/LibWeb.dir/SVG/SVGAnimatedLength.cpp.o Lagom/Libraries/LibWeb/CMakeFiles/LibWeb.dir/SVG/SVGAnimatedNumber.cpp.o Lagom/Libraries/LibWeb/CMakeFiles/LibWeb.dir/SVG/SVGAnimatedRect.cpp.o Lagom/Libraries/LibWeb/CMakeFiles/LibWeb.dir/SVG/SVGAnimatedString.cpp.o Lagom/Libraries/LibWeb/CMakeFiles/LibWeb.dir/SVG/SVGAnimatedTransformList.cpp.o Lagom/Libraries/LibWeb/CMakeFiles/LibWeb.dir/SVG/SVGAnimationElement.cpp.o Lagom/Libraries/LibWeb/CMakeFiles/LibWeb.dir/SVG/SVGCircleElement.cpp.o Lagom/Libraries/LibWeb/CMakeFiles/LibWeb.dir/SVG/SVGClipPathElement.cpp.o Lagom/Libraries/LibWeb/CMakeFiles/LibWeb.dir/SVG/SVGDecodedImageData.cpp.o Lagom/Libraries/LibWeb/CMakeFiles/LibWeb.dir/SVG/SVGDefsElement.cpp.o Lagom/Libraries/LibWeb/CMakeFiles/LibWeb.dir/SVG/SVGDescElement.cpp.o Lagom/Libraries/LibWeb/CMakeFiles/LibWeb.dir/SVG/SVGElement.cpp.o Lagom/Libraries/LibWeb/CMakeFiles/LibWeb.dir/SVG/SVGEllipseElement.cpp.o Lagom/Libraries/LibWeb/CMakeFiles/LibWeb.dir/SVG/SVGFEBlendElement.cpp.o Lagom/Libraries/LibWeb/CMakeFiles/LibWeb.dir/SVG/SVGFECompositeElement.cpp.o Lagom/Libraries/LibWeb/CMakeFiles/LibWeb.dir/SVG/SVGFEFloodElement.cpp.o Lagom/Libraries/LibWeb/CMakeFiles/LibWeb.dir/SVG/SVGFEGaussianBlurElement.cpp.o Lagom/Libraries/LibWeb/CMakeFiles/LibWeb.dir/SVG/SVGFEImageElement.cpp.o Lagom/Libraries/LibWeb/CMakeFiles/LibWeb.dir/SVG/SVGFEMergeElement.cpp.o Lagom/Libraries/LibWeb/CMakeFiles/LibWeb.dir/SVG/SVGFEMergeNodeElement.cpp.o Lagom/Libraries/LibWeb/CMakeFiles/LibWeb.dir/SVG/SVGFEOffsetElement.cpp.o Lagom/Libraries/LibWeb/CMakeFiles/LibWeb.dir/SVG/SVGFilterElement.cpp.o Lagom/Libraries/LibWeb/CMakeFiles/LibWeb.dir/SVG/SVGFitToViewBox.cpp.o Lagom/Libraries/LibWeb/CMakeFiles/LibWeb.dir/SVG/SVGForeignObjectElement.cpp.o Lagom/Libraries/LibWeb/CMakeFiles/LibWeb.dir/SVG/SVGGElement.cpp.o Lagom/Libraries/LibWeb/CMakeFiles/LibWeb.dir/SVG/SVGGeometryElement.cpp.o Lagom/Libraries/LibWeb/CMakeFiles/LibWeb.dir/SVG/SVGGradientElement.cpp.o Lagom/Libraries/LibWeb/CMakeFiles/LibWeb.dir/SVG/SVGGraphicsElement.cpp.o Lagom/Libraries/LibWeb/CMakeFiles/LibWeb.dir/SVG/SVGImageElement.cpp.o Lagom/Libraries/LibWeb/CMakeFiles/LibWeb.dir/SVG/SVGLength.cpp.o Lagom/Libraries/LibWeb/CMakeFiles/LibWeb.dir/SVG/SVGLinearGradientElement.cpp.o Lagom/Libraries/LibWeb/CMakeFiles/LibWeb.dir/SVG/SVGLineElement.cpp.o Lagom/Libraries/LibWeb/CMakeFiles/LibWeb.dir/SVG/SVGMaskElement.cpp.o Lagom/Libraries/LibWeb/CMakeFiles/LibWeb.dir/SVG/SVGMetadataElement.cpp.o Lagom/Libraries/LibWeb/CMakeFiles/LibWeb.dir/SVG/SVGPathElement.cpp.o Lagom/Libraries/LibWeb/CMakeFiles/LibWeb.dir/SVG/SVGPolygonElement.cpp.o Lagom/Libraries/LibWeb/CMakeFiles/LibWeb.dir/SVG/SVGPolylineElement.cpp.o Lagom/Libraries/LibWeb/CMakeFiles/LibWeb.dir/SVG/SVGRadialGradientElement.cpp.o Lagom/Libraries/LibWeb/CMakeFiles/LibWeb.dir/SVG/SVGRectElement.cpp.o Lagom/Libraries/LibWeb/CMakeFiles/LibWeb.dir/SVG/SVGScriptElement.cpp.o Lagom/Libraries/LibWeb/CMakeFiles/LibWeb.dir/SVG/SVGStopElement.cpp.o Lagom/Libraries/LibWeb/CMakeFiles/LibWeb.dir/SVG/SVGStyleElement.cpp.o Lagom/Libraries/LibWeb/CMakeFiles/LibWeb.dir/SVG/SVGSVGElement.cpp.o Lagom/Libraries/LibWeb/CMakeFiles/LibWeb.dir/SVG/SVGSymbolElement.cpp.o Lagom/Libraries/LibWeb/CMakeFiles/LibWeb.dir/SVG/SVGTextContentElement.cpp.o Lagom/Libraries/LibWeb/CMakeFiles/LibWeb.dir/SVG/SVGTextElement.cpp.o Lagom/Libraries/LibWeb/CMakeFiles/LibWeb.dir/SVG/SVGTextPathElement.cpp.o Lagom/Libraries/LibWeb/CMakeFiles/LibWeb.dir/SVG/SVGTextPositioningElement.cpp.o Lagom/Libraries/LibWeb/CMakeFiles/LibWeb.dir/SVG/SVGTitleElement.cpp.o Lagom/Libraries/LibWeb/CMakeFiles/LibWeb.dir/SVG/SVGTransform.cpp.o Lagom/Libraries/LibWeb/CMakeFiles/LibWeb.dir/SVG/SVGTransformList.cpp.o Lagom/Libraries/LibWeb/CMakeFiles/LibWeb.dir/SVG/SVGTSpanElement.cpp.o Lagom/Libraries/LibWeb/CMakeFiles/LibWeb.dir/SVG/SVGUseElement.cpp.o Lagom/Libraries/LibWeb/CMakeFiles/LibWeb.dir/SVG/SVGViewElement.cpp.o Lagom/Libraries/LibWeb/CMakeFiles/LibWeb.dir/SVG/TagNames.cpp.o Lagom/Libraries/LibWeb/CMakeFiles/LibWeb.dir/TrustedTypes/InjectionSink.cpp.o Lagom/Libraries/LibWeb/CMakeFiles/LibWeb.dir/TrustedTypes/RequireTrustedTypesForDirective.cpp.o Lagom/Libraries/LibWeb/CMakeFiles/LibWeb.dir/TrustedTypes/TrustedHTML.cpp.o Lagom/Libraries/LibWeb/CMakeFiles/LibWeb.dir/TrustedTypes/TrustedScript.cpp.o Lagom/Libraries/LibWeb/CMakeFiles/LibWeb.dir/TrustedTypes/TrustedScriptURL.cpp.o Lagom/Libraries/LibWeb/CMakeFiles/LibWeb.dir/TrustedTypes/TrustedTypePolicy.cpp.o Lagom/Libraries/LibWeb/CMakeFiles/LibWeb.dir/TrustedTypes/TrustedTypePolicyFactory.cpp.o Lagom/Libraries/LibWeb/CMakeFiles/LibWeb.dir/UIEvents/CompositionEvent.cpp.o Lagom/Libraries/LibWeb/CMakeFiles/LibWeb.dir/UIEvents/EventNames.cpp.o Lagom/Libraries/LibWeb/CMakeFiles/LibWeb.dir/UIEvents/FocusEvent.cpp.o Lagom/Libraries/LibWeb/CMakeFiles/LibWeb.dir/UIEvents/InputEvent.cpp.o Lagom/Libraries/LibWeb/CMakeFiles/LibWeb.dir/UIEvents/InputTypes.cpp.o Lagom/Libraries/LibWeb/CMakeFiles/LibWeb.dir/UIEvents/KeyboardEvent.cpp.o Lagom/Libraries/LibWeb/CMakeFiles/LibWeb.dir/UIEvents/MouseEvent.cpp.o Lagom/Libraries/LibWeb/CMakeFiles/LibWeb.dir/UIEvents/PointerEvent.cpp.o Lagom/Libraries/LibWeb/CMakeFiles/LibWeb.dir/UIEvents/TextEvent.cpp.o Lagom/Libraries/LibWeb/CMakeFiles/LibWeb.dir/UIEvents/UIEvent.cpp.o Lagom/Libraries/LibWeb/CMakeFiles/LibWeb.dir/UIEvents/WheelEvent.cpp.o Lagom/Libraries/LibWeb/CMakeFiles/LibWeb.dir/URLPattern/URLPattern.cpp.o Lagom/Libraries/LibWeb/CMakeFiles/LibWeb.dir/UserTiming/PerformanceMark.cpp.o Lagom/Libraries/LibWeb/CMakeFiles/LibWeb.dir/UserTiming/PerformanceMeasure.cpp.o Lagom/Libraries/LibWeb/CMakeFiles/LibWeb.dir/ViewTransition/ViewTransition.cpp.o Lagom/Libraries/LibWeb/CMakeFiles/LibWeb.dir/WebAssembly/Global.cpp.o Lagom/Libraries/LibWeb/CMakeFiles/LibWeb.dir/WebAssembly/Instance.cpp.o Lagom/Libraries/LibWeb/CMakeFiles/LibWeb.dir/WebAssembly/Memory.cpp.o Lagom/Libraries/LibWeb/CMakeFiles/LibWeb.dir/WebAssembly/Module.cpp.o Lagom/Libraries/LibWeb/CMakeFiles/LibWeb.dir/WebAssembly/Table.cpp.o Lagom/Libraries/LibWeb/CMakeFiles/LibWeb.dir/WebAssembly/WebAssembly.cpp.o Lagom/Libraries/LibWeb/CMakeFiles/LibWeb.dir/WebAudio/AnalyserNode.cpp.o Lagom/Libraries/LibWeb/CMakeFiles/LibWeb.dir/WebAudio/AudioBuffer.cpp.o Lagom/Libraries/LibWeb/CMakeFiles/LibWeb.dir/WebAudio/AudioBufferSourceNode.cpp.o Lagom/Libraries/LibWeb/CMakeFiles/LibWeb.dir/WebAudio/AudioContext.cpp.o Lagom/Libraries/LibWeb/CMakeFiles/LibWeb.dir/WebAudio/AudioDestinationNode.cpp.o Lagom/Libraries/LibWeb/CMakeFiles/LibWeb.dir/WebAudio/AudioListener.cpp.o Lagom/Libraries/LibWeb/CMakeFiles/LibWeb.dir/WebAudio/AudioNode.cpp.o Lagom/Libraries/LibWeb/CMakeFiles/LibWeb.dir/WebAudio/AudioParam.cpp.o Lagom/Libraries/LibWeb/CMakeFiles/LibWeb.dir/WebAudio/AudioScheduledSourceNode.cpp.o Lagom/Libraries/LibWeb/CMakeFiles/LibWeb.dir/WebAudio/BaseAudioContext.cpp.o Lagom/Libraries/LibWeb/CMakeFiles/LibWeb.dir/WebAudio/BiquadFilterNode.cpp.o Lagom/Libraries/LibWeb/CMakeFiles/LibWeb.dir/WebAudio/ChannelMergerNode.cpp.o Lagom/Libraries/LibWeb/CMakeFiles/LibWeb.dir/WebAudio/ChannelSplitterNode.cpp.o Lagom/Libraries/LibWeb/CMakeFiles/LibWeb.dir/WebAudio/ConstantSourceNode.cpp.o Lagom/Libraries/LibWeb/CMakeFiles/LibWeb.dir/WebAudio/DelayNode.cpp.o Lagom/Libraries/LibWeb/CMakeFiles/LibWeb.dir/WebAudio/DynamicsCompressorNode.cpp.o Lagom/Libraries/LibWeb/CMakeFiles/LibWeb.dir/WebAudio/GainNode.cpp.o Lagom/Libraries/LibWeb/CMakeFiles/LibWeb.dir/WebAudio/MediaElementAudioSourceNode.cpp.o Lagom/Libraries/LibWeb/CMakeFiles/LibWeb.dir/WebAudio/OfflineAudioContext.cpp.o Lagom/Libraries/LibWeb/CMakeFiles/LibWeb.dir/WebAudio/OscillatorNode.cpp.o Lagom/Libraries/LibWeb/CMakeFiles/LibWeb.dir/WebAudio/PannerNode.cpp.o Lagom/Libraries/LibWeb/CMakeFiles/LibWeb.dir/WebAudio/PeriodicWave.cpp.o Lagom/Libraries/LibWeb/CMakeFiles/LibWeb.dir/WebAudio/ScriptProcessorNode.cpp.o Lagom/Libraries/LibWeb/CMakeFiles/LibWeb.dir/WebAudio/StereoPannerNode.cpp.o Lagom/Libraries/LibWeb/CMakeFiles/LibWeb.dir/WebDriver/Actions.cpp.o Lagom/Libraries/LibWeb/CMakeFiles/LibWeb.dir/WebDriver/Capabilities.cpp.o Lagom/Libraries/LibWeb/CMakeFiles/LibWeb.dir/WebDriver/Client.cpp.o Lagom/Libraries/LibWeb/CMakeFiles/LibWeb.dir/WebDriver/Contexts.cpp.o Lagom/Libraries/LibWeb/CMakeFiles/LibWeb.dir/WebDriver/ElementLocationStrategies.cpp.o Lagom/Libraries/LibWeb/CMakeFiles/LibWeb.dir/WebDriver/ElementReference.cpp.o Lagom/Libraries/LibWeb/CMakeFiles/LibWeb.dir/WebDriver/Error.cpp.o Lagom/Libraries/LibWeb/CMakeFiles/LibWeb.dir/WebDriver/ExecuteScript.cpp.o Lagom/Libraries/LibWeb/CMakeFiles/LibWeb.dir/WebDriver/HeapTimer.cpp.o Lagom/Libraries/LibWeb/CMakeFiles/LibWeb.dir/WebDriver/InputSource.cpp.o Lagom/Libraries/LibWeb/CMakeFiles/LibWeb.dir/WebDriver/InputState.cpp.o Lagom/Libraries/LibWeb/CMakeFiles/LibWeb.dir/WebDriver/JSON.cpp.o Lagom/Libraries/LibWeb/CMakeFiles/LibWeb.dir/WebDriver/Proxy.cpp.o Lagom/Libraries/LibWeb/CMakeFiles/LibWeb.dir/WebDriver/Response.cpp.o Lagom/Libraries/LibWeb/CMakeFiles/LibWeb.dir/WebDriver/Screenshot.cpp.o Lagom/Libraries/LibWeb/CMakeFiles/LibWeb.dir/WebDriver/TimeoutsConfiguration.cpp.o Lagom/Libraries/LibWeb/CMakeFiles/LibWeb.dir/WebDriver/UserPrompt.cpp.o Lagom/Libraries/LibWeb/CMakeFiles/LibWeb.dir/WebGL/EventNames.cpp.o Lagom/Libraries/LibWeb/CMakeFiles/LibWeb.dir/WebGL/Extensions/ANGLEInstancedArrays.cpp.o Lagom/Libraries/LibWeb/CMakeFiles/LibWeb.dir/WebGL/Extensions/EXTBlendMinMax.cpp.o Lagom/Libraries/LibWeb/CMakeFiles/LibWeb.dir/WebGL/Extensions/EXTColorBufferFloat.cpp.o Lagom/Libraries/LibWeb/CMakeFiles/LibWeb.dir/WebGL/Extensions/OESVertexArrayObject.cpp.o Lagom/Libraries/LibWeb/CMakeFiles/LibWeb.dir/WebGL/Extensions/WebGLCompressedTextureS3tc.cpp.o Lagom/Libraries/LibWeb/CMakeFiles/LibWeb.dir/WebGL/Extensions/WebGLDrawBuffers.cpp.o Lagom/Libraries/LibWeb/CMakeFiles/LibWeb.dir/WebGL/Extensions/WebGLVertexArrayObjectOES.cpp.o Lagom/Libraries/LibWeb/CMakeFiles/LibWeb.dir/WebGL/OpenGLContext.cpp.o Lagom/Libraries/LibWeb/CMakeFiles/LibWeb.dir/WebGL/WebGL2RenderingContext.cpp.o Lagom/Libraries/LibWeb/CMakeFiles/LibWeb.dir/WebGL/WebGL2RenderingContextImpl.cpp.o Lagom/Libraries/LibWeb/CMakeFiles/LibWeb.dir/WebGL/WebGLActiveInfo.cpp.o Lagom/Libraries/LibWeb/CMakeFiles/LibWeb.dir/WebGL/WebGLBuffer.cpp.o Lagom/Libraries/LibWeb/CMakeFiles/LibWeb.dir/WebGL/WebGLContextAttributes.cpp.o Lagom/Libraries/LibWeb/CMakeFiles/LibWeb.dir/WebGL/WebGLContextEvent.cpp.o Lagom/Libraries/LibWeb/CMakeFiles/LibWeb.dir/WebGL/WebGLFramebuffer.cpp.o Lagom/Libraries/LibWeb/CMakeFiles/LibWeb.dir/WebGL/WebGLObject.cpp.o Lagom/Libraries/LibWeb/CMakeFiles/LibWeb.dir/WebGL/WebGLProgram.cpp.o Lagom/Libraries/LibWeb/CMakeFiles/LibWeb.dir/WebGL/WebGLQuery.cpp.o Lagom/Libraries/LibWeb/CMakeFiles/LibWeb.dir/WebGL/WebGLRenderbuffer.cpp.o Lagom/Libraries/LibWeb/CMakeFiles/LibWeb.dir/WebGL/WebGLRenderingContext.cpp.o Lagom/Libraries/LibWeb/CMakeFiles/LibWeb.dir/WebGL/WebGLRenderingContextBase.cpp.o Lagom/Libraries/LibWeb/CMakeFiles/LibWeb.dir/WebGL/WebGLRenderingContextImpl.cpp.o Lagom/Libraries/LibWeb/CMakeFiles/LibWeb.dir/WebGL/WebGLSampler.cpp.o Lagom/Libraries/LibWeb/CMakeFiles/LibWeb.dir/WebGL/WebGLShader.cpp.o Lagom/Libraries/LibWeb/CMakeFiles/LibWeb.dir/WebGL/WebGLShaderPrecisionFormat.cpp.o Lagom/Libraries/LibWeb/CMakeFiles/LibWeb.dir/WebGL/WebGLSync.cpp.o Lagom/Libraries/LibWeb/CMakeFiles/LibWeb.dir/WebGL/WebGLTexture.cpp.o Lagom/Libraries/LibWeb/CMakeFiles/LibWeb.dir/WebGL/WebGLTransformFeedback.cpp.o Lagom/Libraries/LibWeb/CMakeFiles/LibWeb.dir/WebGL/WebGLUniformLocation.cpp.o Lagom/Libraries/LibWeb/CMakeFiles/LibWeb.dir/WebGL/WebGLVertexArrayObject.cpp.o Lagom/Libraries/LibWeb/CMakeFiles/LibWeb.dir/WebIDL/AbstractOperations.cpp.o Lagom/Libraries/LibWeb/CMakeFiles/LibWeb.dir/WebIDL/AsyncIterator.cpp.o Lagom/Libraries/LibWeb/CMakeFiles/LibWeb.dir/WebIDL/Buffers.cpp.o Lagom/Libraries/LibWeb/CMakeFiles/LibWeb.dir/WebIDL/CallbackType.cpp.o Lagom/Libraries/LibWeb/CMakeFiles/LibWeb.dir/WebIDL/DOMException.cpp.o Lagom/Libraries/LibWeb/CMakeFiles/LibWeb.dir/WebIDL/ObservableArray.cpp.o Lagom/Libraries/LibWeb/CMakeFiles/LibWeb.dir/WebIDL/OverloadResolution.cpp.o Lagom/Libraries/LibWeb/CMakeFiles/LibWeb.dir/WebIDL/Promise.cpp.o Lagom/Libraries/LibWeb/CMakeFiles/LibWeb.dir/WebIDL/Tracing.cpp.o Lagom/Libraries/LibWeb/CMakeFiles/LibWeb.dir/WebSockets/WebSocket.cpp.o Lagom/Libraries/LibWeb/CMakeFiles/LibWeb.dir/WebVTT/VTTCue.cpp.o Lagom/Libraries/LibWeb/CMakeFiles/LibWeb.dir/WebVTT/VTTRegion.cpp.o Lagom/Libraries/LibWeb/CMakeFiles/LibWeb.dir/Worker/WebWorkerClient.cpp.o Lagom/Libraries/LibWeb/CMakeFiles/LibWeb.dir/XHR/EventNames.cpp.o Lagom/Libraries/LibWeb/CMakeFiles/LibWeb.dir/XHR/FormData.cpp.o Lagom/Libraries/LibWeb/CMakeFiles/LibWeb.dir/XHR/FormDataIterator.cpp.o Lagom/Libraries/LibWeb/CMakeFiles/LibWeb.dir/XHR/ProgressEvent.cpp.o Lagom/Libraries/LibWeb/CMakeFiles/LibWeb.dir/XHR/XMLHttpRequest.cpp.o Lagom/Libraries/LibWeb/CMakeFiles/LibWeb.dir/XHR/XMLHttpRequestEventTarget.cpp.o Lagom/Libraries/LibWeb/CMakeFiles/LibWeb.dir/XHR/XMLHttpRequestUpload.cpp.o Lagom/Libraries/LibWeb/CMakeFiles/LibWeb.dir/XLink/AttributeNames.cpp.o Lagom/Libraries/LibWeb/CMakeFiles/LibWeb.dir/XML/XMLDocumentBuilder.cpp.o Lagom/Libraries/LibWeb/CMakeFiles/LibWeb.dir/XPath/XPath.cpp.o Lagom/Libraries/LibWeb/CMakeFiles/LibWeb.dir/XPath/XPathEvaluator.cpp.o Lagom/Libraries/LibWeb/CMakeFiles/LibWeb.dir/XPath/XPathExpression.cpp.o Lagom/Libraries/LibWeb/CMakeFiles/LibWeb.dir/XPath/XPathNSResolver.cpp.o Lagom/Libraries/LibWeb/CMakeFiles/LibWeb.dir/XPath/XPathResult.cpp.o Lagom/Libraries/LibWeb/CMakeFiles/LibWeb.dir/ARIA/AriaRoles.cpp.o Lagom/Libraries/LibWeb/CMakeFiles/LibWeb.dir/CSS/DefaultStyleSheetSource.cpp.o Lagom/Libraries/LibWeb/CMakeFiles/LibWeb.dir/CSS/DescriptorID.cpp.o Lagom/Libraries/LibWeb/CMakeFiles/LibWeb.dir/CSS/Enums.cpp.o Lagom/Libraries/LibWeb/CMakeFiles/LibWeb.dir/CSS/EnvironmentVariable.cpp.o Lagom/Libraries/LibWeb/CMakeFiles/LibWeb.dir/CSS/GeneratedCSSNumericFactoryMethods.cpp.o Lagom/Libraries/LibWeb/CMakeFiles/LibWeb.dir/CSS/GeneratedCSSStyleProperties.cpp.o Lagom/Libraries/LibWeb/CMakeFiles/LibWeb.dir/CSS/Keyword.cpp.o Lagom/Libraries/LibWeb/CMakeFiles/LibWeb.dir/CSS/MathFunctions.cpp.o Lagom/Libraries/LibWeb/CMakeFiles/LibWeb.dir/CSS/MediaFeatureID.cpp.o Lagom/Libraries/LibWeb/CMakeFiles/LibWeb.dir/CSS/PropertyID.cpp.o Lagom/Libraries/LibWeb/CMakeFiles/LibWeb.dir/CSS/PseudoClass.cpp.o Lagom/Libraries/LibWeb/CMakeFiles/LibWeb.dir/CSS/PseudoElement.cpp.o Lagom/Libraries/LibWeb/CMakeFiles/LibWeb.dir/CSS/QuirksModeStyleSheetSource.cpp.o Lagom/Libraries/LibWeb/CMakeFiles/LibWeb.dir/CSS/TransformFunctions.cpp.o Lagom/Libraries/LibWeb/CMakeFiles/LibWeb.dir/CSS/Units.cpp.o Lagom/Libraries/LibWeb/CMakeFiles/LibWeb.dir/MathML/MathMLStyleSheetSource.cpp.o Lagom/Libraries/LibWeb/CMakeFiles/LibWeb.dir/SVG/SVGStyleSheetSource.cpp.o Lagom/Libraries/LibWeb/CMakeFiles/LibWeb.dir/HTML/Parser/NamedCharacterReferences.cpp.o Lagom/Libraries/LibWeb/CMakeFiles/LibWeb.dir/Bindings/AnimationConstructor.cpp.o Lagom/Libraries/LibWeb/CMakeFiles/LibWeb.dir/Bindings/AnimationPrototype.cpp.o Lagom/Libraries/LibWeb/CMakeFiles/LibWeb.dir/Bindings/AnimationEffectConstructor.cpp.o Lagom/Libraries/LibWeb/CMakeFiles/LibWeb.dir/Bindings/AnimationEffectPrototype.cpp.o Lagom/Libraries/LibWeb/CMakeFiles/LibWeb.dir/Bindings/AnimationPlaybackEventConstructor.cpp.o Lagom/Libraries/LibWeb/CMakeFiles/LibWeb.dir/Bindings/AnimationPlaybackEventPrototype.cpp.o Lagom/Libraries/LibWeb/CMakeFiles/LibWeb.dir/Bindings/AnimationTimelineConstructor.cpp.o Lagom/Libraries/LibWeb/CMakeFiles/LibWeb.dir/Bindings/AnimationTimelinePrototype.cpp.o Lagom/Libraries/LibWeb/CMakeFiles/LibWeb.dir/Bindings/DocumentTimelineConstructor.cpp.o Lagom/Libraries/LibWeb/CMakeFiles/LibWeb.dir/Bindings/DocumentTimelinePrototype.cpp.o Lagom/Libraries/LibWeb/CMakeFiles/LibWeb.dir/Bindings/KeyframeEffectConstructor.cpp.o Lagom/Libraries/LibWeb/CMakeFiles/LibWeb.dir/Bindings/KeyframeEffectPrototype.cpp.o Lagom/Libraries/LibWeb/CMakeFiles/LibWeb.dir/Bindings/ClipboardConstructor.cpp.o Lagom/Libraries/LibWeb/CMakeFiles/LibWeb.dir/Bindings/ClipboardPrototype.cpp.o Lagom/Libraries/LibWeb/CMakeFiles/LibWeb.dir/Bindings/ClipboardEventConstructor.cpp.o Lagom/Libraries/LibWeb/CMakeFiles/LibWeb.dir/Bindings/ClipboardEventPrototype.cpp.o Lagom/Libraries/LibWeb/CMakeFiles/LibWeb.dir/Bindings/ClipboardItemConstructor.cpp.o Lagom/Libraries/LibWeb/CMakeFiles/LibWeb.dir/Bindings/ClipboardItemPrototype.cpp.o Lagom/Libraries/LibWeb/CMakeFiles/LibWeb.dir/Bindings/SecurityPolicyViolationEventConstructor.cpp.o Lagom/Libraries/LibWeb/CMakeFiles/LibWeb.dir/Bindings/SecurityPolicyViolationEventPrototype.cpp.o Lagom/Libraries/LibWeb/CMakeFiles/LibWeb.dir/Bindings/CompressionStreamConstructor.cpp.o Lagom/Libraries/LibWeb/CMakeFiles/LibWeb.dir/Bindings/CompressionStreamPrototype.cpp.o Lagom/Libraries/LibWeb/CMakeFiles/LibWeb.dir/Bindings/DecompressionStreamConstructor.cpp.o Lagom/Libraries/LibWeb/CMakeFiles/LibWeb.dir/Bindings/DecompressionStreamPrototype.cpp.o Lagom/Libraries/LibWeb/CMakeFiles/LibWeb.dir/Bindings/CookieChangeEventConstructor.cpp.o Lagom/Libraries/LibWeb/CMakeFiles/LibWeb.dir/Bindings/CookieChangeEventPrototype.cpp.o Lagom/Libraries/LibWeb/CMakeFiles/LibWeb.dir/Bindings/CookieStoreConstructor.cpp.o Lagom/Libraries/LibWeb/CMakeFiles/LibWeb.dir/Bindings/CookieStorePrototype.cpp.o Lagom/Libraries/LibWeb/CMakeFiles/LibWeb.dir/Bindings/CredentialConstructor.cpp.o Lagom/Libraries/LibWeb/CMakeFiles/LibWeb.dir/Bindings/CredentialPrototype.cpp.o Lagom/Libraries/LibWeb/CMakeFiles/LibWeb.dir/Bindings/CredentialsContainerConstructor.cpp.o Lagom/Libraries/LibWeb/CMakeFiles/LibWeb.dir/Bindings/CredentialsContainerPrototype.cpp.o Lagom/Libraries/LibWeb/CMakeFiles/LibWeb.dir/Bindings/FederatedCredentialConstructor.cpp.o Lagom/Libraries/LibWeb/CMakeFiles/LibWeb.dir/Bindings/FederatedCredentialPrototype.cpp.o Lagom/Libraries/LibWeb/CMakeFiles/LibWeb.dir/Bindings/PasswordCredentialConstructor.cpp.o Lagom/Libraries/LibWeb/CMakeFiles/LibWeb.dir/Bindings/PasswordCredentialPrototype.cpp.o Lagom/Libraries/LibWeb/CMakeFiles/LibWeb.dir/Bindings/CryptoConstructor.cpp.o Lagom/Libraries/LibWeb/CMakeFiles/LibWeb.dir/Bindings/CryptoPrototype.cpp.o Lagom/Libraries/LibWeb/CMakeFiles/LibWeb.dir/Bindings/CryptoKeyConstructor.cpp.o Lagom/Libraries/LibWeb/CMakeFiles/LibWeb.dir/Bindings/CryptoKeyPrototype.cpp.o Lagom/Libraries/LibWeb/CMakeFiles/LibWeb.dir/Bindings/SubtleCryptoConstructor.cpp.o Lagom/Libraries/LibWeb/CMakeFiles/LibWeb.dir/Bindings/SubtleCryptoPrototype.cpp.o Lagom/Libraries/LibWeb/CMakeFiles/LibWeb.dir/Bindings/AnimationEventConstructor.cpp.o Lagom/Libraries/LibWeb/CMakeFiles/LibWeb.dir/Bindings/AnimationEventPrototype.cpp.o Lagom/Libraries/LibWeb/CMakeFiles/LibWeb.dir/Bindings/CSSAnimationConstructor.cpp.o Lagom/Libraries/LibWeb/CMakeFiles/LibWeb.dir/Bindings/CSSAnimationPrototype.cpp.o Lagom/Libraries/LibWeb/CMakeFiles/LibWeb.dir/Bindings/CSSConditionRuleConstructor.cpp.o Lagom/Libraries/LibWeb/CMakeFiles/LibWeb.dir/Bindings/CSSConditionRulePrototype.cpp.o Lagom/Libraries/LibWeb/CMakeFiles/LibWeb.dir/Bindings/CSSCounterStyleRuleConstructor.cpp.o Lagom/Libraries/LibWeb/CMakeFiles/LibWeb.dir/Bindings/CSSCounterStyleRulePrototype.cpp.o Lagom/Libraries/LibWeb/CMakeFiles/LibWeb.dir/Bindings/CSSFontFaceDescriptorsConstructor.cpp.o Lagom/Libraries/LibWeb/CMakeFiles/LibWeb.dir/Bindings/CSSFontFaceDescriptorsPrototype.cpp.o Lagom/Libraries/LibWeb/CMakeFiles/LibWeb.dir/Bindings/CSSFontFaceRuleConstructor.cpp.o Lagom/Libraries/LibWeb/CMakeFiles/LibWeb.dir/Bindings/CSSFontFaceRulePrototype.cpp.o Lagom/Libraries/LibWeb/CMakeFiles/LibWeb.dir/Bindings/CSSGroupingRuleConstructor.cpp.o Lagom/Libraries/LibWeb/CMakeFiles/LibWeb.dir/Bindings/CSSGroupingRulePrototype.cpp.o Lagom/Libraries/LibWeb/CMakeFiles/LibWeb.dir/Bindings/CSSImageValueConstructor.cpp.o Lagom/Libraries/LibWeb/CMakeFiles/LibWeb.dir/Bindings/CSSImageValuePrototype.cpp.o Lagom/Libraries/LibWeb/CMakeFiles/LibWeb.dir/Bindings/CSSImportRuleConstructor.cpp.o Lagom/Libraries/LibWeb/CMakeFiles/LibWeb.dir/Bindings/CSSImportRulePrototype.cpp.o Lagom/Libraries/LibWeb/CMakeFiles/LibWeb.dir/Bindings/CSSKeyframeRuleConstructor.cpp.o Lagom/Libraries/LibWeb/CMakeFiles/LibWeb.dir/Bindings/CSSKeyframeRulePrototype.cpp.o Lagom/Libraries/LibWeb/CMakeFiles/LibWeb.dir/Bindings/CSSKeyframesRuleConstructor.cpp.o Lagom/Libraries/LibWeb/CMakeFiles/LibWeb.dir/Bindings/CSSKeyframesRulePrototype.cpp.o Lagom/Libraries/LibWeb/CMakeFiles/LibWeb.dir/Bindings/CSSKeywordValueConstructor.cpp.o Lagom/Libraries/LibWeb/CMakeFiles/LibWeb.dir/Bindings/CSSKeywordValuePrototype.cpp.o Lagom/Libraries/LibWeb/CMakeFiles/LibWeb.dir/Bindings/CSSLayerBlockRuleConstructor.cpp.o Lagom/Libraries/LibWeb/CMakeFiles/LibWeb.dir/Bindings/CSSLayerBlockRulePrototype.cpp.o Lagom/Libraries/LibWeb/CMakeFiles/LibWeb.dir/Bindings/CSSLayerStatementRuleConstructor.cpp.o Lagom/Libraries/LibWeb/CMakeFiles/LibWeb.dir/Bindings/CSSLayerStatementRulePrototype.cpp.o Lagom/Libraries/LibWeb/CMakeFiles/LibWeb.dir/Bindings/CSSMarginRuleConstructor.cpp.o Lagom/Libraries/LibWeb/CMakeFiles/LibWeb.dir/Bindings/CSSMarginRulePrototype.cpp.o Lagom/Libraries/LibWeb/CMakeFiles/LibWeb.dir/Bindings/CSSMathClampConstructor.cpp.o Lagom/Libraries/LibWeb/CMakeFiles/LibWeb.dir/Bindings/CSSMathClampPrototype.cpp.o Lagom/Libraries/LibWeb/CMakeFiles/LibWeb.dir/Bindings/CSSMathInvertConstructor.cpp.o Lagom/Libraries/LibWeb/CMakeFiles/LibWeb.dir/Bindings/CSSMathInvertPrototype.cpp.o Lagom/Libraries/LibWeb/CMakeFiles/LibWeb.dir/Bindings/CSSMathMaxConstructor.cpp.o Lagom/Libraries/LibWeb/CMakeFiles/LibWeb.dir/Bindings/CSSMathMaxPrototype.cpp.o Lagom/Libraries/LibWeb/CMakeFiles/LibWeb.dir/Bindings/CSSMathMinConstructor.cpp.o Lagom/Libraries/LibWeb/CMakeFiles/LibWeb.dir/Bindings/CSSMathMinPrototype.cpp.o Lagom/Libraries/LibWeb/CMakeFiles/LibWeb.dir/Bindings/CSSMathNegateConstructor.cpp.o Lagom/Libraries/LibWeb/CMakeFiles/LibWeb.dir/Bindings/CSSMathNegatePrototype.cpp.o Lagom/Libraries/LibWeb/CMakeFiles/LibWeb.dir/Bindings/CSSMathProductConstructor.cpp.o Lagom/Libraries/LibWeb/CMakeFiles/LibWeb.dir/Bindings/CSSMathProductPrototype.cpp.o Lagom/Libraries/LibWeb/CMakeFiles/LibWeb.dir/Bindings/CSSMathSumConstructor.cpp.o Lagom/Libraries/LibWeb/CMakeFiles/LibWeb.dir/Bindings/CSSMathSumPrototype.cpp.o Lagom/Libraries/LibWeb/CMakeFiles/LibWeb.dir/Bindings/CSSMathValueConstructor.cpp.o Lagom/Libraries/LibWeb/CMakeFiles/LibWeb.dir/Bindings/CSSMathValuePrototype.cpp.o Lagom/Libraries/LibWeb/CMakeFiles/LibWeb.dir/Bindings/CSSMatrixComponentConstructor.cpp.o Lagom/Libraries/LibWeb/CMakeFiles/LibWeb.dir/Bindings/CSSMatrixComponentPrototype.cpp.o Lagom/Libraries/LibWeb/CMakeFiles/LibWeb.dir/Bindings/CSSMediaRuleConstructor.cpp.o Lagom/Libraries/LibWeb/CMakeFiles/LibWeb.dir/Bindings/CSSMediaRulePrototype.cpp.o Lagom/Libraries/LibWeb/CMakeFiles/LibWeb.dir/Bindings/CSSNamespace.cpp.o Lagom/Libraries/LibWeb/CMakeFiles/LibWeb.dir/Bindings/CSSNamespaceRuleConstructor.cpp.o Lagom/Libraries/LibWeb/CMakeFiles/LibWeb.dir/Bindings/CSSNamespaceRulePrototype.cpp.o Lagom/Libraries/LibWeb/CMakeFiles/LibWeb.dir/Bindings/CSSNestedDeclarationsConstructor.cpp.o Lagom/Libraries/LibWeb/CMakeFiles/LibWeb.dir/Bindings/CSSNestedDeclarationsPrototype.cpp.o Lagom/Libraries/LibWeb/CMakeFiles/LibWeb.dir/Bindings/CSSNumericArrayConstructor.cpp.o Lagom/Libraries/LibWeb/CMakeFiles/LibWeb.dir/Bindings/CSSNumericArrayPrototype.cpp.o Lagom/Libraries/LibWeb/CMakeFiles/LibWeb.dir/Bindings/CSSNumericValueConstructor.cpp.o Lagom/Libraries/LibWeb/CMakeFiles/LibWeb.dir/Bindings/CSSNumericValuePrototype.cpp.o Lagom/Libraries/LibWeb/CMakeFiles/LibWeb.dir/Bindings/CSSPageRuleConstructor.cpp.o Lagom/Libraries/LibWeb/CMakeFiles/LibWeb.dir/Bindings/CSSPageRulePrototype.cpp.o Lagom/Libraries/LibWeb/CMakeFiles/LibWeb.dir/Bindings/CSSPageDescriptorsConstructor.cpp.o Lagom/Libraries/LibWeb/CMakeFiles/LibWeb.dir/Bindings/CSSPageDescriptorsPrototype.cpp.o Lagom/Libraries/LibWeb/CMakeFiles/LibWeb.dir/Bindings/CSSPerspectiveConstructor.cpp.o Lagom/Libraries/LibWeb/CMakeFiles/LibWeb.dir/Bindings/CSSPerspectivePrototype.cpp.o Lagom/Libraries/LibWeb/CMakeFiles/LibWeb.dir/Bindings/CSSPropertyRuleConstructor.cpp.o Lagom/Libraries/LibWeb/CMakeFiles/LibWeb.dir/Bindings/CSSPropertyRulePrototype.cpp.o Lagom/Libraries/LibWeb/CMakeFiles/LibWeb.dir/Bindings/CSSRotateConstructor.cpp.o Lagom/Libraries/LibWeb/CMakeFiles/LibWeb.dir/Bindings/CSSRotatePrototype.cpp.o Lagom/Libraries/LibWeb/CMakeFiles/LibWeb.dir/Bindings/CSSRuleConstructor.cpp.o Lagom/Libraries/LibWeb/CMakeFiles/LibWeb.dir/Bindings/CSSRulePrototype.cpp.o Lagom/Libraries/LibWeb/CMakeFiles/LibWeb.dir/Bindings/CSSRuleListConstructor.cpp.o Lagom/Libraries/LibWeb/CMakeFiles/LibWeb.dir/Bindings/CSSRuleListPrototype.cpp.o Lagom/Libraries/LibWeb/CMakeFiles/LibWeb.dir/Bindings/CSSScaleConstructor.cpp.o Lagom/Libraries/LibWeb/CMakeFiles/LibWeb.dir/Bindings/CSSScalePrototype.cpp.o Lagom/Libraries/LibWeb/CMakeFiles/LibWeb.dir/Bindings/CSSSkewConstructor.cpp.o Lagom/Libraries/LibWeb/CMakeFiles/LibWeb.dir/Bindings/CSSSkewPrototype.cpp.o Lagom/Libraries/LibWeb/CMakeFiles/LibWeb.dir/Bindings/CSSSkewXConstructor.cpp.o Lagom/Libraries/LibWeb/CMakeFiles/LibWeb.dir/Bindings/CSSSkewXPrototype.cpp.o Lagom/Libraries/LibWeb/CMakeFiles/LibWeb.dir/Bindings/CSSSkewYConstructor.cpp.o Lagom/Libraries/LibWeb/CMakeFiles/LibWeb.dir/Bindings/CSSSkewYPrototype.cpp.o Lagom/Libraries/LibWeb/CMakeFiles/LibWeb.dir/Bindings/CSSStyleDeclarationConstructor.cpp.o Lagom/Libraries/LibWeb/CMakeFiles/LibWeb.dir/Bindings/CSSStyleDeclarationPrototype.cpp.o Lagom/Libraries/LibWeb/CMakeFiles/LibWeb.dir/Bindings/CSSStylePropertiesConstructor.cpp.o Lagom/Libraries/LibWeb/CMakeFiles/LibWeb.dir/Bindings/CSSStylePropertiesPrototype.cpp.o Lagom/Libraries/LibWeb/CMakeFiles/LibWeb.dir/Bindings/CSSStyleRuleConstructor.cpp.o Lagom/Libraries/LibWeb/CMakeFiles/LibWeb.dir/Bindings/CSSStyleRulePrototype.cpp.o Lagom/Libraries/LibWeb/CMakeFiles/LibWeb.dir/Bindings/CSSStyleSheetConstructor.cpp.o Lagom/Libraries/LibWeb/CMakeFiles/LibWeb.dir/Bindings/CSSStyleSheetPrototype.cpp.o Lagom/Libraries/LibWeb/CMakeFiles/LibWeb.dir/Bindings/CSSStyleValueConstructor.cpp.o Lagom/Libraries/LibWeb/CMakeFiles/LibWeb.dir/Bindings/CSSStyleValuePrototype.cpp.o Lagom/Libraries/LibWeb/CMakeFiles/LibWeb.dir/Bindings/CSSSupportsRuleConstructor.cpp.o Lagom/Libraries/LibWeb/CMakeFiles/LibWeb.dir/Bindings/CSSSupportsRulePrototype.cpp.o Lagom/Libraries/LibWeb/CMakeFiles/LibWeb.dir/Bindings/CSSTransformComponentConstructor.cpp.o Lagom/Libraries/LibWeb/CMakeFiles/LibWeb.dir/Bindings/CSSTransformComponentPrototype.cpp.o Lagom/Libraries/LibWeb/CMakeFiles/LibWeb.dir/Bindings/CSSTransformValueConstructor.cpp.o Lagom/Libraries/LibWeb/CMakeFiles/LibWeb.dir/Bindings/CSSTransformValuePrototype.cpp.o Lagom/Libraries/LibWeb/CMakeFiles/LibWeb.dir/Bindings/CSSTransitionConstructor.cpp.o Lagom/Libraries/LibWeb/CMakeFiles/LibWeb.dir/Bindings/CSSTransitionPrototype.cpp.o Lagom/Libraries/LibWeb/CMakeFiles/LibWeb.dir/Bindings/CSSTranslateConstructor.cpp.o Lagom/Libraries/LibWeb/CMakeFiles/LibWeb.dir/Bindings/CSSTranslatePrototype.cpp.o Lagom/Libraries/LibWeb/CMakeFiles/LibWeb.dir/Bindings/CSSUnitValueConstructor.cpp.o Lagom/Libraries/LibWeb/CMakeFiles/LibWeb.dir/Bindings/CSSUnitValuePrototype.cpp.o Lagom/Libraries/LibWeb/CMakeFiles/LibWeb.dir/Bindings/CSSUnparsedValueConstructor.cpp.o Lagom/Libraries/LibWeb/CMakeFiles/LibWeb.dir/Bindings/CSSUnparsedValuePrototype.cpp.o Lagom/Libraries/LibWeb/CMakeFiles/LibWeb.dir/Bindings/CSSVariableReferenceValueConstructor.cpp.o Lagom/Libraries/LibWeb/CMakeFiles/LibWeb.dir/Bindings/CSSVariableReferenceValuePrototype.cpp.o Lagom/Libraries/LibWeb/CMakeFiles/LibWeb.dir/Bindings/FontFaceConstructor.cpp.o Lagom/Libraries/LibWeb/CMakeFiles/LibWeb.dir/Bindings/FontFacePrototype.cpp.o Lagom/Libraries/LibWeb/CMakeFiles/LibWeb.dir/Bindings/FontFaceSetConstructor.cpp.o Lagom/Libraries/LibWeb/CMakeFiles/LibWeb.dir/Bindings/FontFaceSetPrototype.cpp.o Lagom/Libraries/LibWeb/CMakeFiles/LibWeb.dir/Bindings/MediaListConstructor.cpp.o Lagom/Libraries/LibWeb/CMakeFiles/LibWeb.dir/Bindings/MediaListPrototype.cpp.o Lagom/Libraries/LibWeb/CMakeFiles/LibWeb.dir/Bindings/MediaQueryListConstructor.cpp.o Lagom/Libraries/LibWeb/CMakeFiles/LibWeb.dir/Bindings/MediaQueryListPrototype.cpp.o Lagom/Libraries/LibWeb/CMakeFiles/LibWeb.dir/Bindings/MediaQueryListEventConstructor.cpp.o Lagom/Libraries/LibWeb/CMakeFiles/LibWeb.dir/Bindings/MediaQueryListEventPrototype.cpp.o Lagom/Libraries/LibWeb/CMakeFiles/LibWeb.dir/Bindings/ScreenConstructor.cpp.o Lagom/Libraries/LibWeb/CMakeFiles/LibWeb.dir/Bindings/ScreenPrototype.cpp.o Lagom/Libraries/LibWeb/CMakeFiles/LibWeb.dir/Bindings/ScreenOrientationConstructor.cpp.o Lagom/Libraries/LibWeb/CMakeFiles/LibWeb.dir/Bindings/ScreenOrientationPrototype.cpp.o Lagom/Libraries/LibWeb/CMakeFiles/LibWeb.dir/Bindings/StylePropertyMapConstructor.cpp.o Lagom/Libraries/LibWeb/CMakeFiles/LibWeb.dir/Bindings/StylePropertyMapPrototype.cpp.o Lagom/Libraries/LibWeb/CMakeFiles/LibWeb.dir/Bindings/StylePropertyMapReadOnlyConstructor.cpp.o Lagom/Libraries/LibWeb/CMakeFiles/LibWeb.dir/Bindings/StylePropertyMapReadOnlyPrototype.cpp.o Lagom/Libraries/LibWeb/CMakeFiles/LibWeb.dir/Bindings/StyleSheetConstructor.cpp.o Lagom/Libraries/LibWeb/CMakeFiles/LibWeb.dir/Bindings/StyleSheetPrototype.cpp.o Lagom/Libraries/LibWeb/CMakeFiles/LibWeb.dir/Bindings/StyleSheetListConstructor.cpp.o Lagom/Libraries/LibWeb/CMakeFiles/LibWeb.dir/Bindings/StyleSheetListPrototype.cpp.o Lagom/Libraries/LibWeb/CMakeFiles/LibWeb.dir/Bindings/TransitionEventConstructor.cpp.o Lagom/Libraries/LibWeb/CMakeFiles/LibWeb.dir/Bindings/TransitionEventPrototype.cpp.o Lagom/Libraries/LibWeb/CMakeFiles/LibWeb.dir/Bindings/VisualViewportConstructor.cpp.o Lagom/Libraries/LibWeb/CMakeFiles/LibWeb.dir/Bindings/VisualViewportPrototype.cpp.o Lagom/Libraries/LibWeb/CMakeFiles/LibWeb.dir/Bindings/AbstractRangeConstructor.cpp.o Lagom/Libraries/LibWeb/CMakeFiles/LibWeb.dir/Bindings/AbstractRangePrototype.cpp.o Lagom/Libraries/LibWeb/CMakeFiles/LibWeb.dir/Bindings/AttrConstructor.cpp.o Lagom/Libraries/LibWeb/CMakeFiles/LibWeb.dir/Bindings/AttrPrototype.cpp.o Lagom/Libraries/LibWeb/CMakeFiles/LibWeb.dir/Bindings/AbortControllerConstructor.cpp.o Lagom/Libraries/LibWeb/CMakeFiles/LibWeb.dir/Bindings/AbortControllerPrototype.cpp.o Lagom/Libraries/LibWeb/CMakeFiles/LibWeb.dir/Bindings/AbortSignalConstructor.cpp.o Lagom/Libraries/LibWeb/CMakeFiles/LibWeb.dir/Bindings/AbortSignalPrototype.cpp.o Lagom/Libraries/LibWeb/CMakeFiles/LibWeb.dir/Bindings/CDATASectionConstructor.cpp.o Lagom/Libraries/LibWeb/CMakeFiles/LibWeb.dir/Bindings/CDATASectionPrototype.cpp.o Lagom/Libraries/LibWeb/CMakeFiles/LibWeb.dir/Bindings/CharacterDataConstructor.cpp.o Lagom/Libraries/LibWeb/CMakeFiles/LibWeb.dir/Bindings/CharacterDataPrototype.cpp.o Lagom/Libraries/LibWeb/CMakeFiles/LibWeb.dir/Bindings/CommentConstructor.cpp.o Lagom/Libraries/LibWeb/CMakeFiles/LibWeb.dir/Bindings/CommentPrototype.cpp.o Lagom/Libraries/LibWeb/CMakeFiles/LibWeb.dir/Bindings/CustomEventConstructor.cpp.o Lagom/Libraries/LibWeb/CMakeFiles/LibWeb.dir/Bindings/CustomEventPrototype.cpp.o Lagom/Libraries/LibWeb/CMakeFiles/LibWeb.dir/Bindings/DocumentConstructor.cpp.o Lagom/Libraries/LibWeb/CMakeFiles/LibWeb.dir/Bindings/DocumentPrototype.cpp.o Lagom/Libraries/LibWeb/CMakeFiles/LibWeb.dir/Bindings/DocumentFragmentConstructor.cpp.o Lagom/Libraries/LibWeb/CMakeFiles/LibWeb.dir/Bindings/DocumentFragmentPrototype.cpp.o Lagom/Libraries/LibWeb/CMakeFiles/LibWeb.dir/Bindings/DocumentTypeConstructor.cpp.o Lagom/Libraries/LibWeb/CMakeFiles/LibWeb.dir/Bindings/DocumentTypePrototype.cpp.o Lagom/Libraries/LibWeb/CMakeFiles/LibWeb.dir/Bindings/DOMImplementationConstructor.cpp.o Lagom/Libraries/LibWeb/CMakeFiles/LibWeb.dir/Bindings/DOMImplementationPrototype.cpp.o Lagom/Libraries/LibWeb/CMakeFiles/LibWeb.dir/Bindings/DOMTokenListConstructor.cpp.o Lagom/Libraries/LibWeb/CMakeFiles/LibWeb.dir/Bindings/DOMTokenListPrototype.cpp.o Lagom/Libraries/LibWeb/CMakeFiles/LibWeb.dir/Bindings/ElementConstructor.cpp.o Lagom/Libraries/LibWeb/CMakeFiles/LibWeb.dir/Bindings/ElementPrototype.cpp.o Lagom/Libraries/LibWeb/CMakeFiles/LibWeb.dir/Bindings/EventConstructor.cpp.o Lagom/Libraries/LibWeb/CMakeFiles/LibWeb.dir/Bindings/EventPrototype.cpp.o Lagom/Libraries/LibWeb/CMakeFiles/LibWeb.dir/Bindings/EventTargetConstructor.cpp.o Lagom/Libraries/LibWeb/CMakeFiles/LibWeb.dir/Bindings/EventTargetPrototype.cpp.o Lagom/Libraries/LibWeb/CMakeFiles/LibWeb.dir/Bindings/HTMLCollectionConstructor.cpp.o Lagom/Libraries/LibWeb/CMakeFiles/LibWeb.dir/Bindings/HTMLCollectionPrototype.cpp.o Lagom/Libraries/LibWeb/CMakeFiles/LibWeb.dir/Bindings/MutationObserverConstructor.cpp.o Lagom/Libraries/LibWeb/CMakeFiles/LibWeb.dir/Bindings/MutationObserverPrototype.cpp.o Lagom/Libraries/LibWeb/CMakeFiles/LibWeb.dir/Bindings/MutationRecordConstructor.cpp.o Lagom/Libraries/LibWeb/CMakeFiles/LibWeb.dir/Bindings/MutationRecordPrototype.cpp.o Lagom/Libraries/LibWeb/CMakeFiles/LibWeb.dir/Bindings/NamedNodeMapConstructor.cpp.o Lagom/Libraries/LibWeb/CMakeFiles/LibWeb.dir/Bindings/NamedNodeMapPrototype.cpp.o Lagom/Libraries/LibWeb/CMakeFiles/LibWeb.dir/Bindings/NodeConstructor.cpp.o Lagom/Libraries/LibWeb/CMakeFiles/LibWeb.dir/Bindings/NodePrototype.cpp.o Lagom/Libraries/LibWeb/CMakeFiles/LibWeb.dir/Bindings/NodeFilterConstructor.cpp.o Lagom/Libraries/LibWeb/CMakeFiles/LibWeb.dir/Bindings/NodeFilterPrototype.cpp.o Lagom/Libraries/LibWeb/CMakeFiles/LibWeb.dir/Bindings/NodeIteratorConstructor.cpp.o Lagom/Libraries/LibWeb/CMakeFiles/LibWeb.dir/Bindings/NodeIteratorPrototype.cpp.o Lagom/Libraries/LibWeb/CMakeFiles/LibWeb.dir/Bindings/NodeListConstructor.cpp.o Lagom/Libraries/LibWeb/CMakeFiles/LibWeb.dir/Bindings/NodeListPrototype.cpp.o Lagom/Libraries/LibWeb/CMakeFiles/LibWeb.dir/Bindings/ProcessingInstructionConstructor.cpp.o Lagom/Libraries/LibWeb/CMakeFiles/LibWeb.dir/Bindings/ProcessingInstructionPrototype.cpp.o Lagom/Libraries/LibWeb/CMakeFiles/LibWeb.dir/Bindings/RangeConstructor.cpp.o Lagom/Libraries/LibWeb/CMakeFiles/LibWeb.dir/Bindings/RangePrototype.cpp.o Lagom/Libraries/LibWeb/CMakeFiles/LibWeb.dir/Bindings/ShadowRootConstructor.cpp.o Lagom/Libraries/LibWeb/CMakeFiles/LibWeb.dir/Bindings/ShadowRootPrototype.cpp.o Lagom/Libraries/LibWeb/CMakeFiles/LibWeb.dir/Bindings/StaticRangeConstructor.cpp.o Lagom/Libraries/LibWeb/CMakeFiles/LibWeb.dir/Bindings/StaticRangePrototype.cpp.o Lagom/Libraries/LibWeb/CMakeFiles/LibWeb.dir/Bindings/TextConstructor.cpp.o Lagom/Libraries/LibWeb/CMakeFiles/LibWeb.dir/Bindings/TextPrototype.cpp.o Lagom/Libraries/LibWeb/CMakeFiles/LibWeb.dir/Bindings/TreeWalkerConstructor.cpp.o Lagom/Libraries/LibWeb/CMakeFiles/LibWeb.dir/Bindings/TreeWalkerPrototype.cpp.o Lagom/Libraries/LibWeb/CMakeFiles/LibWeb.dir/Bindings/XMLDocumentConstructor.cpp.o Lagom/Libraries/LibWeb/CMakeFiles/LibWeb.dir/Bindings/XMLDocumentPrototype.cpp.o Lagom/Libraries/LibWeb/CMakeFiles/LibWeb.dir/Bindings/DOMURLConstructor.cpp.o Lagom/Libraries/LibWeb/CMakeFiles/LibWeb.dir/Bindings/DOMURLPrototype.cpp.o Lagom/Libraries/LibWeb/CMakeFiles/LibWeb.dir/Bindings/URLSearchParamsConstructor.cpp.o Lagom/Libraries/LibWeb/CMakeFiles/LibWeb.dir/Bindings/URLSearchParamsPrototype.cpp.o Lagom/Libraries/LibWeb/CMakeFiles/LibWeb.dir/Bindings/URLSearchParamsIteratorPrototype.cpp.o Lagom/Libraries/LibWeb/CMakeFiles/LibWeb.dir/Bindings/TextDecoderConstructor.cpp.o Lagom/Libraries/LibWeb/CMakeFiles/LibWeb.dir/Bindings/TextDecoderPrototype.cpp.o Lagom/Libraries/LibWeb/CMakeFiles/LibWeb.dir/Bindings/TextEncoderConstructor.cpp.o Lagom/Libraries/LibWeb/CMakeFiles/LibWeb.dir/Bindings/TextEncoderPrototype.cpp.o Lagom/Libraries/LibWeb/CMakeFiles/LibWeb.dir/Bindings/TextEncoderStreamConstructor.cpp.o Lagom/Libraries/LibWeb/CMakeFiles/LibWeb.dir/Bindings/TextEncoderStreamPrototype.cpp.o Lagom/Libraries/LibWeb/CMakeFiles/LibWeb.dir/Bindings/MediaKeySystemAccessConstructor.cpp.o Lagom/Libraries/LibWeb/CMakeFiles/LibWeb.dir/Bindings/MediaKeySystemAccessPrototype.cpp.o Lagom/Libraries/LibWeb/CMakeFiles/LibWeb.dir/Bindings/FileSystemEntryConstructor.cpp.o Lagom/Libraries/LibWeb/CMakeFiles/LibWeb.dir/Bindings/FileSystemEntryPrototype.cpp.o Lagom/Libraries/LibWeb/CMakeFiles/LibWeb.dir/Bindings/PerformanceEventTimingConstructor.cpp.o Lagom/Libraries/LibWeb/CMakeFiles/LibWeb.dir/Bindings/PerformanceEventTimingPrototype.cpp.o Lagom/Libraries/LibWeb/CMakeFiles/LibWeb.dir/Bindings/HeadersConstructor.cpp.o Lagom/Libraries/LibWeb/CMakeFiles/LibWeb.dir/Bindings/HeadersPrototype.cpp.o Lagom/Libraries/LibWeb/CMakeFiles/LibWeb.dir/Bindings/HeadersIteratorPrototype.cpp.o Lagom/Libraries/LibWeb/CMakeFiles/LibWeb.dir/Bindings/RequestConstructor.cpp.o Lagom/Libraries/LibWeb/CMakeFiles/LibWeb.dir/Bindings/RequestPrototype.cpp.o Lagom/Libraries/LibWeb/CMakeFiles/LibWeb.dir/Bindings/ResponseConstructor.cpp.o Lagom/Libraries/LibWeb/CMakeFiles/LibWeb.dir/Bindings/ResponsePrototype.cpp.o Lagom/Libraries/LibWeb/CMakeFiles/LibWeb.dir/Bindings/BlobConstructor.cpp.o Lagom/Libraries/LibWeb/CMakeFiles/LibWeb.dir/Bindings/BlobPrototype.cpp.o Lagom/Libraries/LibWeb/CMakeFiles/LibWeb.dir/Bindings/FileConstructor.cpp.o Lagom/Libraries/LibWeb/CMakeFiles/LibWeb.dir/Bindings/FilePrototype.cpp.o Lagom/Libraries/LibWeb/CMakeFiles/LibWeb.dir/Bindings/FileListConstructor.cpp.o Lagom/Libraries/LibWeb/CMakeFiles/LibWeb.dir/Bindings/FileListPrototype.cpp.o Lagom/Libraries/LibWeb/CMakeFiles/LibWeb.dir/Bindings/FileReaderConstructor.cpp.o Lagom/Libraries/LibWeb/CMakeFiles/LibWeb.dir/Bindings/FileReaderPrototype.cpp.o Lagom/Libraries/LibWeb/CMakeFiles/LibWeb.dir/Bindings/FileReaderSyncConstructor.cpp.o Lagom/Libraries/LibWeb/CMakeFiles/LibWeb.dir/Bindings/FileReaderSyncPrototype.cpp.o Lagom/Libraries/LibWeb/CMakeFiles/LibWeb.dir/Bindings/GamepadConstructor.cpp.o Lagom/Libraries/LibWeb/CMakeFiles/LibWeb.dir/Bindings/GamepadPrototype.cpp.o Lagom/Libraries/LibWeb/CMakeFiles/LibWeb.dir/Bindings/GamepadButtonConstructor.cpp.o Lagom/Libraries/LibWeb/CMakeFiles/LibWeb.dir/Bindings/GamepadButtonPrototype.cpp.o Lagom/Libraries/LibWeb/CMakeFiles/LibWeb.dir/Bindings/GamepadEventConstructor.cpp.o Lagom/Libraries/LibWeb/CMakeFiles/LibWeb.dir/Bindings/GamepadEventPrototype.cpp.o Lagom/Libraries/LibWeb/CMakeFiles/LibWeb.dir/Bindings/GamepadHapticActuatorConstructor.cpp.o Lagom/Libraries/LibWeb/CMakeFiles/LibWeb.dir/Bindings/GamepadHapticActuatorPrototype.cpp.o Lagom/Libraries/LibWeb/CMakeFiles/LibWeb.dir/Bindings/GeolocationConstructor.cpp.o Lagom/Libraries/LibWeb/CMakeFiles/LibWeb.dir/Bindings/GeolocationPrototype.cpp.o Lagom/Libraries/LibWeb/CMakeFiles/LibWeb.dir/Bindings/GeolocationCoordinatesConstructor.cpp.o Lagom/Libraries/LibWeb/CMakeFiles/LibWeb.dir/Bindings/GeolocationCoordinatesPrototype.cpp.o Lagom/Libraries/LibWeb/CMakeFiles/LibWeb.dir/Bindings/GeolocationPositionConstructor.cpp.o Lagom/Libraries/LibWeb/CMakeFiles/LibWeb.dir/Bindings/GeolocationPositionPrototype.cpp.o Lagom/Libraries/LibWeb/CMakeFiles/LibWeb.dir/Bindings/GeolocationPositionErrorConstructor.cpp.o Lagom/Libraries/LibWeb/CMakeFiles/LibWeb.dir/Bindings/GeolocationPositionErrorPrototype.cpp.o Lagom/Libraries/LibWeb/CMakeFiles/LibWeb.dir/Bindings/DOMMatrixConstructor.cpp.o Lagom/Libraries/LibWeb/CMakeFiles/LibWeb.dir/Bindings/DOMMatrixPrototype.cpp.o Lagom/Libraries/LibWeb/CMakeFiles/LibWeb.dir/Bindings/DOMMatrixReadOnlyConstructor.cpp.o Lagom/Libraries/LibWeb/CMakeFiles/LibWeb.dir/Bindings/DOMMatrixReadOnlyPrototype.cpp.o Lagom/Libraries/LibWeb/CMakeFiles/LibWeb.dir/Bindings/DOMPointConstructor.cpp.o Lagom/Libraries/LibWeb/CMakeFiles/LibWeb.dir/Bindings/DOMPointPrototype.cpp.o Lagom/Libraries/LibWeb/CMakeFiles/LibWeb.dir/Bindings/DOMPointReadOnlyConstructor.cpp.o Lagom/Libraries/LibWeb/CMakeFiles/LibWeb.dir/Bindings/DOMPointReadOnlyPrototype.cpp.o Lagom/Libraries/LibWeb/CMakeFiles/LibWeb.dir/Bindings/DOMQuadConstructor.cpp.o Lagom/Libraries/LibWeb/CMakeFiles/LibWeb.dir/Bindings/DOMQuadPrototype.cpp.o Lagom/Libraries/LibWeb/CMakeFiles/LibWeb.dir/Bindings/DOMRectConstructor.cpp.o Lagom/Libraries/LibWeb/CMakeFiles/LibWeb.dir/Bindings/DOMRectPrototype.cpp.o Lagom/Libraries/LibWeb/CMakeFiles/LibWeb.dir/Bindings/DOMRectListConstructor.cpp.o Lagom/Libraries/LibWeb/CMakeFiles/LibWeb.dir/Bindings/DOMRectListPrototype.cpp.o Lagom/Libraries/LibWeb/CMakeFiles/LibWeb.dir/Bindings/DOMRectReadOnlyConstructor.cpp.o Lagom/Libraries/LibWeb/CMakeFiles/LibWeb.dir/Bindings/DOMRectReadOnlyPrototype.cpp.o Lagom/Libraries/LibWeb/CMakeFiles/LibWeb.dir/Bindings/AudioTrackConstructor.cpp.o Lagom/Libraries/LibWeb/CMakeFiles/LibWeb.dir/Bindings/AudioTrackPrototype.cpp.o Lagom/Libraries/LibWeb/CMakeFiles/LibWeb.dir/Bindings/AudioTrackListConstructor.cpp.o Lagom/Libraries/LibWeb/CMakeFiles/LibWeb.dir/Bindings/AudioTrackListPrototype.cpp.o Lagom/Libraries/LibWeb/CMakeFiles/LibWeb.dir/Bindings/BarPropConstructor.cpp.o Lagom/Libraries/LibWeb/CMakeFiles/LibWeb.dir/Bindings/BarPropPrototype.cpp.o Lagom/Libraries/LibWeb/CMakeFiles/LibWeb.dir/Bindings/BeforeUnloadEventConstructor.cpp.o Lagom/Libraries/LibWeb/CMakeFiles/LibWeb.dir/Bindings/BeforeUnloadEventPrototype.cpp.o Lagom/Libraries/LibWeb/CMakeFiles/LibWeb.dir/Bindings/BroadcastChannelConstructor.cpp.o Lagom/Libraries/LibWeb/CMakeFiles/LibWeb.dir/Bindings/BroadcastChannelPrototype.cpp.o Lagom/Libraries/LibWeb/CMakeFiles/LibWeb.dir/Bindings/CanvasGradientConstructor.cpp.o Lagom/Libraries/LibWeb/CMakeFiles/LibWeb.dir/Bindings/CanvasGradientPrototype.cpp.o Lagom/Libraries/LibWeb/CMakeFiles/LibWeb.dir/Bindings/CanvasPatternConstructor.cpp.o Lagom/Libraries/LibWeb/CMakeFiles/LibWeb.dir/Bindings/CanvasPatternPrototype.cpp.o Lagom/Libraries/LibWeb/CMakeFiles/LibWeb.dir/Bindings/CanvasRenderingContext2DConstructor.cpp.o Lagom/Libraries/LibWeb/CMakeFiles/LibWeb.dir/Bindings/CanvasRenderingContext2DPrototype.cpp.o Lagom/Libraries/LibWeb/CMakeFiles/LibWeb.dir/Bindings/CloseEventConstructor.cpp.o Lagom/Libraries/LibWeb/CMakeFiles/LibWeb.dir/Bindings/CloseEventPrototype.cpp.o Lagom/Libraries/LibWeb/CMakeFiles/LibWeb.dir/Bindings/CloseWatcherConstructor.cpp.o Lagom/Libraries/LibWeb/CMakeFiles/LibWeb.dir/Bindings/CloseWatcherPrototype.cpp.o Lagom/Libraries/LibWeb/CMakeFiles/LibWeb.dir/Bindings/CommandEventConstructor.cpp.o Lagom/Libraries/LibWeb/CMakeFiles/LibWeb.dir/Bindings/CommandEventPrototype.cpp.o Lagom/Libraries/LibWeb/CMakeFiles/LibWeb.dir/Bindings/CustomElementRegistryConstructor.cpp.o Lagom/Libraries/LibWeb/CMakeFiles/LibWeb.dir/Bindings/CustomElementRegistryPrototype.cpp.o Lagom/Libraries/LibWeb/CMakeFiles/LibWeb.dir/Bindings/CustomStateSetConstructor.cpp.o Lagom/Libraries/LibWeb/CMakeFiles/LibWeb.dir/Bindings/CustomStateSetPrototype.cpp.o Lagom/Libraries/LibWeb/CMakeFiles/LibWeb.dir/Bindings/DataTransferConstructor.cpp.o Lagom/Libraries/LibWeb/CMakeFiles/LibWeb.dir/Bindings/DataTransferPrototype.cpp.o Lagom/Libraries/LibWeb/CMakeFiles/LibWeb.dir/Bindings/DataTransferItemConstructor.cpp.o Lagom/Libraries/LibWeb/CMakeFiles/LibWeb.dir/Bindings/DataTransferItemPrototype.cpp.o Lagom/Libraries/LibWeb/CMakeFiles/LibWeb.dir/Bindings/DataTransferItemListConstructor.cpp.o Lagom/Libraries/LibWeb/CMakeFiles/LibWeb.dir/Bindings/DataTransferItemListPrototype.cpp.o Lagom/Libraries/LibWeb/CMakeFiles/LibWeb.dir/Bindings/DedicatedWorkerGlobalScopeConstructor.cpp.o Lagom/Libraries/LibWeb/CMakeFiles/LibWeb.dir/Bindings/DedicatedWorkerGlobalScopePrototype.cpp.o Lagom/Libraries/LibWeb/CMakeFiles/LibWeb.dir/Bindings/DedicatedWorkerGlobalScopeGlobalMixin.cpp.o Lagom/Libraries/LibWeb/CMakeFiles/LibWeb.dir/Bindings/DOMParserConstructor.cpp.o Lagom/Libraries/LibWeb/CMakeFiles/LibWeb.dir/Bindings/DOMParserPrototype.cpp.o Lagom/Libraries/LibWeb/CMakeFiles/LibWeb.dir/Bindings/DOMStringListConstructor.cpp.o Lagom/Libraries/LibWeb/CMakeFiles/LibWeb.dir/Bindings/DOMStringListPrototype.cpp.o Lagom/Libraries/LibWeb/CMakeFiles/LibWeb.dir/Bindings/DOMStringMapConstructor.cpp.o Lagom/Libraries/LibWeb/CMakeFiles/LibWeb.dir/Bindings/DOMStringMapPrototype.cpp.o Lagom/Libraries/LibWeb/CMakeFiles/LibWeb.dir/Bindings/DragEventConstructor.cpp.o Lagom/Libraries/LibWeb/CMakeFiles/LibWeb.dir/Bindings/DragEventPrototype.cpp.o Lagom/Libraries/LibWeb/CMakeFiles/LibWeb.dir/Bindings/ElementInternalsConstructor.cpp.o Lagom/Libraries/LibWeb/CMakeFiles/LibWeb.dir/Bindings/ElementInternalsPrototype.cpp.o Lagom/Libraries/LibWeb/CMakeFiles/LibWeb.dir/Bindings/ErrorEventConstructor.cpp.o Lagom/Libraries/LibWeb/CMakeFiles/LibWeb.dir/Bindings/ErrorEventPrototype.cpp.o Lagom/Libraries/LibWeb/CMakeFiles/LibWeb.dir/Bindings/EventSourceConstructor.cpp.o Lagom/Libraries/LibWeb/CMakeFiles/LibWeb.dir/Bindings/EventSourcePrototype.cpp.o Lagom/Libraries/LibWeb/CMakeFiles/LibWeb.dir/Bindings/FormDataEventConstructor.cpp.o Lagom/Libraries/LibWeb/CMakeFiles/LibWeb.dir/Bindings/FormDataEventPrototype.cpp.o Lagom/Libraries/LibWeb/CMakeFiles/LibWeb.dir/Bindings/HashChangeEventConstructor.cpp.o Lagom/Libraries/LibWeb/CMakeFiles/LibWeb.dir/Bindings/HashChangeEventPrototype.cpp.o Lagom/Libraries/LibWeb/CMakeFiles/LibWeb.dir/Bindings/HistoryConstructor.cpp.o Lagom/Libraries/LibWeb/CMakeFiles/LibWeb.dir/Bindings/HistoryPrototype.cpp.o Lagom/Libraries/LibWeb/CMakeFiles/LibWeb.dir/Bindings/HTMLAllCollectionConstructor.cpp.o Lagom/Libraries/LibWeb/CMakeFiles/LibWeb.dir/Bindings/HTMLAllCollectionPrototype.cpp.o Lagom/Libraries/LibWeb/CMakeFiles/LibWeb.dir/Bindings/HTMLAnchorElementConstructor.cpp.o Lagom/Libraries/LibWeb/CMakeFiles/LibWeb.dir/Bindings/HTMLAnchorElementPrototype.cpp.o Lagom/Libraries/LibWeb/CMakeFiles/LibWeb.dir/Bindings/HTMLAreaElementConstructor.cpp.o Lagom/Libraries/LibWeb/CMakeFiles/LibWeb.dir/Bindings/HTMLAreaElementPrototype.cpp.o Lagom/Libraries/LibWeb/CMakeFiles/LibWeb.dir/Bindings/HTMLAudioElementConstructor.cpp.o Lagom/Libraries/LibWeb/CMakeFiles/LibWeb.dir/Bindings/HTMLAudioElementPrototype.cpp.o Lagom/Libraries/LibWeb/CMakeFiles/LibWeb.dir/Bindings/HTMLBaseElementConstructor.cpp.o Lagom/Libraries/LibWeb/CMakeFiles/LibWeb.dir/Bindings/HTMLBaseElementPrototype.cpp.o Lagom/Libraries/LibWeb/CMakeFiles/LibWeb.dir/Bindings/HTMLBodyElementConstructor.cpp.o Lagom/Libraries/LibWeb/CMakeFiles/LibWeb.dir/Bindings/HTMLBodyElementPrototype.cpp.o Lagom/Libraries/LibWeb/CMakeFiles/LibWeb.dir/Bindings/HTMLBRElementConstructor.cpp.o Lagom/Libraries/LibWeb/CMakeFiles/LibWeb.dir/Bindings/HTMLBRElementPrototype.cpp.o Lagom/Libraries/LibWeb/CMakeFiles/LibWeb.dir/Bindings/HTMLButtonElementConstructor.cpp.o Lagom/Libraries/LibWeb/CMakeFiles/LibWeb.dir/Bindings/HTMLButtonElementPrototype.cpp.o Lagom/Libraries/LibWeb/CMakeFiles/LibWeb.dir/Bindings/HTMLCanvasElementConstructor.cpp.o Lagom/Libraries/LibWeb/CMakeFiles/LibWeb.dir/Bindings/HTMLCanvasElementPrototype.cpp.o Lagom/Libraries/LibWeb/CMakeFiles/LibWeb.dir/Bindings/HTMLDataElementConstructor.cpp.o Lagom/Libraries/LibWeb/CMakeFiles/LibWeb.dir/Bindings/HTMLDataElementPrototype.cpp.o Lagom/Libraries/LibWeb/CMakeFiles/LibWeb.dir/Bindings/HTMLDataListElementConstructor.cpp.o Lagom/Libraries/LibWeb/CMakeFiles/LibWeb.dir/Bindings/HTMLDataListElementPrototype.cpp.o Lagom/Libraries/LibWeb/CMakeFiles/LibWeb.dir/Bindings/HTMLDetailsElementConstructor.cpp.o Lagom/Libraries/LibWeb/CMakeFiles/LibWeb.dir/Bindings/HTMLDetailsElementPrototype.cpp.o Lagom/Libraries/LibWeb/CMakeFiles/LibWeb.dir/Bindings/HTMLDialogElementConstructor.cpp.o Lagom/Libraries/LibWeb/CMakeFiles/LibWeb.dir/Bindings/HTMLDialogElementPrototype.cpp.o Lagom/Libraries/LibWeb/CMakeFiles/LibWeb.dir/Bindings/HTMLDirectoryElementConstructor.cpp.o Lagom/Libraries/LibWeb/CMakeFiles/LibWeb.dir/Bindings/HTMLDirectoryElementPrototype.cpp.o Lagom/Libraries/LibWeb/CMakeFiles/LibWeb.dir/Bindings/HTMLDivElementConstructor.cpp.o Lagom/Libraries/LibWeb/CMakeFiles/LibWeb.dir/Bindings/HTMLDivElementPrototype.cpp.o Lagom/Libraries/LibWeb/CMakeFiles/LibWeb.dir/Bindings/HTMLDocumentConstructor.cpp.o Lagom/Libraries/LibWeb/CMakeFiles/LibWeb.dir/Bindings/HTMLDocumentPrototype.cpp.o Lagom/Libraries/LibWeb/CMakeFiles/LibWeb.dir/Bindings/HTMLDListElementConstructor.cpp.o Lagom/Libraries/LibWeb/CMakeFiles/LibWeb.dir/Bindings/HTMLDListElementPrototype.cpp.o Lagom/Libraries/LibWeb/CMakeFiles/LibWeb.dir/Bindings/HTMLElementConstructor.cpp.o Lagom/Libraries/LibWeb/CMakeFiles/LibWeb.dir/Bindings/HTMLElementPrototype.cpp.o Lagom/Libraries/LibWeb/CMakeFiles/LibWeb.dir/Bindings/HTMLEmbedElementConstructor.cpp.o Lagom/Libraries/LibWeb/CMakeFiles/LibWeb.dir/Bindings/HTMLEmbedElementPrototype.cpp.o Lagom/Libraries/LibWeb/CMakeFiles/LibWeb.dir/Bindings/HTMLFieldSetElementConstructor.cpp.o Lagom/Libraries/LibWeb/CMakeFiles/LibWeb.dir/Bindings/HTMLFieldSetElementPrototype.cpp.o Lagom/Libraries/LibWeb/CMakeFiles/LibWeb.dir/Bindings/HTMLFontElementConstructor.cpp.o Lagom/Libraries/LibWeb/CMakeFiles/LibWeb.dir/Bindings/HTMLFontElementPrototype.cpp.o Lagom/Libraries/LibWeb/CMakeFiles/LibWeb.dir/Bindings/HTMLFormControlsCollectionConstructor.cpp.o Lagom/Libraries/LibWeb/CMakeFiles/LibWeb.dir/Bindings/HTMLFormControlsCollectionPrototype.cpp.o Lagom/Libraries/LibWeb/CMakeFiles/LibWeb.dir/Bindings/HTMLFormElementConstructor.cpp.o Lagom/Libraries/LibWeb/CMakeFiles/LibWeb.dir/Bindings/HTMLFormElementPrototype.cpp.o Lagom/Libraries/LibWeb/CMakeFiles/LibWeb.dir/Bindings/HTMLFrameElementConstructor.cpp.o Lagom/Libraries/LibWeb/CMakeFiles/LibWeb.dir/Bindings/HTMLFrameElementPrototype.cpp.o Lagom/Libraries/LibWeb/CMakeFiles/LibWeb.dir/Bindings/HTMLFrameSetElementConstructor.cpp.o Lagom/Libraries/LibWeb/CMakeFiles/LibWeb.dir/Bindings/HTMLFrameSetElementPrototype.cpp.o Lagom/Libraries/LibWeb/CMakeFiles/LibWeb.dir/Bindings/HTMLHeadElementConstructor.cpp.o Lagom/Libraries/LibWeb/CMakeFiles/LibWeb.dir/Bindings/HTMLHeadElementPrototype.cpp.o Lagom/Libraries/LibWeb/CMakeFiles/LibWeb.dir/Bindings/HTMLHeadingElementConstructor.cpp.o Lagom/Libraries/LibWeb/CMakeFiles/LibWeb.dir/Bindings/HTMLHeadingElementPrototype.cpp.o Lagom/Libraries/LibWeb/CMakeFiles/LibWeb.dir/Bindings/HTMLHRElementConstructor.cpp.o Lagom/Libraries/LibWeb/CMakeFiles/LibWeb.dir/Bindings/HTMLHRElementPrototype.cpp.o Lagom/Libraries/LibWeb/CMakeFiles/LibWeb.dir/Bindings/HTMLHtmlElementConstructor.cpp.o Lagom/Libraries/LibWeb/CMakeFiles/LibWeb.dir/Bindings/HTMLHtmlElementPrototype.cpp.o Lagom/Libraries/LibWeb/CMakeFiles/LibWeb.dir/Bindings/HTMLIFrameElementConstructor.cpp.o Lagom/Libraries/LibWeb/CMakeFiles/LibWeb.dir/Bindings/HTMLIFrameElementPrototype.cpp.o Lagom/Libraries/LibWeb/CMakeFiles/LibWeb.dir/Bindings/HTMLImageElementConstructor.cpp.o Lagom/Libraries/LibWeb/CMakeFiles/LibWeb.dir/Bindings/HTMLImageElementPrototype.cpp.o Lagom/Libraries/LibWeb/CMakeFiles/LibWeb.dir/Bindings/HTMLInputElementConstructor.cpp.o Lagom/Libraries/LibWeb/CMakeFiles/LibWeb.dir/Bindings/HTMLInputElementPrototype.cpp.o Lagom/Libraries/LibWeb/CMakeFiles/LibWeb.dir/Bindings/HTMLLabelElementConstructor.cpp.o Lagom/Libraries/LibWeb/CMakeFiles/LibWeb.dir/Bindings/HTMLLabelElementPrototype.cpp.o Lagom/Libraries/LibWeb/CMakeFiles/LibWeb.dir/Bindings/HTMLLegendElementConstructor.cpp.o Lagom/Libraries/LibWeb/CMakeFiles/LibWeb.dir/Bindings/HTMLLegendElementPrototype.cpp.o Lagom/Libraries/LibWeb/CMakeFiles/LibWeb.dir/Bindings/HTMLLIElementConstructor.cpp.o Lagom/Libraries/LibWeb/CMakeFiles/LibWeb.dir/Bindings/HTMLLIElementPrototype.cpp.o Lagom/Libraries/LibWeb/CMakeFiles/LibWeb.dir/Bindings/HTMLLinkElementConstructor.cpp.o Lagom/Libraries/LibWeb/CMakeFiles/LibWeb.dir/Bindings/HTMLLinkElementPrototype.cpp.o Lagom/Libraries/LibWeb/CMakeFiles/LibWeb.dir/Bindings/HTMLMapElementConstructor.cpp.o Lagom/Libraries/LibWeb/CMakeFiles/LibWeb.dir/Bindings/HTMLMapElementPrototype.cpp.o Lagom/Libraries/LibWeb/CMakeFiles/LibWeb.dir/Bindings/HTMLMarqueeElementConstructor.cpp.o Lagom/Libraries/LibWeb/CMakeFiles/LibWeb.dir/Bindings/HTMLMarqueeElementPrototype.cpp.o Lagom/Libraries/LibWeb/CMakeFiles/LibWeb.dir/Bindings/HTMLMediaElementConstructor.cpp.o Lagom/Libraries/LibWeb/CMakeFiles/LibWeb.dir/Bindings/HTMLMediaElementPrototype.cpp.o Lagom/Libraries/LibWeb/CMakeFiles/LibWeb.dir/Bindings/HTMLMenuElementConstructor.cpp.o Lagom/Libraries/LibWeb/CMakeFiles/LibWeb.dir/Bindings/HTMLMenuElementPrototype.cpp.o Lagom/Libraries/LibWeb/CMakeFiles/LibWeb.dir/Bindings/HTMLMetaElementConstructor.cpp.o Lagom/Libraries/LibWeb/CMakeFiles/LibWeb.dir/Bindings/HTMLMetaElementPrototype.cpp.o Lagom/Libraries/LibWeb/CMakeFiles/LibWeb.dir/Bindings/HTMLMeterElementConstructor.cpp.o Lagom/Libraries/LibWeb/CMakeFiles/LibWeb.dir/Bindings/HTMLMeterElementPrototype.cpp.o Lagom/Libraries/LibWeb/CMakeFiles/LibWeb.dir/Bindings/HTMLModElementConstructor.cpp.o Lagom/Libraries/LibWeb/CMakeFiles/LibWeb.dir/Bindings/HTMLModElementPrototype.cpp.o Lagom/Libraries/LibWeb/CMakeFiles/LibWeb.dir/Bindings/HTMLObjectElementConstructor.cpp.o Lagom/Libraries/LibWeb/CMakeFiles/LibWeb.dir/Bindings/HTMLObjectElementPrototype.cpp.o Lagom/Libraries/LibWeb/CMakeFiles/LibWeb.dir/Bindings/HTMLOListElementConstructor.cpp.o Lagom/Libraries/LibWeb/CMakeFiles/LibWeb.dir/Bindings/HTMLOListElementPrototype.cpp.o Lagom/Libraries/LibWeb/CMakeFiles/LibWeb.dir/Bindings/HTMLOptGroupElementConstructor.cpp.o Lagom/Libraries/LibWeb/CMakeFiles/LibWeb.dir/Bindings/HTMLOptGroupElementPrototype.cpp.o Lagom/Libraries/LibWeb/CMakeFiles/LibWeb.dir/Bindings/HTMLOptionElementConstructor.cpp.o Lagom/Libraries/LibWeb/CMakeFiles/LibWeb.dir/Bindings/HTMLOptionElementPrototype.cpp.o Lagom/Libraries/LibWeb/CMakeFiles/LibWeb.dir/Bindings/HTMLOptionsCollectionConstructor.cpp.o Lagom/Libraries/LibWeb/CMakeFiles/LibWeb.dir/Bindings/HTMLOptionsCollectionPrototype.cpp.o Lagom/Libraries/LibWeb/CMakeFiles/LibWeb.dir/Bindings/HTMLOutputElementConstructor.cpp.o Lagom/Libraries/LibWeb/CMakeFiles/LibWeb.dir/Bindings/HTMLOutputElementPrototype.cpp.o Lagom/Libraries/LibWeb/CMakeFiles/LibWeb.dir/Bindings/HTMLParagraphElementConstructor.cpp.o Lagom/Libraries/LibWeb/CMakeFiles/LibWeb.dir/Bindings/HTMLParagraphElementPrototype.cpp.o Lagom/Libraries/LibWeb/CMakeFiles/LibWeb.dir/Bindings/HTMLParamElementConstructor.cpp.o Lagom/Libraries/LibWeb/CMakeFiles/LibWeb.dir/Bindings/HTMLParamElementPrototype.cpp.o Lagom/Libraries/LibWeb/CMakeFiles/LibWeb.dir/Bindings/HTMLPictureElementConstructor.cpp.o Lagom/Libraries/LibWeb/CMakeFiles/LibWeb.dir/Bindings/HTMLPictureElementPrototype.cpp.o Lagom/Libraries/LibWeb/CMakeFiles/LibWeb.dir/Bindings/HTMLPreElementConstructor.cpp.o Lagom/Libraries/LibWeb/CMakeFiles/LibWeb.dir/Bindings/HTMLPreElementPrototype.cpp.o Lagom/Libraries/LibWeb/CMakeFiles/LibWeb.dir/Bindings/HTMLProgressElementConstructor.cpp.o Lagom/Libraries/LibWeb/CMakeFiles/LibWeb.dir/Bindings/HTMLProgressElementPrototype.cpp.o Lagom/Libraries/LibWeb/CMakeFiles/LibWeb.dir/Bindings/HTMLQuoteElementConstructor.cpp.o Lagom/Libraries/LibWeb/CMakeFiles/LibWeb.dir/Bindings/HTMLQuoteElementPrototype.cpp.o Lagom/Libraries/LibWeb/CMakeFiles/LibWeb.dir/Bindings/HTMLScriptElementConstructor.cpp.o Lagom/Libraries/LibWeb/CMakeFiles/LibWeb.dir/Bindings/HTMLScriptElementPrototype.cpp.o Lagom/Libraries/LibWeb/CMakeFiles/LibWeb.dir/Bindings/HTMLSelectElementConstructor.cpp.o Lagom/Libraries/LibWeb/CMakeFiles/LibWeb.dir/Bindings/HTMLSelectElementPrototype.cpp.o Lagom/Libraries/LibWeb/CMakeFiles/LibWeb.dir/Bindings/HTMLSlotElementConstructor.cpp.o Lagom/Libraries/LibWeb/CMakeFiles/LibWeb.dir/Bindings/HTMLSlotElementPrototype.cpp.o Lagom/Libraries/LibWeb/CMakeFiles/LibWeb.dir/Bindings/HTMLSourceElementConstructor.cpp.o Lagom/Libraries/LibWeb/CMakeFiles/LibWeb.dir/Bindings/HTMLSourceElementPrototype.cpp.o Lagom/Libraries/LibWeb/CMakeFiles/LibWeb.dir/Bindings/HTMLSpanElementConstructor.cpp.o Lagom/Libraries/LibWeb/CMakeFiles/LibWeb.dir/Bindings/HTMLSpanElementPrototype.cpp.o Lagom/Libraries/LibWeb/CMakeFiles/LibWeb.dir/Bindings/HTMLStyleElementConstructor.cpp.o Lagom/Libraries/LibWeb/CMakeFiles/LibWeb.dir/Bindings/HTMLStyleElementPrototype.cpp.o Lagom/Libraries/LibWeb/CMakeFiles/LibWeb.dir/Bindings/HTMLTableCaptionElementConstructor.cpp.o Lagom/Libraries/LibWeb/CMakeFiles/LibWeb.dir/Bindings/HTMLTableCaptionElementPrototype.cpp.o Lagom/Libraries/LibWeb/CMakeFiles/LibWeb.dir/Bindings/HTMLTableCellElementConstructor.cpp.o Lagom/Libraries/LibWeb/CMakeFiles/LibWeb.dir/Bindings/HTMLTableCellElementPrototype.cpp.o Lagom/Libraries/LibWeb/CMakeFiles/LibWeb.dir/Bindings/HTMLTableColElementConstructor.cpp.o Lagom/Libraries/LibWeb/CMakeFiles/LibWeb.dir/Bindings/HTMLTableColElementPrototype.cpp.o Lagom/Libraries/LibWeb/CMakeFiles/LibWeb.dir/Bindings/HTMLTableElementConstructor.cpp.o Lagom/Libraries/LibWeb/CMakeFiles/LibWeb.dir/Bindings/HTMLTableElementPrototype.cpp.o Lagom/Libraries/LibWeb/CMakeFiles/LibWeb.dir/Bindings/HTMLTableRowElementConstructor.cpp.o Lagom/Libraries/LibWeb/CMakeFiles/LibWeb.dir/Bindings/HTMLTableRowElementPrototype.cpp.o Lagom/Libraries/LibWeb/CMakeFiles/LibWeb.dir/Bindings/HTMLTableSectionElementConstructor.cpp.o Lagom/Libraries/LibWeb/CMakeFiles/LibWeb.dir/Bindings/HTMLTableSectionElementPrototype.cpp.o Lagom/Libraries/LibWeb/CMakeFiles/LibWeb.dir/Bindings/HTMLTemplateElementConstructor.cpp.o Lagom/Libraries/LibWeb/CMakeFiles/LibWeb.dir/Bindings/HTMLTemplateElementPrototype.cpp.o Lagom/Libraries/LibWeb/CMakeFiles/LibWeb.dir/Bindings/HTMLTextAreaElementConstructor.cpp.o Lagom/Libraries/LibWeb/CMakeFiles/LibWeb.dir/Bindings/HTMLTextAreaElementPrototype.cpp.o Lagom/Libraries/LibWeb/CMakeFiles/LibWeb.dir/Bindings/HTMLTimeElementConstructor.cpp.o Lagom/Libraries/LibWeb/CMakeFiles/LibWeb.dir/Bindings/HTMLTimeElementPrototype.cpp.o Lagom/Libraries/LibWeb/CMakeFiles/LibWeb.dir/Bindings/HTMLTitleElementConstructor.cpp.o Lagom/Libraries/LibWeb/CMakeFiles/LibWeb.dir/Bindings/HTMLTitleElementPrototype.cpp.o Lagom/Libraries/LibWeb/CMakeFiles/LibWeb.dir/Bindings/HTMLTrackElementConstructor.cpp.o Lagom/Libraries/LibWeb/CMakeFiles/LibWeb.dir/Bindings/HTMLTrackElementPrototype.cpp.o Lagom/Libraries/LibWeb/CMakeFiles/LibWeb.dir/Bindings/HTMLUListElementConstructor.cpp.o Lagom/Libraries/LibWeb/CMakeFiles/LibWeb.dir/Bindings/HTMLUListElementPrototype.cpp.o Lagom/Libraries/LibWeb/CMakeFiles/LibWeb.dir/Bindings/HTMLUnknownElementConstructor.cpp.o Lagom/Libraries/LibWeb/CMakeFiles/LibWeb.dir/Bindings/HTMLUnknownElementPrototype.cpp.o Lagom/Libraries/LibWeb/CMakeFiles/LibWeb.dir/Bindings/HTMLVideoElementConstructor.cpp.o Lagom/Libraries/LibWeb/CMakeFiles/LibWeb.dir/Bindings/HTMLVideoElementPrototype.cpp.o Lagom/Libraries/LibWeb/CMakeFiles/LibWeb.dir/Bindings/ImageBitmapConstructor.cpp.o Lagom/Libraries/LibWeb/CMakeFiles/LibWeb.dir/Bindings/ImageBitmapPrototype.cpp.o Lagom/Libraries/LibWeb/CMakeFiles/LibWeb.dir/Bindings/ImageDataConstructor.cpp.o Lagom/Libraries/LibWeb/CMakeFiles/LibWeb.dir/Bindings/ImageDataPrototype.cpp.o Lagom/Libraries/LibWeb/CMakeFiles/LibWeb.dir/Bindings/LocationPrototype.cpp.o Lagom/Libraries/LibWeb/CMakeFiles/LibWeb.dir/Bindings/MediaErrorConstructor.cpp.o Lagom/Libraries/LibWeb/CMakeFiles/LibWeb.dir/Bindings/MediaErrorPrototype.cpp.o Lagom/Libraries/LibWeb/CMakeFiles/LibWeb.dir/Bindings/MessageChannelConstructor.cpp.o Lagom/Libraries/LibWeb/CMakeFiles/LibWeb.dir/Bindings/MessageChannelPrototype.cpp.o Lagom/Libraries/LibWeb/CMakeFiles/LibWeb.dir/Bindings/MessageEventConstructor.cpp.o Lagom/Libraries/LibWeb/CMakeFiles/LibWeb.dir/Bindings/MessageEventPrototype.cpp.o Lagom/Libraries/LibWeb/CMakeFiles/LibWeb.dir/Bindings/MessagePortConstructor.cpp.o Lagom/Libraries/LibWeb/CMakeFiles/LibWeb.dir/Bindings/MessagePortPrototype.cpp.o Lagom/Libraries/LibWeb/CMakeFiles/LibWeb.dir/Bindings/MimeTypeConstructor.cpp.o Lagom/Libraries/LibWeb/CMakeFiles/LibWeb.dir/Bindings/MimeTypePrototype.cpp.o Lagom/Libraries/LibWeb/CMakeFiles/LibWeb.dir/Bindings/MimeTypeArrayConstructor.cpp.o Lagom/Libraries/LibWeb/CMakeFiles/LibWeb.dir/Bindings/MimeTypeArrayPrototype.cpp.o Lagom/Libraries/LibWeb/CMakeFiles/LibWeb.dir/Bindings/NavigateEventConstructor.cpp.o Lagom/Libraries/LibWeb/CMakeFiles/LibWeb.dir/Bindings/NavigateEventPrototype.cpp.o Lagom/Libraries/LibWeb/CMakeFiles/LibWeb.dir/Bindings/NavigationConstructor.cpp.o Lagom/Libraries/LibWeb/CMakeFiles/LibWeb.dir/Bindings/NavigationPrototype.cpp.o Lagom/Libraries/LibWeb/CMakeFiles/LibWeb.dir/Bindings/NavigationCurrentEntryChangeEventConstructor.cpp.o Lagom/Libraries/LibWeb/CMakeFiles/LibWeb.dir/Bindings/NavigationCurrentEntryChangeEventPrototype.cpp.o Lagom/Libraries/LibWeb/CMakeFiles/LibWeb.dir/Bindings/NavigationDestinationConstructor.cpp.o Lagom/Libraries/LibWeb/CMakeFiles/LibWeb.dir/Bindings/NavigationDestinationPrototype.cpp.o Lagom/Libraries/LibWeb/CMakeFiles/LibWeb.dir/Bindings/NavigationHistoryEntryConstructor.cpp.o Lagom/Libraries/LibWeb/CMakeFiles/LibWeb.dir/Bindings/NavigationHistoryEntryPrototype.cpp.o Lagom/Libraries/LibWeb/CMakeFiles/LibWeb.dir/Bindings/NavigationTransitionConstructor.cpp.o Lagom/Libraries/LibWeb/CMakeFiles/LibWeb.dir/Bindings/NavigationTransitionPrototype.cpp.o Lagom/Libraries/LibWeb/CMakeFiles/LibWeb.dir/Bindings/NavigatorConstructor.cpp.o Lagom/Libraries/LibWeb/CMakeFiles/LibWeb.dir/Bindings/NavigatorPrototype.cpp.o Lagom/Libraries/LibWeb/CMakeFiles/LibWeb.dir/Bindings/OffscreenCanvasConstructor.cpp.o Lagom/Libraries/LibWeb/CMakeFiles/LibWeb.dir/Bindings/OffscreenCanvasPrototype.cpp.o Lagom/Libraries/LibWeb/CMakeFiles/LibWeb.dir/Bindings/OffscreenCanvasRenderingContext2DConstructor.cpp.o Lagom/Libraries/LibWeb/CMakeFiles/LibWeb.dir/Bindings/OffscreenCanvasRenderingContext2DPrototype.cpp.o Lagom/Libraries/LibWeb/CMakeFiles/LibWeb.dir/Bindings/PageTransitionEventConstructor.cpp.o Lagom/Libraries/LibWeb/CMakeFiles/LibWeb.dir/Bindings/PageTransitionEventPrototype.cpp.o Lagom/Libraries/LibWeb/CMakeFiles/LibWeb.dir/Bindings/Path2DConstructor.cpp.o Lagom/Libraries/LibWeb/CMakeFiles/LibWeb.dir/Bindings/Path2DPrototype.cpp.o Lagom/Libraries/LibWeb/CMakeFiles/LibWeb.dir/Bindings/PluginConstructor.cpp.o Lagom/Libraries/LibWeb/CMakeFiles/LibWeb.dir/Bindings/PluginPrototype.cpp.o Lagom/Libraries/LibWeb/CMakeFiles/LibWeb.dir/Bindings/PluginArrayConstructor.cpp.o Lagom/Libraries/LibWeb/CMakeFiles/LibWeb.dir/Bindings/PluginArrayPrototype.cpp.o Lagom/Libraries/LibWeb/CMakeFiles/LibWeb.dir/Bindings/PopStateEventConstructor.cpp.o Lagom/Libraries/LibWeb/CMakeFiles/LibWeb.dir/Bindings/PopStateEventPrototype.cpp.o Lagom/Libraries/LibWeb/CMakeFiles/LibWeb.dir/Bindings/PromiseRejectionEventConstructor.cpp.o Lagom/Libraries/LibWeb/CMakeFiles/LibWeb.dir/Bindings/PromiseRejectionEventPrototype.cpp.o Lagom/Libraries/LibWeb/CMakeFiles/LibWeb.dir/Bindings/RadioNodeListConstructor.cpp.o Lagom/Libraries/LibWeb/CMakeFiles/LibWeb.dir/Bindings/RadioNodeListPrototype.cpp.o Lagom/Libraries/LibWeb/CMakeFiles/LibWeb.dir/Bindings/ShadowRealmGlobalScopeConstructor.cpp.o Lagom/Libraries/LibWeb/CMakeFiles/LibWeb.dir/Bindings/ShadowRealmGlobalScopePrototype.cpp.o Lagom/Libraries/LibWeb/CMakeFiles/LibWeb.dir/Bindings/ShadowRealmGlobalScopeGlobalMixin.cpp.o Lagom/Libraries/LibWeb/CMakeFiles/LibWeb.dir/Bindings/SharedWorkerConstructor.cpp.o Lagom/Libraries/LibWeb/CMakeFiles/LibWeb.dir/Bindings/SharedWorkerPrototype.cpp.o Lagom/Libraries/LibWeb/CMakeFiles/LibWeb.dir/Bindings/SharedWorkerGlobalScopeConstructor.cpp.o Lagom/Libraries/LibWeb/CMakeFiles/LibWeb.dir/Bindings/SharedWorkerGlobalScopePrototype.cpp.o Lagom/Libraries/LibWeb/CMakeFiles/LibWeb.dir/Bindings/SharedWorkerGlobalScopeGlobalMixin.cpp.o Lagom/Libraries/LibWeb/CMakeFiles/LibWeb.dir/Bindings/StorageConstructor.cpp.o Lagom/Libraries/LibWeb/CMakeFiles/LibWeb.dir/Bindings/StoragePrototype.cpp.o Lagom/Libraries/LibWeb/CMakeFiles/LibWeb.dir/Bindings/StorageEventConstructor.cpp.o Lagom/Libraries/LibWeb/CMakeFiles/LibWeb.dir/Bindings/StorageEventPrototype.cpp.o Lagom/Libraries/LibWeb/CMakeFiles/LibWeb.dir/Bindings/SubmitEventConstructor.cpp.o Lagom/Libraries/LibWeb/CMakeFiles/LibWeb.dir/Bindings/SubmitEventPrototype.cpp.o Lagom/Libraries/LibWeb/CMakeFiles/LibWeb.dir/Bindings/TextMetricsConstructor.cpp.o Lagom/Libraries/LibWeb/CMakeFiles/LibWeb.dir/Bindings/TextMetricsPrototype.cpp.o Lagom/Libraries/LibWeb/CMakeFiles/LibWeb.dir/Bindings/TextTrackConstructor.cpp.o Lagom/Libraries/LibWeb/CMakeFiles/LibWeb.dir/Bindings/TextTrackPrototype.cpp.o Lagom/Libraries/LibWeb/CMakeFiles/LibWeb.dir/Bindings/TextTrackCueConstructor.cpp.o Lagom/Libraries/LibWeb/CMakeFiles/LibWeb.dir/Bindings/TextTrackCuePrototype.cpp.o Lagom/Libraries/LibWeb/CMakeFiles/LibWeb.dir/Bindings/TextTrackCueListConstructor.cpp.o Lagom/Libraries/LibWeb/CMakeFiles/LibWeb.dir/Bindings/TextTrackCueListPrototype.cpp.o Lagom/Libraries/LibWeb/CMakeFiles/LibWeb.dir/Bindings/TextTrackListConstructor.cpp.o Lagom/Libraries/LibWeb/CMakeFiles/LibWeb.dir/Bindings/TextTrackListPrototype.cpp.o Lagom/Libraries/LibWeb/CMakeFiles/LibWeb.dir/Bindings/TimeRangesConstructor.cpp.o Lagom/Libraries/LibWeb/CMakeFiles/LibWeb.dir/Bindings/TimeRangesPrototype.cpp.o Lagom/Libraries/LibWeb/CMakeFiles/LibWeb.dir/Bindings/ToggleEventConstructor.cpp.o Lagom/Libraries/LibWeb/CMakeFiles/LibWeb.dir/Bindings/ToggleEventPrototype.cpp.o Lagom/Libraries/LibWeb/CMakeFiles/LibWeb.dir/Bindings/TrackEventConstructor.cpp.o Lagom/Libraries/LibWeb/CMakeFiles/LibWeb.dir/Bindings/TrackEventPrototype.cpp.o Lagom/Libraries/LibWeb/CMakeFiles/LibWeb.dir/Bindings/UserActivationConstructor.cpp.o Lagom/Libraries/LibWeb/CMakeFiles/LibWeb.dir/Bindings/UserActivationPrototype.cpp.o Lagom/Libraries/LibWeb/CMakeFiles/LibWeb.dir/Bindings/ValidityStateConstructor.cpp.o Lagom/Libraries/LibWeb/CMakeFiles/LibWeb.dir/Bindings/ValidityStatePrototype.cpp.o Lagom/Libraries/LibWeb/CMakeFiles/LibWeb.dir/Bindings/VideoTrackConstructor.cpp.o Lagom/Libraries/LibWeb/CMakeFiles/LibWeb.dir/Bindings/VideoTrackPrototype.cpp.o Lagom/Libraries/LibWeb/CMakeFiles/LibWeb.dir/Bindings/VideoTrackListConstructor.cpp.o Lagom/Libraries/LibWeb/CMakeFiles/LibWeb.dir/Bindings/VideoTrackListPrototype.cpp.o Lagom/Libraries/LibWeb/CMakeFiles/LibWeb.dir/Bindings/WindowConstructor.cpp.o Lagom/Libraries/LibWeb/CMakeFiles/LibWeb.dir/Bindings/WindowPrototype.cpp.o Lagom/Libraries/LibWeb/CMakeFiles/LibWeb.dir/Bindings/WindowGlobalMixin.cpp.o Lagom/Libraries/LibWeb/CMakeFiles/LibWeb.dir/Bindings/WorkerConstructor.cpp.o Lagom/Libraries/LibWeb/CMakeFiles/LibWeb.dir/Bindings/WorkerPrototype.cpp.o Lagom/Libraries/LibWeb/CMakeFiles/LibWeb.dir/Bindings/WorkerGlobalScopeConstructor.cpp.o Lagom/Libraries/LibWeb/CMakeFiles/LibWeb.dir/Bindings/WorkerGlobalScopePrototype.cpp.o Lagom/Libraries/LibWeb/CMakeFiles/LibWeb.dir/Bindings/WorkerLocationConstructor.cpp.o Lagom/Libraries/LibWeb/CMakeFiles/LibWeb.dir/Bindings/WorkerLocationPrototype.cpp.o Lagom/Libraries/LibWeb/CMakeFiles/LibWeb.dir/Bindings/WorkerNavigatorConstructor.cpp.o Lagom/Libraries/LibWeb/CMakeFiles/LibWeb.dir/Bindings/WorkerNavigatorPrototype.cpp.o Lagom/Libraries/LibWeb/CMakeFiles/LibWeb.dir/Bindings/WorkletGlobalScopeConstructor.cpp.o Lagom/Libraries/LibWeb/CMakeFiles/LibWeb.dir/Bindings/WorkletGlobalScopePrototype.cpp.o Lagom/Libraries/LibWeb/CMakeFiles/LibWeb.dir/Bindings/XMLSerializerConstructor.cpp.o Lagom/Libraries/LibWeb/CMakeFiles/LibWeb.dir/Bindings/XMLSerializerPrototype.cpp.o Lagom/Libraries/LibWeb/CMakeFiles/LibWeb.dir/Bindings/PerformanceConstructor.cpp.o Lagom/Libraries/LibWeb/CMakeFiles/LibWeb.dir/Bindings/PerformancePrototype.cpp.o Lagom/Libraries/LibWeb/CMakeFiles/LibWeb.dir/Bindings/IDBCursorConstructor.cpp.o Lagom/Libraries/LibWeb/CMakeFiles/LibWeb.dir/Bindings/IDBCursorPrototype.cpp.o Lagom/Libraries/LibWeb/CMakeFiles/LibWeb.dir/Bindings/IDBCursorWithValueConstructor.cpp.o Lagom/Libraries/LibWeb/CMakeFiles/LibWeb.dir/Bindings/IDBCursorWithValuePrototype.cpp.o Lagom/Libraries/LibWeb/CMakeFiles/LibWeb.dir/Bindings/IDBDatabaseConstructor.cpp.o Lagom/Libraries/LibWeb/CMakeFiles/LibWeb.dir/Bindings/IDBDatabasePrototype.cpp.o Lagom/Libraries/LibWeb/CMakeFiles/LibWeb.dir/Bindings/IDBFactoryConstructor.cpp.o Lagom/Libraries/LibWeb/CMakeFiles/LibWeb.dir/Bindings/IDBFactoryPrototype.cpp.o Lagom/Libraries/LibWeb/CMakeFiles/LibWeb.dir/Bindings/IDBIndexConstructor.cpp.o Lagom/Libraries/LibWeb/CMakeFiles/LibWeb.dir/Bindings/IDBIndexPrototype.cpp.o Lagom/Libraries/LibWeb/CMakeFiles/LibWeb.dir/Bindings/IDBKeyRangeConstructor.cpp.o Lagom/Libraries/LibWeb/CMakeFiles/LibWeb.dir/Bindings/IDBKeyRangePrototype.cpp.o Lagom/Libraries/LibWeb/CMakeFiles/LibWeb.dir/Bindings/IDBObjectStoreConstructor.cpp.o Lagom/Libraries/LibWeb/CMakeFiles/LibWeb.dir/Bindings/IDBObjectStorePrototype.cpp.o Lagom/Libraries/LibWeb/CMakeFiles/LibWeb.dir/Bindings/IDBOpenDBRequestConstructor.cpp.o Lagom/Libraries/LibWeb/CMakeFiles/LibWeb.dir/Bindings/IDBOpenDBRequestPrototype.cpp.o Lagom/Libraries/LibWeb/CMakeFiles/LibWeb.dir/Bindings/IDBRecordConstructor.cpp.o Lagom/Libraries/LibWeb/CMakeFiles/LibWeb.dir/Bindings/IDBRecordPrototype.cpp.o Lagom/Libraries/LibWeb/CMakeFiles/LibWeb.dir/Bindings/IDBRequestConstructor.cpp.o Lagom/Libraries/LibWeb/CMakeFiles/LibWeb.dir/Bindings/IDBRequestPrototype.cpp.o Lagom/Libraries/LibWeb/CMakeFiles/LibWeb.dir/Bindings/IDBTransactionConstructor.cpp.o Lagom/Libraries/LibWeb/CMakeFiles/LibWeb.dir/Bindings/IDBTransactionPrototype.cpp.o Lagom/Libraries/LibWeb/CMakeFiles/LibWeb.dir/Bindings/IDBVersionChangeEventConstructor.cpp.o Lagom/Libraries/LibWeb/CMakeFiles/LibWeb.dir/Bindings/IDBVersionChangeEventPrototype.cpp.o Lagom/Libraries/LibWeb/CMakeFiles/LibWeb.dir/Bindings/InternalAnimationTimelineConstructor.cpp.o Lagom/Libraries/LibWeb/CMakeFiles/LibWeb.dir/Bindings/InternalAnimationTimelinePrototype.cpp.o Lagom/Libraries/LibWeb/CMakeFiles/LibWeb.dir/Bindings/InternalGamepadConstructor.cpp.o Lagom/Libraries/LibWeb/CMakeFiles/LibWeb.dir/Bindings/InternalGamepadPrototype.cpp.o Lagom/Libraries/LibWeb/CMakeFiles/LibWeb.dir/Bindings/InternalsConstructor.cpp.o Lagom/Libraries/LibWeb/CMakeFiles/LibWeb.dir/Bindings/InternalsPrototype.cpp.o Lagom/Libraries/LibWeb/CMakeFiles/LibWeb.dir/Bindings/WebUIConstructor.cpp.o Lagom/Libraries/LibWeb/CMakeFiles/LibWeb.dir/Bindings/WebUIPrototype.cpp.o Lagom/Libraries/LibWeb/CMakeFiles/LibWeb.dir/Bindings/IntersectionObserverConstructor.cpp.o Lagom/Libraries/LibWeb/CMakeFiles/LibWeb.dir/Bindings/IntersectionObserverPrototype.cpp.o Lagom/Libraries/LibWeb/CMakeFiles/LibWeb.dir/Bindings/IntersectionObserverEntryConstructor.cpp.o Lagom/Libraries/LibWeb/CMakeFiles/LibWeb.dir/Bindings/IntersectionObserverEntryPrototype.cpp.o Lagom/Libraries/LibWeb/CMakeFiles/LibWeb.dir/Bindings/MathMLElementConstructor.cpp.o Lagom/Libraries/LibWeb/CMakeFiles/LibWeb.dir/Bindings/MathMLElementPrototype.cpp.o Lagom/Libraries/LibWeb/CMakeFiles/LibWeb.dir/Bindings/MediaCapabilitiesConstructor.cpp.o Lagom/Libraries/LibWeb/CMakeFiles/LibWeb.dir/Bindings/MediaCapabilitiesPrototype.cpp.o Lagom/Libraries/LibWeb/CMakeFiles/LibWeb.dir/Bindings/BufferedChangeEventConstructor.cpp.o Lagom/Libraries/LibWeb/CMakeFiles/LibWeb.dir/Bindings/BufferedChangeEventPrototype.cpp.o Lagom/Libraries/LibWeb/CMakeFiles/LibWeb.dir/Bindings/ManagedMediaSourceConstructor.cpp.o Lagom/Libraries/LibWeb/CMakeFiles/LibWeb.dir/Bindings/ManagedMediaSourcePrototype.cpp.o Lagom/Libraries/LibWeb/CMakeFiles/LibWeb.dir/Bindings/ManagedSourceBufferConstructor.cpp.o Lagom/Libraries/LibWeb/CMakeFiles/LibWeb.dir/Bindings/ManagedSourceBufferPrototype.cpp.o Lagom/Libraries/LibWeb/CMakeFiles/LibWeb.dir/Bindings/MediaSourceConstructor.cpp.o Lagom/Libraries/LibWeb/CMakeFiles/LibWeb.dir/Bindings/MediaSourcePrototype.cpp.o Lagom/Libraries/LibWeb/CMakeFiles/LibWeb.dir/Bindings/MediaSourceHandleConstructor.cpp.o Lagom/Libraries/LibWeb/CMakeFiles/LibWeb.dir/Bindings/MediaSourceHandlePrototype.cpp.o Lagom/Libraries/LibWeb/CMakeFiles/LibWeb.dir/Bindings/SourceBufferConstructor.cpp.o Lagom/Libraries/LibWeb/CMakeFiles/LibWeb.dir/Bindings/SourceBufferPrototype.cpp.o Lagom/Libraries/LibWeb/CMakeFiles/LibWeb.dir/Bindings/SourceBufferListConstructor.cpp.o Lagom/Libraries/LibWeb/CMakeFiles/LibWeb.dir/Bindings/SourceBufferListPrototype.cpp.o Lagom/Libraries/LibWeb/CMakeFiles/LibWeb.dir/Bindings/PerformanceNavigationConstructor.cpp.o Lagom/Libraries/LibWeb/CMakeFiles/LibWeb.dir/Bindings/PerformanceNavigationPrototype.cpp.o Lagom/Libraries/LibWeb/CMakeFiles/LibWeb.dir/Bindings/PerformanceTimingConstructor.cpp.o Lagom/Libraries/LibWeb/CMakeFiles/LibWeb.dir/Bindings/PerformanceTimingPrototype.cpp.o Lagom/Libraries/LibWeb/CMakeFiles/LibWeb.dir/Bindings/NotificationConstructor.cpp.o Lagom/Libraries/LibWeb/CMakeFiles/LibWeb.dir/Bindings/NotificationPrototype.cpp.o Lagom/Libraries/LibWeb/CMakeFiles/LibWeb.dir/Bindings/PerformanceEntryConstructor.cpp.o Lagom/Libraries/LibWeb/CMakeFiles/LibWeb.dir/Bindings/PerformanceEntryPrototype.cpp.o Lagom/Libraries/LibWeb/CMakeFiles/LibWeb.dir/Bindings/PerformanceObserverConstructor.cpp.o Lagom/Libraries/LibWeb/CMakeFiles/LibWeb.dir/Bindings/PerformanceObserverPrototype.cpp.o Lagom/Libraries/LibWeb/CMakeFiles/LibWeb.dir/Bindings/PerformanceObserverEntryListConstructor.cpp.o Lagom/Libraries/LibWeb/CMakeFiles/LibWeb.dir/Bindings/PerformanceObserverEntryListPrototype.cpp.o Lagom/Libraries/LibWeb/CMakeFiles/LibWeb.dir/Bindings/IdleDeadlineConstructor.cpp.o Lagom/Libraries/LibWeb/CMakeFiles/LibWeb.dir/Bindings/IdleDeadlinePrototype.cpp.o Lagom/Libraries/LibWeb/CMakeFiles/LibWeb.dir/Bindings/ResizeObserverConstructor.cpp.o Lagom/Libraries/LibWeb/CMakeFiles/LibWeb.dir/Bindings/ResizeObserverPrototype.cpp.o Lagom/Libraries/LibWeb/CMakeFiles/LibWeb.dir/Bindings/ResizeObserverEntryConstructor.cpp.o Lagom/Libraries/LibWeb/CMakeFiles/LibWeb.dir/Bindings/ResizeObserverEntryPrototype.cpp.o Lagom/Libraries/LibWeb/CMakeFiles/LibWeb.dir/Bindings/ResizeObserverSizeConstructor.cpp.o Lagom/Libraries/LibWeb/CMakeFiles/LibWeb.dir/Bindings/ResizeObserverSizePrototype.cpp.o Lagom/Libraries/LibWeb/CMakeFiles/LibWeb.dir/Bindings/PerformanceResourceTimingConstructor.cpp.o Lagom/Libraries/LibWeb/CMakeFiles/LibWeb.dir/Bindings/PerformanceResourceTimingPrototype.cpp.o Lagom/Libraries/LibWeb/CMakeFiles/LibWeb.dir/Bindings/SerialConstructor.cpp.o Lagom/Libraries/LibWeb/CMakeFiles/LibWeb.dir/Bindings/SerialPrototype.cpp.o Lagom/Libraries/LibWeb/CMakeFiles/LibWeb.dir/Bindings/SerialPortConstructor.cpp.o Lagom/Libraries/LibWeb/CMakeFiles/LibWeb.dir/Bindings/SerialPortPrototype.cpp.o Lagom/Libraries/LibWeb/CMakeFiles/LibWeb.dir/Bindings/CacheStorageConstructor.cpp.o Lagom/Libraries/LibWeb/CMakeFiles/LibWeb.dir/Bindings/CacheStoragePrototype.cpp.o Lagom/Libraries/LibWeb/CMakeFiles/LibWeb.dir/Bindings/ServiceWorkerConstructor.cpp.o Lagom/Libraries/LibWeb/CMakeFiles/LibWeb.dir/Bindings/ServiceWorkerPrototype.cpp.o Lagom/Libraries/LibWeb/CMakeFiles/LibWeb.dir/Bindings/ServiceWorkerContainerConstructor.cpp.o Lagom/Libraries/LibWeb/CMakeFiles/LibWeb.dir/Bindings/ServiceWorkerContainerPrototype.cpp.o Lagom/Libraries/LibWeb/CMakeFiles/LibWeb.dir/Bindings/ServiceWorkerGlobalScopeConstructor.cpp.o Lagom/Libraries/LibWeb/CMakeFiles/LibWeb.dir/Bindings/ServiceWorkerGlobalScopePrototype.cpp.o Lagom/Libraries/LibWeb/CMakeFiles/LibWeb.dir/Bindings/ServiceWorkerGlobalScopeGlobalMixin.cpp.o Lagom/Libraries/LibWeb/CMakeFiles/LibWeb.dir/Bindings/ServiceWorkerRegistrationConstructor.cpp.o Lagom/Libraries/LibWeb/CMakeFiles/LibWeb.dir/Bindings/ServiceWorkerRegistrationPrototype.cpp.o Lagom/Libraries/LibWeb/CMakeFiles/LibWeb.dir/Bindings/ByteLengthQueuingStrategyConstructor.cpp.o Lagom/Libraries/LibWeb/CMakeFiles/LibWeb.dir/Bindings/ByteLengthQueuingStrategyPrototype.cpp.o Lagom/Libraries/LibWeb/CMakeFiles/LibWeb.dir/Bindings/CountQueuingStrategyConstructor.cpp.o Lagom/Libraries/LibWeb/CMakeFiles/LibWeb.dir/Bindings/CountQueuingStrategyPrototype.cpp.o Lagom/Libraries/LibWeb/CMakeFiles/LibWeb.dir/Bindings/ReadableByteStreamControllerConstructor.cpp.o Lagom/Libraries/LibWeb/CMakeFiles/LibWeb.dir/Bindings/ReadableByteStreamControllerPrototype.cpp.o Lagom/Libraries/LibWeb/CMakeFiles/LibWeb.dir/Bindings/ReadableStreamConstructor.cpp.o Lagom/Libraries/LibWeb/CMakeFiles/LibWeb.dir/Bindings/ReadableStreamPrototype.cpp.o Lagom/Libraries/LibWeb/CMakeFiles/LibWeb.dir/Bindings/ReadableStreamAsyncIteratorPrototype.cpp.o Lagom/Libraries/LibWeb/CMakeFiles/LibWeb.dir/Bindings/ReadableStreamBYOBReaderConstructor.cpp.o Lagom/Libraries/LibWeb/CMakeFiles/LibWeb.dir/Bindings/ReadableStreamBYOBReaderPrototype.cpp.o Lagom/Libraries/LibWeb/CMakeFiles/LibWeb.dir/Bindings/ReadableStreamBYOBRequestConstructor.cpp.o Lagom/Libraries/LibWeb/CMakeFiles/LibWeb.dir/Bindings/ReadableStreamBYOBRequestPrototype.cpp.o Lagom/Libraries/LibWeb/CMakeFiles/LibWeb.dir/Bindings/ReadableStreamDefaultControllerConstructor.cpp.o Lagom/Libraries/LibWeb/CMakeFiles/LibWeb.dir/Bindings/ReadableStreamDefaultControllerPrototype.cpp.o Lagom/Libraries/LibWeb/CMakeFiles/LibWeb.dir/Bindings/ReadableStreamDefaultReaderConstructor.cpp.o Lagom/Libraries/LibWeb/CMakeFiles/LibWeb.dir/Bindings/ReadableStreamDefaultReaderPrototype.cpp.o Lagom/Libraries/LibWeb/CMakeFiles/LibWeb.dir/Bindings/TransformStreamConstructor.cpp.o Lagom/Libraries/LibWeb/CMakeFiles/LibWeb.dir/Bindings/TransformStreamPrototype.cpp.o Lagom/Libraries/LibWeb/CMakeFiles/LibWeb.dir/Bindings/TransformStreamDefaultControllerConstructor.cpp.o Lagom/Libraries/LibWeb/CMakeFiles/LibWeb.dir/Bindings/TransformStreamDefaultControllerPrototype.cpp.o Lagom/Libraries/LibWeb/CMakeFiles/LibWeb.dir/Bindings/WritableStreamConstructor.cpp.o Lagom/Libraries/LibWeb/CMakeFiles/LibWeb.dir/Bindings/WritableStreamPrototype.cpp.o Lagom/Libraries/LibWeb/CMakeFiles/LibWeb.dir/Bindings/WritableStreamDefaultControllerConstructor.cpp.o Lagom/Libraries/LibWeb/CMakeFiles/LibWeb.dir/Bindings/WritableStreamDefaultControllerPrototype.cpp.o Lagom/Libraries/LibWeb/CMakeFiles/LibWeb.dir/Bindings/WritableStreamDefaultWriterConstructor.cpp.o Lagom/Libraries/LibWeb/CMakeFiles/LibWeb.dir/Bindings/WritableStreamDefaultWriterPrototype.cpp.o Lagom/Libraries/LibWeb/CMakeFiles/LibWeb.dir/Bindings/TrustedHTMLConstructor.cpp.o Lagom/Libraries/LibWeb/CMakeFiles/LibWeb.dir/Bindings/TrustedHTMLPrototype.cpp.o Lagom/Libraries/LibWeb/CMakeFiles/LibWeb.dir/Bindings/TrustedScriptConstructor.cpp.o Lagom/Libraries/LibWeb/CMakeFiles/LibWeb.dir/Bindings/TrustedScriptPrototype.cpp.o Lagom/Libraries/LibWeb/CMakeFiles/LibWeb.dir/Bindings/TrustedScriptURLConstructor.cpp.o Lagom/Libraries/LibWeb/CMakeFiles/LibWeb.dir/Bindings/TrustedScriptURLPrototype.cpp.o Lagom/Libraries/LibWeb/CMakeFiles/LibWeb.dir/Bindings/TrustedTypePolicyConstructor.cpp.o Lagom/Libraries/LibWeb/CMakeFiles/LibWeb.dir/Bindings/TrustedTypePolicyPrototype.cpp.o Lagom/Libraries/LibWeb/CMakeFiles/LibWeb.dir/Bindings/TrustedTypePolicyFactoryConstructor.cpp.o Lagom/Libraries/LibWeb/CMakeFiles/LibWeb.dir/Bindings/TrustedTypePolicyFactoryPrototype.cpp.o Lagom/Libraries/LibWeb/CMakeFiles/LibWeb.dir/Bindings/SVGAElementConstructor.cpp.o Lagom/Libraries/LibWeb/CMakeFiles/LibWeb.dir/Bindings/SVGAElementPrototype.cpp.o Lagom/Libraries/LibWeb/CMakeFiles/LibWeb.dir/Bindings/SVGAnimatedEnumerationConstructor.cpp.o Lagom/Libraries/LibWeb/CMakeFiles/LibWeb.dir/Bindings/SVGAnimatedEnumerationPrototype.cpp.o Lagom/Libraries/LibWeb/CMakeFiles/LibWeb.dir/Bindings/SVGAnimatedLengthConstructor.cpp.o Lagom/Libraries/LibWeb/CMakeFiles/LibWeb.dir/Bindings/SVGAnimatedLengthPrototype.cpp.o Lagom/Libraries/LibWeb/CMakeFiles/LibWeb.dir/Bindings/SVGAnimatedNumberConstructor.cpp.o Lagom/Libraries/LibWeb/CMakeFiles/LibWeb.dir/Bindings/SVGAnimatedNumberPrototype.cpp.o Lagom/Libraries/LibWeb/CMakeFiles/LibWeb.dir/Bindings/SVGAnimatedRectConstructor.cpp.o Lagom/Libraries/LibWeb/CMakeFiles/LibWeb.dir/Bindings/SVGAnimatedRectPrototype.cpp.o Lagom/Libraries/LibWeb/CMakeFiles/LibWeb.dir/Bindings/SVGAnimatedStringConstructor.cpp.o Lagom/Libraries/LibWeb/CMakeFiles/LibWeb.dir/Bindings/SVGAnimatedStringPrototype.cpp.o Lagom/Libraries/LibWeb/CMakeFiles/LibWeb.dir/Bindings/SVGAnimatedTransformListConstructor.cpp.o Lagom/Libraries/LibWeb/CMakeFiles/LibWeb.dir/Bindings/SVGAnimatedTransformListPrototype.cpp.o Lagom/Libraries/LibWeb/CMakeFiles/LibWeb.dir/Bindings/SVGAnimationElementConstructor.cpp.o Lagom/Libraries/LibWeb/CMakeFiles/LibWeb.dir/Bindings/SVGAnimationElementPrototype.cpp.o Lagom/Libraries/LibWeb/CMakeFiles/LibWeb.dir/Bindings/SVGClipPathElementConstructor.cpp.o Lagom/Libraries/LibWeb/CMakeFiles/LibWeb.dir/Bindings/SVGClipPathElementPrototype.cpp.o Lagom/Libraries/LibWeb/CMakeFiles/LibWeb.dir/Bindings/SVGDefsElementConstructor.cpp.o Lagom/Libraries/LibWeb/CMakeFiles/LibWeb.dir/Bindings/SVGDefsElementPrototype.cpp.o Lagom/Libraries/LibWeb/CMakeFiles/LibWeb.dir/Bindings/SVGDescElementConstructor.cpp.o Lagom/Libraries/LibWeb/CMakeFiles/LibWeb.dir/Bindings/SVGDescElementPrototype.cpp.o Lagom/Libraries/LibWeb/CMakeFiles/LibWeb.dir/Bindings/SVGElementConstructor.cpp.o Lagom/Libraries/LibWeb/CMakeFiles/LibWeb.dir/Bindings/SVGElementPrototype.cpp.o Lagom/Libraries/LibWeb/CMakeFiles/LibWeb.dir/Bindings/SVGGElementConstructor.cpp.o Lagom/Libraries/LibWeb/CMakeFiles/LibWeb.dir/Bindings/SVGGElementPrototype.cpp.o Lagom/Libraries/LibWeb/CMakeFiles/LibWeb.dir/Bindings/SVGGeometryElementConstructor.cpp.o Lagom/Libraries/LibWeb/CMakeFiles/LibWeb.dir/Bindings/SVGGeometryElementPrototype.cpp.o Lagom/Libraries/LibWeb/CMakeFiles/LibWeb.dir/Bindings/SVGGradientElementConstructor.cpp.o Lagom/Libraries/LibWeb/CMakeFiles/LibWeb.dir/Bindings/SVGGradientElementPrototype.cpp.o Lagom/Libraries/LibWeb/CMakeFiles/LibWeb.dir/Bindings/SVGGraphicsElementConstructor.cpp.o Lagom/Libraries/LibWeb/CMakeFiles/LibWeb.dir/Bindings/SVGGraphicsElementPrototype.cpp.o Lagom/Libraries/LibWeb/CMakeFiles/LibWeb.dir/Bindings/SVGImageElementConstructor.cpp.o Lagom/Libraries/LibWeb/CMakeFiles/LibWeb.dir/Bindings/SVGImageElementPrototype.cpp.o Lagom/Libraries/LibWeb/CMakeFiles/LibWeb.dir/Bindings/SVGCircleElementConstructor.cpp.o Lagom/Libraries/LibWeb/CMakeFiles/LibWeb.dir/Bindings/SVGCircleElementPrototype.cpp.o Lagom/Libraries/LibWeb/CMakeFiles/LibWeb.dir/Bindings/SVGEllipseElementConstructor.cpp.o Lagom/Libraries/LibWeb/CMakeFiles/LibWeb.dir/Bindings/SVGEllipseElementPrototype.cpp.o Lagom/Libraries/LibWeb/CMakeFiles/LibWeb.dir/Bindings/SVGFEBlendElementConstructor.cpp.o Lagom/Libraries/LibWeb/CMakeFiles/LibWeb.dir/Bindings/SVGFEBlendElementPrototype.cpp.o Lagom/Libraries/LibWeb/CMakeFiles/LibWeb.dir/Bindings/SVGFECompositeElementConstructor.cpp.o Lagom/Libraries/LibWeb/CMakeFiles/LibWeb.dir/Bindings/SVGFECompositeElementPrototype.cpp.o Lagom/Libraries/LibWeb/CMakeFiles/LibWeb.dir/Bindings/SVGFEFloodElementConstructor.cpp.o Lagom/Libraries/LibWeb/CMakeFiles/LibWeb.dir/Bindings/SVGFEFloodElementPrototype.cpp.o Lagom/Libraries/LibWeb/CMakeFiles/LibWeb.dir/Bindings/SVGFEGaussianBlurElementConstructor.cpp.o Lagom/Libraries/LibWeb/CMakeFiles/LibWeb.dir/Bindings/SVGFEGaussianBlurElementPrototype.cpp.o Lagom/Libraries/LibWeb/CMakeFiles/LibWeb.dir/Bindings/SVGFEImageElementConstructor.cpp.o Lagom/Libraries/LibWeb/CMakeFiles/LibWeb.dir/Bindings/SVGFEImageElementPrototype.cpp.o Lagom/Libraries/LibWeb/CMakeFiles/LibWeb.dir/Bindings/SVGFEMergeElementConstructor.cpp.o Lagom/Libraries/LibWeb/CMakeFiles/LibWeb.dir/Bindings/SVGFEMergeElementPrototype.cpp.o Lagom/Libraries/LibWeb/CMakeFiles/LibWeb.dir/Bindings/SVGFEMergeNodeElementConstructor.cpp.o Lagom/Libraries/LibWeb/CMakeFiles/LibWeb.dir/Bindings/SVGFEMergeNodeElementPrototype.cpp.o Lagom/Libraries/LibWeb/CMakeFiles/LibWeb.dir/Bindings/SVGFEOffsetElementConstructor.cpp.o Lagom/Libraries/LibWeb/CMakeFiles/LibWeb.dir/Bindings/SVGFEOffsetElementPrototype.cpp.o Lagom/Libraries/LibWeb/CMakeFiles/LibWeb.dir/Bindings/SVGFilterElementConstructor.cpp.o Lagom/Libraries/LibWeb/CMakeFiles/LibWeb.dir/Bindings/SVGFilterElementPrototype.cpp.o Lagom/Libraries/LibWeb/CMakeFiles/LibWeb.dir/Bindings/SVGForeignObjectElementConstructor.cpp.o Lagom/Libraries/LibWeb/CMakeFiles/LibWeb.dir/Bindings/SVGForeignObjectElementPrototype.cpp.o Lagom/Libraries/LibWeb/CMakeFiles/LibWeb.dir/Bindings/SVGLengthConstructor.cpp.o Lagom/Libraries/LibWeb/CMakeFiles/LibWeb.dir/Bindings/SVGLengthPrototype.cpp.o Lagom/Libraries/LibWeb/CMakeFiles/LibWeb.dir/Bindings/SVGLineElementConstructor.cpp.o Lagom/Libraries/LibWeb/CMakeFiles/LibWeb.dir/Bindings/SVGLineElementPrototype.cpp.o Lagom/Libraries/LibWeb/CMakeFiles/LibWeb.dir/Bindings/SVGLinearGradientElementConstructor.cpp.o Lagom/Libraries/LibWeb/CMakeFiles/LibWeb.dir/Bindings/SVGLinearGradientElementPrototype.cpp.o Lagom/Libraries/LibWeb/CMakeFiles/LibWeb.dir/Bindings/SVGMaskElementConstructor.cpp.o Lagom/Libraries/LibWeb/CMakeFiles/LibWeb.dir/Bindings/SVGMaskElementPrototype.cpp.o Lagom/Libraries/LibWeb/CMakeFiles/LibWeb.dir/Bindings/SVGMetadataElementConstructor.cpp.o Lagom/Libraries/LibWeb/CMakeFiles/LibWeb.dir/Bindings/SVGMetadataElementPrototype.cpp.o Lagom/Libraries/LibWeb/CMakeFiles/LibWeb.dir/Bindings/SVGPathElementConstructor.cpp.o Lagom/Libraries/LibWeb/CMakeFiles/LibWeb.dir/Bindings/SVGPathElementPrototype.cpp.o Lagom/Libraries/LibWeb/CMakeFiles/LibWeb.dir/Bindings/SVGPolygonElementConstructor.cpp.o Lagom/Libraries/LibWeb/CMakeFiles/LibWeb.dir/Bindings/SVGPolygonElementPrototype.cpp.o Lagom/Libraries/LibWeb/CMakeFiles/LibWeb.dir/Bindings/SVGPolylineElementConstructor.cpp.o Lagom/Libraries/LibWeb/CMakeFiles/LibWeb.dir/Bindings/SVGPolylineElementPrototype.cpp.o Lagom/Libraries/LibWeb/CMakeFiles/LibWeb.dir/Bindings/SVGRadialGradientElementConstructor.cpp.o Lagom/Libraries/LibWeb/CMakeFiles/LibWeb.dir/Bindings/SVGRadialGradientElementPrototype.cpp.o Lagom/Libraries/LibWeb/CMakeFiles/LibWeb.dir/Bindings/SVGRectElementConstructor.cpp.o Lagom/Libraries/LibWeb/CMakeFiles/LibWeb.dir/Bindings/SVGRectElementPrototype.cpp.o Lagom/Libraries/LibWeb/CMakeFiles/LibWeb.dir/Bindings/SVGScriptElementConstructor.cpp.o Lagom/Libraries/LibWeb/CMakeFiles/LibWeb.dir/Bindings/SVGScriptElementPrototype.cpp.o Lagom/Libraries/LibWeb/CMakeFiles/LibWeb.dir/Bindings/SVGSVGElementConstructor.cpp.o Lagom/Libraries/LibWeb/CMakeFiles/LibWeb.dir/Bindings/SVGSVGElementPrototype.cpp.o Lagom/Libraries/LibWeb/CMakeFiles/LibWeb.dir/Bindings/SVGStopElementConstructor.cpp.o Lagom/Libraries/LibWeb/CMakeFiles/LibWeb.dir/Bindings/SVGStopElementPrototype.cpp.o Lagom/Libraries/LibWeb/CMakeFiles/LibWeb.dir/Bindings/SVGStyleElementConstructor.cpp.o Lagom/Libraries/LibWeb/CMakeFiles/LibWeb.dir/Bindings/SVGStyleElementPrototype.cpp.o Lagom/Libraries/LibWeb/CMakeFiles/LibWeb.dir/Bindings/SVGSymbolElementConstructor.cpp.o Lagom/Libraries/LibWeb/CMakeFiles/LibWeb.dir/Bindings/SVGSymbolElementPrototype.cpp.o Lagom/Libraries/LibWeb/CMakeFiles/LibWeb.dir/Bindings/SVGTextContentElementConstructor.cpp.o Lagom/Libraries/LibWeb/CMakeFiles/LibWeb.dir/Bindings/SVGTextContentElementPrototype.cpp.o Lagom/Libraries/LibWeb/CMakeFiles/LibWeb.dir/Bindings/SVGTextElementConstructor.cpp.o Lagom/Libraries/LibWeb/CMakeFiles/LibWeb.dir/Bindings/SVGTextElementPrototype.cpp.o Lagom/Libraries/LibWeb/CMakeFiles/LibWeb.dir/Bindings/SVGTextPathElementConstructor.cpp.o Lagom/Libraries/LibWeb/CMakeFiles/LibWeb.dir/Bindings/SVGTextPathElementPrototype.cpp.o Lagom/Libraries/LibWeb/CMakeFiles/LibWeb.dir/Bindings/SVGTextPositioningElementConstructor.cpp.o Lagom/Libraries/LibWeb/CMakeFiles/LibWeb.dir/Bindings/SVGTextPositioningElementPrototype.cpp.o Lagom/Libraries/LibWeb/CMakeFiles/LibWeb.dir/Bindings/SVGTitleElementConstructor.cpp.o Lagom/Libraries/LibWeb/CMakeFiles/LibWeb.dir/Bindings/SVGTitleElementPrototype.cpp.o Lagom/Libraries/LibWeb/CMakeFiles/LibWeb.dir/Bindings/SVGTransformConstructor.cpp.o Lagom/Libraries/LibWeb/CMakeFiles/LibWeb.dir/Bindings/SVGTransformPrototype.cpp.o Lagom/Libraries/LibWeb/CMakeFiles/LibWeb.dir/Bindings/SVGTransformListConstructor.cpp.o Lagom/Libraries/LibWeb/CMakeFiles/LibWeb.dir/Bindings/SVGTransformListPrototype.cpp.o Lagom/Libraries/LibWeb/CMakeFiles/LibWeb.dir/Bindings/SVGTSpanElementConstructor.cpp.o Lagom/Libraries/LibWeb/CMakeFiles/LibWeb.dir/Bindings/SVGTSpanElementPrototype.cpp.o Lagom/Libraries/LibWeb/CMakeFiles/LibWeb.dir/Bindings/SVGUnitTypesConstructor.cpp.o Lagom/Libraries/LibWeb/CMakeFiles/LibWeb.dir/Bindings/SVGUnitTypesPrototype.cpp.o Lagom/Libraries/LibWeb/CMakeFiles/LibWeb.dir/Bindings/SVGUseElementConstructor.cpp.o Lagom/Libraries/LibWeb/CMakeFiles/LibWeb.dir/Bindings/SVGUseElementPrototype.cpp.o Lagom/Libraries/LibWeb/CMakeFiles/LibWeb.dir/Bindings/SVGViewElementConstructor.cpp.o Lagom/Libraries/LibWeb/CMakeFiles/LibWeb.dir/Bindings/SVGViewElementPrototype.cpp.o Lagom/Libraries/LibWeb/CMakeFiles/LibWeb.dir/Bindings/SelectionConstructor.cpp.o Lagom/Libraries/LibWeb/CMakeFiles/LibWeb.dir/Bindings/SelectionPrototype.cpp.o Lagom/Libraries/LibWeb/CMakeFiles/LibWeb.dir/Bindings/StorageManagerConstructor.cpp.o Lagom/Libraries/LibWeb/CMakeFiles/LibWeb.dir/Bindings/StorageManagerPrototype.cpp.o Lagom/Libraries/LibWeb/CMakeFiles/LibWeb.dir/Bindings/CompositionEventConstructor.cpp.o Lagom/Libraries/LibWeb/CMakeFiles/LibWeb.dir/Bindings/CompositionEventPrototype.cpp.o Lagom/Libraries/LibWeb/CMakeFiles/LibWeb.dir/Bindings/FocusEventConstructor.cpp.o Lagom/Libraries/LibWeb/CMakeFiles/LibWeb.dir/Bindings/FocusEventPrototype.cpp.o Lagom/Libraries/LibWeb/CMakeFiles/LibWeb.dir/Bindings/InputEventConstructor.cpp.o Lagom/Libraries/LibWeb/CMakeFiles/LibWeb.dir/Bindings/InputEventPrototype.cpp.o Lagom/Libraries/LibWeb/CMakeFiles/LibWeb.dir/Bindings/KeyboardEventConstructor.cpp.o Lagom/Libraries/LibWeb/CMakeFiles/LibWeb.dir/Bindings/KeyboardEventPrototype.cpp.o Lagom/Libraries/LibWeb/CMakeFiles/LibWeb.dir/Bindings/MouseEventConstructor.cpp.o Lagom/Libraries/LibWeb/CMakeFiles/LibWeb.dir/Bindings/MouseEventPrototype.cpp.o Lagom/Libraries/LibWeb/CMakeFiles/LibWeb.dir/Bindings/PointerEventConstructor.cpp.o Lagom/Libraries/LibWeb/CMakeFiles/LibWeb.dir/Bindings/PointerEventPrototype.cpp.o Lagom/Libraries/LibWeb/CMakeFiles/LibWeb.dir/Bindings/TextEventConstructor.cpp.o Lagom/Libraries/LibWeb/CMakeFiles/LibWeb.dir/Bindings/TextEventPrototype.cpp.o Lagom/Libraries/LibWeb/CMakeFiles/LibWeb.dir/Bindings/UIEventConstructor.cpp.o Lagom/Libraries/LibWeb/CMakeFiles/LibWeb.dir/Bindings/UIEventPrototype.cpp.o Lagom/Libraries/LibWeb/CMakeFiles/LibWeb.dir/Bindings/WheelEventConstructor.cpp.o Lagom/Libraries/LibWeb/CMakeFiles/LibWeb.dir/Bindings/WheelEventPrototype.cpp.o Lagom/Libraries/LibWeb/CMakeFiles/LibWeb.dir/Bindings/URLPatternConstructor.cpp.o Lagom/Libraries/LibWeb/CMakeFiles/LibWeb.dir/Bindings/URLPatternPrototype.cpp.o Lagom/Libraries/LibWeb/CMakeFiles/LibWeb.dir/Bindings/PerformanceMarkConstructor.cpp.o Lagom/Libraries/LibWeb/CMakeFiles/LibWeb.dir/Bindings/PerformanceMarkPrototype.cpp.o Lagom/Libraries/LibWeb/CMakeFiles/LibWeb.dir/Bindings/PerformanceMeasureConstructor.cpp.o Lagom/Libraries/LibWeb/CMakeFiles/LibWeb.dir/Bindings/PerformanceMeasurePrototype.cpp.o Lagom/Libraries/LibWeb/CMakeFiles/LibWeb.dir/Bindings/ViewTransitionConstructor.cpp.o Lagom/Libraries/LibWeb/CMakeFiles/LibWeb.dir/Bindings/ViewTransitionPrototype.cpp.o Lagom/Libraries/LibWeb/CMakeFiles/LibWeb.dir/Bindings/GlobalConstructor.cpp.o Lagom/Libraries/LibWeb/CMakeFiles/LibWeb.dir/Bindings/GlobalPrototype.cpp.o Lagom/Libraries/LibWeb/CMakeFiles/LibWeb.dir/Bindings/InstanceConstructor.cpp.o Lagom/Libraries/LibWeb/CMakeFiles/LibWeb.dir/Bindings/InstancePrototype.cpp.o Lagom/Libraries/LibWeb/CMakeFiles/LibWeb.dir/Bindings/MemoryConstructor.cpp.o Lagom/Libraries/LibWeb/CMakeFiles/LibWeb.dir/Bindings/MemoryPrototype.cpp.o Lagom/Libraries/LibWeb/CMakeFiles/LibWeb.dir/Bindings/ModuleConstructor.cpp.o Lagom/Libraries/LibWeb/CMakeFiles/LibWeb.dir/Bindings/ModulePrototype.cpp.o Lagom/Libraries/LibWeb/CMakeFiles/LibWeb.dir/Bindings/TableConstructor.cpp.o Lagom/Libraries/LibWeb/CMakeFiles/LibWeb.dir/Bindings/TablePrototype.cpp.o Lagom/Libraries/LibWeb/CMakeFiles/LibWeb.dir/Bindings/WebAssemblyNamespace.cpp.o Lagom/Libraries/LibWeb/CMakeFiles/LibWeb.dir/Bindings/AnalyserNodeConstructor.cpp.o Lagom/Libraries/LibWeb/CMakeFiles/LibWeb.dir/Bindings/AnalyserNodePrototype.cpp.o Lagom/Libraries/LibWeb/CMakeFiles/LibWeb.dir/Bindings/AudioBufferConstructor.cpp.o Lagom/Libraries/LibWeb/CMakeFiles/LibWeb.dir/Bindings/AudioBufferPrototype.cpp.o Lagom/Libraries/LibWeb/CMakeFiles/LibWeb.dir/Bindings/AudioBufferSourceNodeConstructor.cpp.o Lagom/Libraries/LibWeb/CMakeFiles/LibWeb.dir/Bindings/AudioBufferSourceNodePrototype.cpp.o Lagom/Libraries/LibWeb/CMakeFiles/LibWeb.dir/Bindings/AudioContextConstructor.cpp.o Lagom/Libraries/LibWeb/CMakeFiles/LibWeb.dir/Bindings/AudioContextPrototype.cpp.o Lagom/Libraries/LibWeb/CMakeFiles/LibWeb.dir/Bindings/AudioDestinationNodeConstructor.cpp.o Lagom/Libraries/LibWeb/CMakeFiles/LibWeb.dir/Bindings/AudioDestinationNodePrototype.cpp.o Lagom/Libraries/LibWeb/CMakeFiles/LibWeb.dir/Bindings/AudioListenerConstructor.cpp.o Lagom/Libraries/LibWeb/CMakeFiles/LibWeb.dir/Bindings/AudioListenerPrototype.cpp.o Lagom/Libraries/LibWeb/CMakeFiles/LibWeb.dir/Bindings/AudioNodeConstructor.cpp.o Lagom/Libraries/LibWeb/CMakeFiles/LibWeb.dir/Bindings/AudioNodePrototype.cpp.o Lagom/Libraries/LibWeb/CMakeFiles/LibWeb.dir/Bindings/AudioParamConstructor.cpp.o Lagom/Libraries/LibWeb/CMakeFiles/LibWeb.dir/Bindings/AudioParamPrototype.cpp.o Lagom/Libraries/LibWeb/CMakeFiles/LibWeb.dir/Bindings/AudioScheduledSourceNodeConstructor.cpp.o Lagom/Libraries/LibWeb/CMakeFiles/LibWeb.dir/Bindings/AudioScheduledSourceNodePrototype.cpp.o Lagom/Libraries/LibWeb/CMakeFiles/LibWeb.dir/Bindings/BaseAudioContextConstructor.cpp.o Lagom/Libraries/LibWeb/CMakeFiles/LibWeb.dir/Bindings/BaseAudioContextPrototype.cpp.o Lagom/Libraries/LibWeb/CMakeFiles/LibWeb.dir/Bindings/BiquadFilterNodeConstructor.cpp.o Lagom/Libraries/LibWeb/CMakeFiles/LibWeb.dir/Bindings/BiquadFilterNodePrototype.cpp.o Lagom/Libraries/LibWeb/CMakeFiles/LibWeb.dir/Bindings/DynamicsCompressorNodeConstructor.cpp.o Lagom/Libraries/LibWeb/CMakeFiles/LibWeb.dir/Bindings/DynamicsCompressorNodePrototype.cpp.o Lagom/Libraries/LibWeb/CMakeFiles/LibWeb.dir/Bindings/ChannelMergerNodeConstructor.cpp.o Lagom/Libraries/LibWeb/CMakeFiles/LibWeb.dir/Bindings/ChannelMergerNodePrototype.cpp.o Lagom/Libraries/LibWeb/CMakeFiles/LibWeb.dir/Bindings/ChannelSplitterNodeConstructor.cpp.o Lagom/Libraries/LibWeb/CMakeFiles/LibWeb.dir/Bindings/ChannelSplitterNodePrototype.cpp.o Lagom/Libraries/LibWeb/CMakeFiles/LibWeb.dir/Bindings/ConstantSourceNodeConstructor.cpp.o Lagom/Libraries/LibWeb/CMakeFiles/LibWeb.dir/Bindings/ConstantSourceNodePrototype.cpp.o Lagom/Libraries/LibWeb/CMakeFiles/LibWeb.dir/Bindings/DelayNodeConstructor.cpp.o Lagom/Libraries/LibWeb/CMakeFiles/LibWeb.dir/Bindings/DelayNodePrototype.cpp.o Lagom/Libraries/LibWeb/CMakeFiles/LibWeb.dir/Bindings/GainNodeConstructor.cpp.o Lagom/Libraries/LibWeb/CMakeFiles/LibWeb.dir/Bindings/GainNodePrototype.cpp.o Lagom/Libraries/LibWeb/CMakeFiles/LibWeb.dir/Bindings/MediaElementAudioSourceNodeConstructor.cpp.o Lagom/Libraries/LibWeb/CMakeFiles/LibWeb.dir/Bindings/MediaElementAudioSourceNodePrototype.cpp.o Lagom/Libraries/LibWeb/CMakeFiles/LibWeb.dir/Bindings/OfflineAudioContextConstructor.cpp.o Lagom/Libraries/LibWeb/CMakeFiles/LibWeb.dir/Bindings/OfflineAudioContextPrototype.cpp.o Lagom/Libraries/LibWeb/CMakeFiles/LibWeb.dir/Bindings/OscillatorNodeConstructor.cpp.o Lagom/Libraries/LibWeb/CMakeFiles/LibWeb.dir/Bindings/OscillatorNodePrototype.cpp.o Lagom/Libraries/LibWeb/CMakeFiles/LibWeb.dir/Bindings/PannerNodeConstructor.cpp.o Lagom/Libraries/LibWeb/CMakeFiles/LibWeb.dir/Bindings/PannerNodePrototype.cpp.o Lagom/Libraries/LibWeb/CMakeFiles/LibWeb.dir/Bindings/PeriodicWaveConstructor.cpp.o Lagom/Libraries/LibWeb/CMakeFiles/LibWeb.dir/Bindings/PeriodicWavePrototype.cpp.o Lagom/Libraries/LibWeb/CMakeFiles/LibWeb.dir/Bindings/ScriptProcessorNodeConstructor.cpp.o Lagom/Libraries/LibWeb/CMakeFiles/LibWeb.dir/Bindings/ScriptProcessorNodePrototype.cpp.o Lagom/Libraries/LibWeb/CMakeFiles/LibWeb.dir/Bindings/StereoPannerNodeConstructor.cpp.o Lagom/Libraries/LibWeb/CMakeFiles/LibWeb.dir/Bindings/StereoPannerNodePrototype.cpp.o Lagom/Libraries/LibWeb/CMakeFiles/LibWeb.dir/Bindings/ANGLEInstancedArraysConstructor.cpp.o Lagom/Libraries/LibWeb/CMakeFiles/LibWeb.dir/Bindings/ANGLEInstancedArraysPrototype.cpp.o Lagom/Libraries/LibWeb/CMakeFiles/LibWeb.dir/Bindings/EXTBlendMinMaxConstructor.cpp.o Lagom/Libraries/LibWeb/CMakeFiles/LibWeb.dir/Bindings/EXTBlendMinMaxPrototype.cpp.o Lagom/Libraries/LibWeb/CMakeFiles/LibWeb.dir/Bindings/EXTColorBufferFloatConstructor.cpp.o Lagom/Libraries/LibWeb/CMakeFiles/LibWeb.dir/Bindings/EXTColorBufferFloatPrototype.cpp.o Lagom/Libraries/LibWeb/CMakeFiles/LibWeb.dir/Bindings/OESVertexArrayObjectConstructor.cpp.o Lagom/Libraries/LibWeb/CMakeFiles/LibWeb.dir/Bindings/OESVertexArrayObjectPrototype.cpp.o Lagom/Libraries/LibWeb/CMakeFiles/LibWeb.dir/Bindings/WebGLCompressedTextureS3tcConstructor.cpp.o Lagom/Libraries/LibWeb/CMakeFiles/LibWeb.dir/Bindings/WebGLCompressedTextureS3tcPrototype.cpp.o Lagom/Libraries/LibWeb/CMakeFiles/LibWeb.dir/Bindings/WebGLDrawBuffersConstructor.cpp.o Lagom/Libraries/LibWeb/CMakeFiles/LibWeb.dir/Bindings/WebGLDrawBuffersPrototype.cpp.o Lagom/Libraries/LibWeb/CMakeFiles/LibWeb.dir/Bindings/WebGLVertexArrayObjectOESConstructor.cpp.o Lagom/Libraries/LibWeb/CMakeFiles/LibWeb.dir/Bindings/WebGLVertexArrayObjectOESPrototype.cpp.o Lagom/Libraries/LibWeb/CMakeFiles/LibWeb.dir/Bindings/WebGL2RenderingContextConstructor.cpp.o Lagom/Libraries/LibWeb/CMakeFiles/LibWeb.dir/Bindings/WebGL2RenderingContextPrototype.cpp.o Lagom/Libraries/LibWeb/CMakeFiles/LibWeb.dir/Bindings/WebGLActiveInfoConstructor.cpp.o Lagom/Libraries/LibWeb/CMakeFiles/LibWeb.dir/Bindings/WebGLActiveInfoPrototype.cpp.o Lagom/Libraries/LibWeb/CMakeFiles/LibWeb.dir/Bindings/WebGLBufferConstructor.cpp.o Lagom/Libraries/LibWeb/CMakeFiles/LibWeb.dir/Bindings/WebGLBufferPrototype.cpp.o Lagom/Libraries/LibWeb/CMakeFiles/LibWeb.dir/Bindings/WebGLContextEventConstructor.cpp.o Lagom/Libraries/LibWeb/CMakeFiles/LibWeb.dir/Bindings/WebGLContextEventPrototype.cpp.o Lagom/Libraries/LibWeb/CMakeFiles/LibWeb.dir/Bindings/WebGLFramebufferConstructor.cpp.o Lagom/Libraries/LibWeb/CMakeFiles/LibWeb.dir/Bindings/WebGLFramebufferPrototype.cpp.o Lagom/Libraries/LibWeb/CMakeFiles/LibWeb.dir/Bindings/WebGLObjectConstructor.cpp.o Lagom/Libraries/LibWeb/CMakeFiles/LibWeb.dir/Bindings/WebGLObjectPrototype.cpp.o Lagom/Libraries/LibWeb/CMakeFiles/LibWeb.dir/Bindings/WebGLProgramConstructor.cpp.o Lagom/Libraries/LibWeb/CMakeFiles/LibWeb.dir/Bindings/WebGLProgramPrototype.cpp.o Lagom/Libraries/LibWeb/CMakeFiles/LibWeb.dir/Bindings/WebGLQueryConstructor.cpp.o Lagom/Libraries/LibWeb/CMakeFiles/LibWeb.dir/Bindings/WebGLQueryPrototype.cpp.o Lagom/Libraries/LibWeb/CMakeFiles/LibWeb.dir/Bindings/WebGLRenderbufferConstructor.cpp.o Lagom/Libraries/LibWeb/CMakeFiles/LibWeb.dir/Bindings/WebGLRenderbufferPrototype.cpp.o Lagom/Libraries/LibWeb/CMakeFiles/LibWeb.dir/Bindings/WebGLRenderingContextConstructor.cpp.o Lagom/Libraries/LibWeb/CMakeFiles/LibWeb.dir/Bindings/WebGLRenderingContextPrototype.cpp.o Lagom/Libraries/LibWeb/CMakeFiles/LibWeb.dir/Bindings/WebGLSamplerConstructor.cpp.o Lagom/Libraries/LibWeb/CMakeFiles/LibWeb.dir/Bindings/WebGLSamplerPrototype.cpp.o Lagom/Libraries/LibWeb/CMakeFiles/LibWeb.dir/Bindings/WebGLShaderConstructor.cpp.o Lagom/Libraries/LibWeb/CMakeFiles/LibWeb.dir/Bindings/WebGLShaderPrototype.cpp.o Lagom/Libraries/LibWeb/CMakeFiles/LibWeb.dir/Bindings/WebGLShaderPrecisionFormatConstructor.cpp.o Lagom/Libraries/LibWeb/CMakeFiles/LibWeb.dir/Bindings/WebGLShaderPrecisionFormatPrototype.cpp.o Lagom/Libraries/LibWeb/CMakeFiles/LibWeb.dir/Bindings/WebGLSyncConstructor.cpp.o Lagom/Libraries/LibWeb/CMakeFiles/LibWeb.dir/Bindings/WebGLSyncPrototype.cpp.o Lagom/Libraries/LibWeb/CMakeFiles/LibWeb.dir/Bindings/WebGLTextureConstructor.cpp.o Lagom/Libraries/LibWeb/CMakeFiles/LibWeb.dir/Bindings/WebGLTexturePrototype.cpp.o Lagom/Libraries/LibWeb/CMakeFiles/LibWeb.dir/Bindings/WebGLTransformFeedbackConstructor.cpp.o Lagom/Libraries/LibWeb/CMakeFiles/LibWeb.dir/Bindings/WebGLTransformFeedbackPrototype.cpp.o Lagom/Libraries/LibWeb/CMakeFiles/LibWeb.dir/Bindings/WebGLUniformLocationConstructor.cpp.o Lagom/Libraries/LibWeb/CMakeFiles/LibWeb.dir/Bindings/WebGLUniformLocationPrototype.cpp.o Lagom/Libraries/LibWeb/CMakeFiles/LibWeb.dir/Bindings/WebGLVertexArrayObjectConstructor.cpp.o Lagom/Libraries/LibWeb/CMakeFiles/LibWeb.dir/Bindings/WebGLVertexArrayObjectPrototype.cpp.o Lagom/Libraries/LibWeb/CMakeFiles/LibWeb.dir/Bindings/DOMExceptionConstructor.cpp.o Lagom/Libraries/LibWeb/CMakeFiles/LibWeb.dir/Bindings/DOMExceptionPrototype.cpp.o Lagom/Libraries/LibWeb/CMakeFiles/LibWeb.dir/Bindings/WebSocketConstructor.cpp.o Lagom/Libraries/LibWeb/CMakeFiles/LibWeb.dir/Bindings/WebSocketPrototype.cpp.o Lagom/Libraries/LibWeb/CMakeFiles/LibWeb.dir/Bindings/VTTCueConstructor.cpp.o Lagom/Libraries/LibWeb/CMakeFiles/LibWeb.dir/Bindings/VTTCuePrototype.cpp.o Lagom/Libraries/LibWeb/CMakeFiles/LibWeb.dir/Bindings/VTTRegionConstructor.cpp.o Lagom/Libraries/LibWeb/CMakeFiles/LibWeb.dir/Bindings/VTTRegionPrototype.cpp.o Lagom/Libraries/LibWeb/CMakeFiles/LibWeb.dir/Bindings/FormDataConstructor.cpp.o Lagom/Libraries/LibWeb/CMakeFiles/LibWeb.dir/Bindings/FormDataPrototype.cpp.o Lagom/Libraries/LibWeb/CMakeFiles/LibWeb.dir/Bindings/FormDataIteratorPrototype.cpp.o Lagom/Libraries/LibWeb/CMakeFiles/LibWeb.dir/Bindings/ProgressEventConstructor.cpp.o Lagom/Libraries/LibWeb/CMakeFiles/LibWeb.dir/Bindings/ProgressEventPrototype.cpp.o Lagom/Libraries/LibWeb/CMakeFiles/LibWeb.dir/Bindings/XMLHttpRequestConstructor.cpp.o Lagom/Libraries/LibWeb/CMakeFiles/LibWeb.dir/Bindings/XMLHttpRequestPrototype.cpp.o Lagom/Libraries/LibWeb/CMakeFiles/LibWeb.dir/Bindings/XMLHttpRequestEventTargetConstructor.cpp.o Lagom/Libraries/LibWeb/CMakeFiles/LibWeb.dir/Bindings/XMLHttpRequestEventTargetPrototype.cpp.o Lagom/Libraries/LibWeb/CMakeFiles/LibWeb.dir/Bindings/XMLHttpRequestUploadConstructor.cpp.o Lagom/Libraries/LibWeb/CMakeFiles/LibWeb.dir/Bindings/XMLHttpRequestUploadPrototype.cpp.o Lagom/Libraries/LibWeb/CMakeFiles/LibWeb.dir/Bindings/XPathResultConstructor.cpp.o Lagom/Libraries/LibWeb/CMakeFiles/LibWeb.dir/Bindings/XPathResultPrototype.cpp.o Lagom/Libraries/LibWeb/CMakeFiles/LibWeb.dir/Bindings/XPathExpressionConstructor.cpp.o Lagom/Libraries/LibWeb/CMakeFiles/LibWeb.dir/Bindings/XPathExpressionPrototype.cpp.o Lagom/Libraries/LibWeb/CMakeFiles/LibWeb.dir/Bindings/XPathEvaluatorConstructor.cpp.o Lagom/Libraries/LibWeb/CMakeFiles/LibWeb.dir/Bindings/XPathEvaluatorPrototype.cpp.o Lagom/Libraries/LibWeb/CMakeFiles/LibWeb.dir/Bindings/IntrinsicDefinitions.cpp.o Lagom/Libraries/LibWeb/CMakeFiles/LibWeb.dir/Bindings/DedicatedWorkerExposedInterfaces.cpp.o Lagom/Libraries/LibWeb/CMakeFiles/LibWeb.dir/Bindings/SharedWorkerExposedInterfaces.cpp.o Lagom/Libraries/LibWeb/CMakeFiles/LibWeb.dir/Bindings/ShadowRealmExposedInterfaces.cpp.o Lagom/Libraries/LibWeb/CMakeFiles/LibWeb.dir/Bindings/WindowExposedInterfaces.cpp.o  -Wl,-rpath,/Users/lonely/important/ladybird/Build/release/vcpkg_installed/arm64-osx-dynamic/lib -Wl,-rpath,/Users/lonely/important/ladybird/Build/release/lib  lib/liblagom-js.0.0.0.dylib  lib/liblagom-http.0.0.0.dylib  lib/liblagom-syntax.0.0.0.dylib  lib/liblagom-media.0.0.0.dylib  lib/liblagom-wasm.0.0.0.dylib  lib/liblagom-xml.0.0.0.dylib  lib/liblagom-idl.0.0.0.dylib  lib/liblagom-tls.0.0.0.dylib  lib/liblagom-requests.0.0.0.dylib  lib/liblagom-gc.0.0.0.dylib  vcpkg_installed/arm64-osx-dynamic/lib/libskia.dylib  vcpkg_installed/arm64-osx-dynamic/lib/liblibEGL_angle.dylib  vcpkg_installed/arm64-osx-dynamic/lib/liblibGLESv2_angle.dylib  vcpkg_installed/arm64-osx-dynamic/lib/libSDL3.0.dylib  vcpkg_installed/arm64-osx-dynamic/lib/libxml2.16.1.0.dylib  -framework Python  vcpkg_installed/arm64-osx-dynamic/lib/libssl.dylib  vcpkg_installed/arm64-osx-dynamic/lib/libcrypto.dylib  lib/liblagom-gfx.0.0.0.dylib  lib/liblagom-compress.0.0.0.dylib  lib/liblagom-ipc.0.0.0.dylib  lib/liblagom-threading.0.0.0.dylib  lib/liblagom-core.0.0.0.dylib  lib/liblagom-url.0.0.0.dylib  lib/liblagom-crypto.0.0.0.dylib  vcpkg_installed/arm64-osx-dynamic/lib/libcrypto.dylib  lib/liblagom-regex.0.0.0.dylib  lib/liblagom-textcodec.0.0.0.dylib  lib/liblagom-unicode.0.0.0.dylib  lib/liblagom-coreminimal.0.0.0.dylib  lib/liblagom-ak.0.0.0.dylib  -framework CoreFoundation  -framework CoreServices  -framework IOSurface  -framework Accelerate  -framework ApplicationServices  -framework OpenGL  -framework AppKit  -framework Foundation  -framework Metal  vcpkg_installed/arm64-osx-dynamic/lib/libfontconfig.dylib  vcpkg_installed/arm64-osx-dynamic/lib/libfreetype.dylib  vcpkg_installed/arm64-osx-dynamic/lib/libexpat.dylib  vcpkg_installed/arm64-osx-dynamic/lib/libturbojpeg.dylib  vcpkg_installed/arm64-osx-dynamic/lib/libjpeg.dylib  vcpkg_installed/arm64-osx-dynamic/lib/libz.dylib  vcpkg_installed/arm64-osx-dynamic/lib/libharfbuzz-subset.dylib  vcpkg_installed/arm64-osx-dynamic/lib/libharfbuzz.dylib  vcpkg_installed/arm64-osx-dynamic/lib/libpng16.dylib  vcpkg_installed/arm64-osx-dynamic/lib/libwebpdecoder.dylib  vcpkg_installed/arm64-osx-dynamic/lib/libwebpdemux.dylib  vcpkg_installed/arm64-osx-dynamic/lib/libwebpmux.dylib  vcpkg_installed/arm64-osx-dynamic/lib/libwebp.dylib  -ldl && :
ld: framework 'Python' not found
clang++: error: linker command failed with exit code 1 (use -v to see invocation)
ninja: build stopped: subcommand failed.
